Component: ARM Compiler 5.06 update 6 (build 750) Tool: armlink [4d35ed]

==============================================================================

Section Cross References

    startup_stm32f302xc.o(RESET) refers to startup_stm32f302xc.o(STACK) for __initial_sp
    startup_stm32f302xc.o(RESET) refers to startup_stm32f302xc.o(.text) for Reset_Handler
    startup_stm32f302xc.o(RESET) refers to stm32f3xx_it.o(i.NMI_Handler) for NMI_Handler
    startup_stm32f302xc.o(RESET) refers to stm32f3xx_it.o(i.HardFault_Handler) for HardFault_Handler
    startup_stm32f302xc.o(RESET) refers to stm32f3xx_it.o(i.MemManage_Handler) for MemManage_Handler
    startup_stm32f302xc.o(RESET) refers to stm32f3xx_it.o(i.BusFault_Handler) for BusFault_Handler
    startup_stm32f302xc.o(RESET) refers to stm32f3xx_it.o(i.UsageFault_Handler) for UsageFault_Handler
    startup_stm32f302xc.o(RESET) refers to port.o(.emb_text) for SVC_Handler
    startup_stm32f302xc.o(RESET) refers to stm32f3xx_it.o(i.DebugMon_Handler) for DebugMon_Handler
    startup_stm32f302xc.o(RESET) refers to stm32f3xx_it.o(i.SysTick_Handler) for SysTick_Handler
    startup_stm32f302xc.o(RESET) refers to stm32f3xx_it.o(i.DMA1_Channel4_IRQHandler) for DMA1_Channel4_IRQHandler
    startup_stm32f302xc.o(RESET) refers to stm32f3xx_it.o(i.DMA1_Channel5_IRQHandler) for DMA1_Channel5_IRQHandler
    startup_stm32f302xc.o(RESET) refers to stm32f3xx_it.o(i.DMA1_Channel6_IRQHandler) for DMA1_Channel6_IRQHandler
    startup_stm32f302xc.o(RESET) refers to stm32f3xx_it.o(i.DMA1_Channel7_IRQHandler) for DMA1_Channel7_IRQHandler
    startup_stm32f302xc.o(RESET) refers to stm32f3xx_it.o(i.USART1_IRQHandler) for USART1_IRQHandler
    startup_stm32f302xc.o(RESET) refers to stm32f3xx_it.o(i.USART2_IRQHandler) for USART2_IRQHandler
    startup_stm32f302xc.o(RESET) refers to stm32f3xx_it.o(i.EXTI15_10_IRQHandler) for EXTI15_10_IRQHandler
    startup_stm32f302xc.o(RESET) refers to stm32f3xx_it.o(i.TIM6_DAC_IRQHandler) for TIM6_DAC_IRQHandler
    startup_stm32f302xc.o(.text) refers to system_stm32f3xx.o(i.SystemInit) for SystemInit
    startup_stm32f302xc.o(.text) refers to entry.o(.ARM.Collect$$$$00000000) for __main
    main.o(i.SystemClock_Config) refers to stm32f3xx_hal_rcc.o(i.HAL_RCC_OscConfig) for HAL_RCC_OscConfig
    main.o(i.SystemClock_Config) refers to main.o(i._Error_Handler) for _Error_Handler
    main.o(i.SystemClock_Config) refers to stm32f3xx_hal_rcc.o(i.HAL_RCC_ClockConfig) for HAL_RCC_ClockConfig
    main.o(i.SystemClock_Config) refers to stm32f3xx_hal_rcc_ex.o(i.HAL_RCCEx_PeriphCLKConfig) for HAL_RCCEx_PeriphCLKConfig
    main.o(i.SystemClock_Config) refers to stm32f3xx_hal_rcc.o(i.HAL_RCC_GetHCLKFreq) for HAL_RCC_GetHCLKFreq
    main.o(i.SystemClock_Config) refers to stm32f3xx_hal_cortex.o(i.HAL_SYSTICK_Config) for HAL_SYSTICK_Config
    main.o(i.SystemClock_Config) refers to stm32f3xx_hal_cortex.o(i.HAL_SYSTICK_CLKSourceConfig) for HAL_SYSTICK_CLKSourceConfig
    main.o(i.SystemClock_Config) refers to stm32f3xx_hal_cortex.o(i.HAL_NVIC_SetPriority) for HAL_NVIC_SetPriority
    main.o(i._Error_Handler) refers to printf5.o(i.__0printf$5) for __2printf
    main.o(i.main) refers to stm32f3xx_hal.o(i.HAL_Init) for HAL_Init
    main.o(i.main) refers to main.o(i.SystemClock_Config) for SystemClock_Config
    main.o(i.main) refers to gpio.o(i.MX_GPIO_Init) for MX_GPIO_Init
    main.o(i.main) refers to dma.o(i.MX_DMA_Init) for MX_DMA_Init
    main.o(i.main) refers to spi.o(i.MX_SPI2_Init) for MX_SPI2_Init
    main.o(i.main) refers to spi.o(i.MX_SPI3_Init) for MX_SPI3_Init
    main.o(i.main) refers to tim.o(i.MX_TIM1_Init) for MX_TIM1_Init
    main.o(i.main) refers to tim.o(i.MX_TIM2_Init) for MX_TIM2_Init
    main.o(i.main) refers to usart.o(i.MX_USART1_UART_Init) for MX_USART1_UART_Init
    main.o(i.main) refers to usart.o(i.MX_USART2_UART_Init) for MX_USART2_UART_Init
    main.o(i.main) refers to tim.o(i.MX_TIM6_Init) for MX_TIM6_Init
    main.o(i.main) refers to tim.o(i.MX_TIM3_Init) for MX_TIM3_Init
    main.o(i.main) refers to stm32f3xx_hal_tim.o(i.HAL_TIM_PWM_Start) for HAL_TIM_PWM_Start
    main.o(i.main) refers to cuigui_lcddriver.o(i.CUIGUI_Init) for CUIGUI_Init
    main.o(i.main) refers to ad5662.o(i.AD5662_Init) for AD5662_Init
    main.o(i.main) refers to printf5.o(i.__0printf$5) for __2printf
    main.o(i.main) refers to freertos.o(i.MX_FREERTOS_Init) for MX_FREERTOS_Init
    main.o(i.main) refers to cmsis_os.o(i.osKernelStart) for osKernelStart
    main.o(i.main) refers to tim.o(.bss) for htim3
    gpio.o(i.MX_GPIO_Init) refers to stm32f3xx_hal_gpio.o(i.HAL_GPIO_WritePin) for HAL_GPIO_WritePin
    gpio.o(i.MX_GPIO_Init) refers to stm32f3xx_hal_gpio.o(i.HAL_GPIO_Init) for HAL_GPIO_Init
    gpio.o(i.MX_GPIO_Init) refers to stm32f3xx_hal_cortex.o(i.HAL_NVIC_SetPriority) for HAL_NVIC_SetPriority
    gpio.o(i.MX_GPIO_Init) refers to stm32f3xx_hal_cortex.o(i.HAL_NVIC_EnableIRQ) for HAL_NVIC_EnableIRQ
[...]
    acGUI_Fontsongti12_6B8A                  0x0800d6e8   Data          24  songti12.o(.constdata)
    acGUI_Fontsongti12_6CA1                  0x0800d700   Data          24  songti12.o(.constdata)
    acGUI_Fontsongti12_6CE2                  0x0800d718   Data          24  songti12.o(.constdata)
    acGUI_Fontsongti12_6D41                  0x0800d730   Data          24  songti12.o(.constdata)
    acGUI_Fontsongti12_6D4B                  0x0800d748   Data          24  songti12.o(.constdata)
    acGUI_Fontsongti12_6D53                  0x0800d760   Data          24  songti12.o(.constdata)
    acGUI_Fontsongti12_6E05                  0x0800d778   Data          24  songti12.o(.constdata)
    acGUI_Fontsongti12_6E29                  0x0800d790   Data          24  songti12.o(.constdata)
    acGUI_Fontsongti12_70B9                  0x0800d7a8   Data          24  songti12.o(.constdata)
    acGUI_Fontsongti12_7279                  0x0800d7c0   Data          24  songti12.o(.constdata)
    acGUI_Fontsongti12_72B6                  0x0800d7d8   Data          24  songti12.o(.constdata)
    acGUI_Fontsongti12_7387                  0x0800d7f0   Data          24  songti12.o(.constdata)
    acGUI_Fontsongti12_7528                  0x0800d808   Data          24  songti12.o(.constdata)
    acGUI_Fontsongti12_7535                  0x0800d820   Data          24  songti12.o(.constdata)
    acGUI_Fontsongti12_754C                  0x0800d838   Data          24  songti12.o(.constdata)
    acGUI_Fontsongti12_76CA                  0x0800d850   Data          24  songti12.o(.constdata)
    acGUI_Fontsongti12_76EE                  0x0800d868   Data          24  songti12.o(.constdata)
    acGUI_Fontsongti12_76F8                  0x0800d880   Data          24  songti12.o(.constdata)
    acGUI_Fontsongti12_771F                  0x0800d898   Data          24  songti12.o(.constdata)
    acGUI_Fontsongti12_77AC                  0x0800d8b0   Data          24  songti12.o(.constdata)
    acGUI_Fontsongti12_7801                  0x0800d8c8   Data          24  songti12.o(.constdata)
    acGUI_Fontsongti12_793A                  0x0800d8e0   Data          24  songti12.o(.constdata)
    acGUI_Fontsongti12_79BB                  0x0800d8f8   Data          24  songti12.o(.constdata)
    acGUI_Fontsongti12_79EF                  0x0800d910   Data          24  songti12.o(.constdata)
    acGUI_Fontsongti12_7A0B                  0x0800d928   Data          24  songti12.o(.constdata)
    acGUI_Fontsongti12_7AEF                  0x0800d940   Data          24  songti12.o(.constdata)
    acGUI_Fontsongti12_7BA1                  0x0800d958   Data          24  songti12.o(.constdata)
    acGUI_Fontsongti12_7C7B                  0x0800d970   Data          24  songti12.o(.constdata)
    acGUI_Fontsongti12_7CFB                  0x0800d988   Data          24  songti12.o(.constdata)
    acGUI_Fontsongti12_7D2F                  0x0800d9a0   Data          24  songti12.o(.constdata)
    acGUI_Fontsongti12_7EA7                  0x0800d9b8   Data          24  songti12.o(.constdata)
    acGUI_Fontsongti12_7EBF                  0x0800d9d0   Data          24  songti12.o(.constdata)
    acGUI_Fontsongti12_7EC4                  0x0800d9e8   Data          24  songti12.o(.constdata)
    acGUI_Fontsongti12_7EDF                  0x0800da00   Data          24  songti12.o(.constdata)
    acGUI_Fontsongti12_7EED                  0x0800da18   Data          24  songti12.o(.constdata)
    acGUI_Fontsongti12_7EF4                  0x0800da30   Data          24  songti12.o(.constdata)
    acGUI_Fontsongti12_7F6E                  0x0800da48   Data          24  songti12.o(.constdata)
    acGUI_Fontsongti12_8003                  0x0800da60   Data          24  songti12.o(.constdata)
    acGUI_Fontsongti12_80FD                  0x0800da78   Data          24  songti12.o(.constdata)
    acGUI_Fontsongti12_8109                  0x0800da90   Data          24  songti12.o(.constdata)
    acGUI_Fontsongti12_81EA                  0x0800daa8   Data          24  songti12.o(.constdata)
    acGUI_Fontsongti12_83DC                  0x0800dac0   Data          24  songti12.o(.constdata)
    acGUI_Fontsongti12_8865                  0x0800dad8   Data          24  songti12.o(.constdata)
    acGUI_Fontsongti12_8868                  0x0800daf0   Data          24  songti12.o(.constdata)
    acGUI_Fontsongti12_8981                  0x0800db08   Data          24  songti12.o(.constdata)
    acGUI_Fontsongti12_8A00                  0x0800db20   Data          24  songti12.o(.constdata)
    acGUI_Fontsongti12_8B66                  0x0800db38   Data          24  songti12.o(.constdata)
    acGUI_Fontsongti12_8BA1                  0x0800db50   Data          24  songti12.o(.constdata)
    acGUI_Fontsongti12_8BA4                  0x0800db68   Data          24  songti12.o(.constdata)
    acGUI_Fontsongti12_8BAF                  0x0800db80   Data          24  songti12.o(.constdata)
    acGUI_Fontsongti12_8BBE                  0x0800db98   Data          24  songti12.o(.constdata)
    acGUI_Fontsongti12_8BED                  0x0800dbb0   Data          24  songti12.o(.constdata)
    acGUI_Fontsongti12_8C03                  0x0800dbc8   Data          24  songti12.o(.constdata)
    acGUI_Fontsongti12_8D28                  0x0800dbe0   Data          24  songti12.o(.constdata)
    acGUI_Fontsongti12_8D85                  0x0800dbf8   Data          24  songti12.o(.constdata)
    acGUI_Fontsongti12_8F85                  0x0800dc10   Data          24  songti12.o(.constdata)
    acGUI_Fontsongti12_8F93                  0x0800dc28   Data          24  songti12.o(.constdata)
    acGUI_Fontsongti12_8FA8                  0x0800dc40   Data          24  songti12.o(.constdata)
    acGUI_Fontsongti12_8FD4                  0x0800dc58   Data          24  songti12.o(.constdata)
    acGUI_Fontsongti12_8FDE                  0x0800dc70   Data          24  songti12.o(.constdata)
    acGUI_Fontsongti12_9000                  0x0800dc88   Data          24  songti12.o(.constdata)
    acGUI_Fontsongti12_9009                  0x0800dca0   Data          24  songti12.o(.constdata)
    acGUI_Fontsongti12_901A                  0x0800dcb8   Data          24  songti12.o(.constdata)
    acGUI_Fontsongti12_901F                  0x0800dcd0   Data          24  songti12.o(.constdata)
    acGUI_Fontsongti12_90E8                  0x0800dce8   Data          24  songti12.o(.constdata)
    acGUI_Fontsongti12_914D                  0x0800dd00   Data          24  songti12.o(.constdata)
    acGUI_Fontsongti12_91CF                  0x0800dd18   Data          24  songti12.o(.constdata)
    acGUI_Fontsongti12_952E                  0x0800dd30   Data          24  songti12.o(.constdata)
    acGUI_Fontsongti12_95ED                  0x0800dd48   Data          24  songti12.o(.constdata)
    acGUI_Fontsongti12_95F4                  0x0800dd60   Data          24  songti12.o(.constdata)
    acGUI_Fontsongti12_9600                  0x0800dd78   Data          24  songti12.o(.constdata)
    acGUI_Fontsongti12_963B                  0x0800dd90   Data          24  songti12.o(.constdata)
    acGUI_Fontsongti12_9645                  0x0800dda8   Data          24  songti12.o(.constdata)
    acGUI_Fontsongti12_9650                  0x0800ddc0   Data          24  songti12.o(.constdata)
    acGUI_Fontsongti12_9664                  0x0800ddd8   Data          24  songti12.o(.constdata)
    acGUI_Fontsongti12_969C                  0x0800ddf0   Data          24  songti12.o(.constdata)
    acGUI_Fontsongti12_96F6                  0x0800de08   Data          24  songti12.o(.constdata)
    acGUI_Fontsongti12_9762                  0x0800de20   Data          24  songti12.o(.constdata)
    acGUI_Fontsongti12_9891                  0x0800de38   Data          24  songti12.o(.constdata)
    acGUI_Fontsongti12_9A71                  0x0800de50   Data          24  songti12.o(.constdata)
    acGUI_Fontsongti12_9A8C                  0x0800de68   Data          24  songti12.o(.constdata)
    acGUI_Fontsongti12_9ED8                  0x0800de80   Data          24  songti12.o(.constdata)
    GUI_Fontsongti12_CharInfo                0x0800de98   Data        2368  songti12.o(.constdata)
    GUI_Fontsongti12_Prop195                 0x0800e7d8   Data          12  songti12.o(.constdata)
    GUI_Fontsongti12_Prop194                 0x0800e7e4   Data          12  songti12.o(.constdata)
    GUI_Fontsongti12_Prop193                 0x0800e7f0   Data          12  songti12.o(.constdata)
    GUI_Fontsongti12_Prop192                 0x0800e7fc   Data          12  songti12.o(.constdata)
    GUI_Fontsongti12_Prop191                 0x0800e808   Data          12  songti12.o(.constdata)
    GUI_Fontsongti12_Prop190                 0x0800e814   Data          12  songti12.o(.constdata)
    GUI_Fontsongti12_Prop189                 0x0800e820   Data          12  songti12.o(.constdata)
    GUI_Fontsongti12_Prop188                 0x0800e82c   Data          12  songti12.o(.constdata)
    GUI_Fontsongti12_Prop187                 0x0800e838   Data          12  songti12.o(.constdata)
    GUI_Fontsongti12_Prop186                 0x0800e844   Data          12  songti12.o(.constdata)
    GUI_Fontsongti12_Prop185                 0x0800e850   Data          12  songti12.o(.constdata)
    GUI_Fontsongti12_Prop184                 0x0800e85c   Data          12  songti12.o(.constdata)
    GUI_Fontsongti12_Prop183                 0x0800e868   Data          12  songti12.o(.constdata)
    GUI_Fontsongti12_Prop182                 0x0800e874   Data          12  songti12.o(.constdata)
    GUI_Fontsongti12_Prop181                 0x0800e880   Data          12  songti12.o(.constdata)
    GUI_Fontsongti12_Prop180                 0x0800e88c   Data          12  songti12.o(.constdata)
    GUI_Fontsongti12_Prop179                 0x0800e898   Data          12  songti12.o(.constdata)
    GUI_Fontsongti12_Prop178                 0x0800e8a4   Data          12  songti12.o(.constdata)
    GUI_Fontsongti12_Prop177                 0x0800e8b0   Data          12  songti12.o(.constdata)
    GUI_Fontsongti12_Prop176                 0x0800e8bc   Data          12  songti12.o(.constdata)
    GUI_Fontsongti12_Prop175                 0x0800e8c8   Data          12  songti12.o(.constdata)
    GUI_Fontsongti12_Prop174                 0x0800e8d4   Data          12  songti12.o(.constdata)
    GUI_Fontsongti12_Prop173                 0x0800e8e0   Data          12  songti12.o(.constdata)
    GUI_Fontsongti12_Prop172                 0x0800e8ec   Data          12  songti12.o(.constdata)
    GUI_Fontsongti12_Prop171                 0x0800e8f8   Data          12  songti12.o(.constdata)
    GUI_Fontsongti12_Prop170                 0x0800e904   Data          12  songti12.o(.constdata)
    GUI_Fontsongti12_Prop169                 0x0800e910   Data          12  songti12.o(.constdata)
    GUI_Fontsongti12_Prop168                 0x0800e91c   Data          12  songti12.o(.constdata)
    GUI_Fontsongti12_Prop167                 0x0800e928   Data          12  songti12.o(.constdata)
    GUI_Fontsongti12_Prop166                 0x0800e934   Data          12  songti12.o(.constdata)
    GUI_Fontsongti12_Prop165                 0x0800e940   Data          12  songti12.o(.constdata)
    GUI_Fontsongti12_Prop164                 0x0800e94c   Data          12  songti12.o(.constdata)
    GUI_Fontsongti12_Prop163                 0x0800e958   Data          12  songti12.o(.constdata)
    GUI_Fontsongti12_Prop162                 0x0800e964   Data          12  songti12.o(.constdata)
    GUI_Fontsongti12_Prop161                 0x0800e970   Data          12  songti12.o(.constdata)
    GUI_Fontsongti12_Prop160                 0x0800e97c   Data          12  songti12.o(.constdata)
    GUI_Fontsongti12_Prop159                 0x0800e988   Data          12  songti12.o(.constdata)
    GUI_Fontsongti12_Prop158                 0x0800e994   Data          12  songti12.o(.constdata)
    GUI_Fontsongti12_Prop157                 0x0800e9a0   Data          12  songti12.o(.constdata)
    GUI_Fontsongti12_Prop156                 0x0800e9ac   Data          12  songti12.o(.constdata)
    GUI_Fontsongti12_Prop155                 0x0800e9b8   Data          12  songti12.o(.constdata)
    GUI_Fontsongti12_Prop154                 0x0800e9c4   Data          12  songti12.o(.constdata)
    GUI_Fontsongti12_Prop153                 0x0800e9d0   Data          12  songti12.o(.constdata)
    GUI_Fontsongti12_Prop152                 0x0800e9dc   Data          12  songti12.o(.constdata)
    GUI_Fontsongti12_Prop151                 0x0800e9e8   Data          12  songti12.o(.constdata)
    GUI_Fontsongti12_Prop150                 0x0800e9f4   Data          12  songti12.o(.constdata)
    GUI_Fontsongti12_Prop149                 0x0800ea00   Data          12  songti12.o(.constdata)
    GUI_Fontsongti12_Prop148                 0x0800ea0c   Data          12  songti12.o(.constdata)
    GUI_Fontsongti12_Prop147                 0x0800ea18   Data          12  songti12.o(.constdata)
    GUI_Fontsongti12_Prop146                 0x0800ea24   Data          12  songti12.o(.constdata)
    GUI_Fontsongti12_Prop145                 0x0800ea30   Data          12  songti12.o(.constdata)
    GUI_Fontsongti12_Prop144                 0x0800ea3c   Data          12  songti12.o(.constdata)
    GUI_Fontsongti12_Prop143                 0x0800ea48   Data          12  songti12.o(.constdata)
    GUI_Fontsongti12_Prop142                 0x0800ea54   Data          12  songti12.o(.constdata)
    GUI_Fontsongti12_Prop141                 0x0800ea60   Data          12  songti12.o(.constdata)
    GUI_Fontsongti12_Prop140                 0x0800ea6c   Data          12  songti12.o(.constdata)
    GUI_Fontsongti12_Prop139                 0x0800ea78   Data          12  songti12.o(.constdata)
    GUI_Fontsongti12_Prop138                 0x0800ea84   Data          12  songti12.o(.constdata)
    GUI_Fontsongti12_Prop137                 0x0800ea90   Data          12  songti12.o(.constdata)
    GUI_Fontsongti12_Prop136                 0x0800ea9c   Data          12  songti12.o(.constdata)
    GUI_Fontsongti12_Prop135                 0x0800eaa8   Data          12  songti12.o(.constdata)
    GUI_Fontsongti12_Prop134                 0x0800eab4   Data          12  songti12.o(.constdata)
    GUI_Fontsongti12_Prop133                 0x0800eac0   Data          12  songti12.o(.constdata)
    GUI_Fontsongti12_Prop132                 0x0800eacc   Data          12  songti12.o(.constdata)
    GUI_Fontsongti12_Prop131                 0x0800ead8   Data          12  songti12.o(.constdata)
    GUI_Fontsongti12_Prop130                 0x0800eae4   Data          12  songti12.o(.constdata)
    GUI_Fontsongti12_Prop129                 0x0800eaf0   Data          12  songti12.o(.constdata)
    GUI_Fontsongti12_Prop128                 0x0800eafc   Data          12  songti12.o(.constdata)
    GUI_Fontsongti12_Prop127                 0x0800eb08   Data          12  songti12.o(.constdata)
    GUI_Fontsongti12_Prop126                 0x0800eb14   Data          12  songti12.o(.constdata)
    GUI_Fontsongti12_Prop125                 0x0800eb20   Data          12  songti12.o(.constdata)
    GUI_Fontsongti12_Prop124                 0x0800eb2c   Data          12  songti12.o(.constdata)
    GUI_Fontsongti12_Prop123                 0x0800eb38   Data          12  songti12.o(.constdata)
    GUI_Fontsongti12_Prop122                 0x0800eb44   Data          12  songti12.o(.constdata)
    GUI_Fontsongti12_Prop121                 0x0800eb50   Data          12  songti12.o(.constdata)
    GUI_Fontsongti12_Prop120                 0x0800eb5c   Data          12  songti12.o(.constdata)
    GUI_Fontsongti12_Prop119                 0x0800eb68   Data          12  songti12.o(.constdata)
    GUI_Fontsongti12_Prop118                 0x0800eb74   Data          12  songti12.o(.constdata)
    GUI_Fontsongti12_Prop117                 0x0800eb80   Data          12  songti12.o(.constdata)
    GUI_Fontsongti12_Prop116                 0x0800eb8c   Data          12  songti12.o(.constdata)
    GUI_Fontsongti12_Prop115                 0x0800eb98   Data          12  songti12.o(.constdata)
    GUI_Fontsongti12_Prop114                 0x0800eba4   Data          12  songti12.o(.constdata)
    GUI_Fontsongti12_Prop113                 0x0800ebb0   Data          12  songti12.o(.constdata)
    GUI_Fontsongti12_Prop112                 0x0800ebbc   Data          12  songti12.o(.constdata)
    GUI_Fontsongti12_Prop111                 0x0800ebc8   Data          12  songti12.o(.constdata)
    GUI_Fontsongti12_Prop110                 0x0800ebd4   Data          12  songti12.o(.constdata)
    GUI_Fontsongti12_Prop109                 0x0800ebe0   Data          12  songti12.o(.constdata)
    GUI_Fontsongti12_Prop108                 0x0800ebec   Data          12  songti12.o(.constdata)
    GUI_Fontsongti12_Prop107                 0x0800ebf8   Data          12  songti12.o(.constdata)
    GUI_Fontsongti12_Prop106                 0x0800ec04   Data          12  songti12.o(.constdata)
    GUI_Fontsongti12_Prop105                 0x0800ec10   Data          12  songti12.o(.constdata)
    GUI_Fontsongti12_Prop104                 0x0800ec1c   Data          12  songti12.o(.constdata)
    GUI_Fontsongti12_Prop103                 0x0800ec28   Data          12  songti12.o(.constdata)
    GUI_Fontsongti12_Prop102                 0x0800ec34   Data          12  songti12.o(.constdata)
    GUI_Fontsongti12_Prop101                 0x0800ec40   Data          12  songti12.o(.constdata)
    GUI_Fontsongti12_Prop100                 0x0800ec4c   Data          12  songti12.o(.constdata)
    GUI_Fontsongti12_Prop99                  0x0800ec58   Data          12  songti12.o(.constdata)
    GUI_Fontsongti12_Prop98                  0x0800ec64   Data          12  songti12.o(.constdata)
    GUI_Fontsongti12_Prop97                  0x0800ec70   Data          12  songti12.o(.constdata)
    GUI_Fontsongti12_Prop96                  0x0800ec7c   Data          12  songti12.o(.constdata)
    GUI_Fontsongti12_Prop95                  0x0800ec88   Data          12  songti12.o(.constdata)
    GUI_Fontsongti12_Prop94                  0x0800ec94   Data          12  songti12.o(.constdata)
    GUI_Fontsongti12_Prop93                  0x0800eca0   Data          12  songti12.o(.constdata)
    GUI_Fontsongti12_Prop92                  0x0800ecac   Data          12  songti12.o(.constdata)
    GUI_Fontsongti12_Prop91                  0x0800ecb8   Data          12  songti12.o(.constdata)
    GUI_Fontsongti12_Prop90                  0x0800ecc4   Data          12  songti12.o(.constdata)
    GUI_Fontsongti12_Prop89                  0x0800ecd0   Data          12  songti12.o(.constdata)
    GUI_Fontsongti12_Prop88                  0x0800ecdc   Data          12  songti12.o(.constdata)
    GUI_Fontsongti12_Prop87                  0x0800ece8   Data          12  songti12.o(.constdata)
    GUI_Fontsongti12_Prop86                  0x0800ecf4   Data          12  songti12.o(.constdata)
    GUI_Fontsongti12_Prop85                  0x0800ed00   Data          12  songti12.o(.constdata)
    GUI_Fontsongti12_Prop84                  0x0800ed0c   Data          12  songti12.o(.constdata)
    GUI_Fontsongti12_Prop83                  0x0800ed18   Data          12  songti12.o(.constdata)
    GUI_Fontsongti12_Prop82                  0x0800ed24   Data          12  songti12.o(.constdata)
    GUI_Fontsongti12_Prop81                  0x0800ed30   Data          12  songti12.o(.constdata)
    GUI_Fontsongti12_Prop80                  0x0800ed3c   Data          12  songti12.o(.constdata)
    GUI_Fontsongti12_Prop79                  0x0800ed48   Data          12  songti12.o(.constdata)
    GUI_Fontsongti12_Prop78                  0x0800ed54   Data          12  songti12.o(.constdata)
    GUI_Fontsongti12_Prop77                  0x0800ed60   Data          12  songti12.o(.constdata)
    GUI_Fontsongti12_Prop76                  0x0800ed6c   Data          12  songti12.o(.constdata)
    GUI_Fontsongti12_Prop75                  0x0800ed78   Data          12  songti12.o(.constdata)
    GUI_Fontsongti12_Prop74                  0x0800ed84   Data          12  songti12.o(.constdata)
    GUI_Fontsongti12_Prop73                  0x0800ed90   Data          12  songti12.o(.constdata)
    GUI_Fontsongti12_Prop72                  0x0800ed9c   Data          12  songti12.o(.constdata)
    GUI_Fontsongti12_Prop71                  0x0800eda8   Data          12  songti12.o(.constdata)
    GUI_Fontsongti12_Prop70                  0x0800edb4   Data          12  songti12.o(.constdata)
    GUI_Fontsongti12_Prop69                  0x0800edc0   Data          12  songti12.o(.constdata)
    GUI_Fontsongti12_Prop68                  0x0800edcc   Data          12  songti12.o(.constdata)
    GUI_Fontsongti12_Prop67                  0x0800edd8   Data          12  songti12.o(.constdata)
    GUI_Fontsongti12_Prop66                  0x0800ede4   Data          12  songti12.o(.constdata)
    GUI_Fontsongti12_Prop65                  0x0800edf0   Data          12  songti12.o(.constdata)
    GUI_Fontsongti12_Prop64                  0x0800edfc   Data          12  songti12.o(.constdata)
    GUI_Fontsongti12_Prop63                  0x0800ee08   Data          12  songti12.o(.constdata)
    GUI_Fontsongti12_Prop62                  0x0800ee14   Data          12  songti12.o(.constdata)
    GUI_Fontsongti12_Prop61                  0x0800ee20   Data          12  songti12.o(.constdata)
    GUI_Fontsongti12_Prop60                  0x0800ee2c   Data          12  songti12.o(.constdata)
    GUI_Fontsongti12_Prop59                  0x0800ee38   Data          12  songti12.o(.constdata)
    GUI_Fontsongti12_Prop58                  0x0800ee44   Data          12  songti12.o(.constdata)
    GUI_Fontsongti12_Prop57                  0x0800ee50   Data          12  songti12.o(.constdata)
    GUI_Fontsongti12_Prop56                  0x0800ee5c   Data          12  songti12.o(.constdata)
    GUI_Fontsongti12_Prop55                  0x0800ee68   Data          12  songti12.o(.constdata)
    GUI_Fontsongti12_Prop54                  0x0800ee74   Data          12  songti12.o(.constdata)
    GUI_Fontsongti12_Prop53                  0x0800ee80   Data          12  songti12.o(.constdata)
    GUI_Fontsongti12_Prop52                  0x0800ee8c   Data          12  songti12.o(.constdata)
    GUI_Fontsongti12_Prop51                  0x0800ee98   Data          12  songti12.o(.constdata)
    GUI_Fontsongti12_Prop50                  0x0800eea4   Data          12  songti12.o(.constdata)
    GUI_Fontsongti12_Prop49                  0x0800eeb0   Data          12  songti12.o(.constdata)
    GUI_Fontsongti12_Prop48                  0x0800eebc   Data          12  songti12.o(.constdata)
    GUI_Fontsongti12_Prop47                  0x0800eec8   Data          12  songti12.o(.constdata)
    GUI_Fontsongti12_Prop46                  0x0800eed4   Data          12  songti12.o(.constdata)
    GUI_Fontsongti12_Prop45                  0x0800eee0   Data          12  songti12.o(.constdata)
    GUI_Fontsongti12_Prop44                  0x0800eeec   Data          12  songti12.o(.constdata)
    GUI_Fontsongti12_Prop43                  0x0800eef8   Data          12  songti12.o(.constdata)
    GUI_Fontsongti12_Prop42                  0x0800ef04   Data          12  songti12.o(.constdata)
    GUI_Fontsongti12_Prop41                  0x0800ef10   Data          12  songti12.o(.constdata)
    GUI_Fontsongti12_Prop40                  0x0800ef1c   Data          12  songti12.o(.constdata)
    GUI_Fontsongti12_Prop39                  0x0800ef28   Data          12  songti12.o(.constdata)
    GUI_Fontsongti12_Prop38                  0x0800ef34   Data          12  songti12.o(.constdata)
    GUI_Fontsongti12_Prop37                  0x0800ef40   Data          12  songti12.o(.constdata)
    GUI_Fontsongti12_Prop36                  0x0800ef4c   Data          12  songti12.o(.constdata)
    GUI_Fontsongti12_Prop35                  0x0800ef58   Data          12  songti12.o(.constdata)
    GUI_Fontsongti12_Prop34                  0x0800ef64   Data          12  songti12.o(.constdata)
    GUI_Fontsongti12_Prop33                  0x0800ef70   Data          12  songti12.o(.constdata)
    GUI_Fontsongti12_Prop32                  0x0800ef7c   Data          12  songti12.o(.constdata)
    GUI_Fontsongti12_Prop31                  0x0800ef88   Data          12  songti12.o(.constdata)
    GUI_Fontsongti12_Prop30                  0x0800ef94   Data          12  songti12.o(.constdata)
    GUI_Fontsongti12_Prop29                  0x0800efa0   Data          12  songti12.o(.constdata)
    GUI_Fontsongti12_Prop28                  0x0800efac   Data          12  songti12.o(.constdata)
    GUI_Fontsongti12_Prop27                  0x0800efb8   Data          12  songti12.o(.constdata)
    GUI_Fontsongti12_Prop26                  0x0800efc4   Data          12  songti12.o(.constdata)
    GUI_Fontsongti12_Prop25                  0x0800efd0   Data          12  songti12.o(.constdata)
    GUI_Fontsongti12_Prop24                  0x0800efdc   Data          12  songti12.o(.constdata)
    GUI_Fontsongti12_Prop23                  0x0800efe8   Data          12  songti12.o(.constdata)
    GUI_Fontsongti12_Prop22                  0x0800eff4   Data          12  songti12.o(.constdata)
    GUI_Fontsongti12_Prop21                  0x0800f000   Data          12  songti12.o(.constdata)
    GUI_Fontsongti12_Prop20                  0x0800f00c   Data          12  songti12.o(.constdata)
    GUI_Fontsongti12_Prop19                  0x0800f018   Data          12  songti12.o(.constdata)
    GUI_Fontsongti12_Prop18                  0x0800f024   Data          12  songti12.o(.constdata)
    GUI_Fontsongti12_Prop17                  0x0800f030   Data          12  songti12.o(.constdata)
    GUI_Fontsongti12_Prop16                  0x0800f03c   Data          12  songti12.o(.constdata)
    GUI_Fontsongti12_Prop15                  0x0800f048   Data          12  songti12.o(.constdata)
    GUI_Fontsongti12_Prop14                  0x0800f054   Data          12  songti12.o(.constdata)
    GUI_Fontsongti12_Prop13                  0x0800f060   Data          12  songti12.o(.constdata)
    GUI_Fontsongti12_Prop12                  0x0800f06c   Data          12  songti12.o(.constdata)
    GUI_Fontsongti12_Prop11                  0x0800f078   Data          12  songti12.o(.constdata)
    GUI_Fontsongti12_Prop10                  0x0800f084   Data          12  songti12.o(.constdata)
    GUI_Fontsongti12_Prop9                   0x0800f090   Data          12  songti12.o(.constdata)
    GUI_Fontsongti12_Prop8                   0x0800f09c   Data          12  songti12.o(.constdata)
    GUI_Fontsongti12_Prop7                   0x0800f0a8   Data          12  songti12.o(.constdata)
    GUI_Fontsongti12_Prop6                   0x0800f0b4   Data          12  songti12.o(.constdata)
    GUI_Fontsongti12_Prop5                   0x0800f0c0   Data          12  songti12.o(.constdata)
    GUI_Fontsongti12_Prop4                   0x0800f0cc   Data          12  songti12.o(.constdata)
    GUI_Fontsongti12_Prop3                   0x0800f0d8   Data          12  songti12.o(.constdata)
    GUI_Fontsongti12_Prop2                   0x0800f0e4   Data          12  songti12.o(.constdata)
    GUI_Fontsongti12_Prop1                   0x0800f0f0   Data          12  songti12.o(.constdata)
    GUI_Fontsongti12                         0x0800f0fc   Data          16  songti12.o(.constdata)
    acGUI_Fontsongti36_002D                  0x0800f10c   Data          99  songti36.o(.constdata)
    acGUI_Fontsongti36_002E                  0x0800f16f   Data          99  songti36.o(.constdata)
    acGUI_Fontsongti36_0030                  0x0800f1d2   Data          99  songti36.o(.constdata)
    acGUI_Fontsongti36_0031                  0x0800f235   Data          99  songti36.o(.constdata)
    acGUI_Fontsongti36_0032                  0x0800f298   Data          99  songti36.o(.constdata)
    acGUI_Fontsongti36_0033                  0x0800f2fb   Data          99  songti36.o(.constdata)
    acGUI_Fontsongti36_0034                  0x0800f35e   Data          99  songti36.o(.constdata)
    acGUI_Fontsongti36_0035                  0x0800f3c1   Data          99  songti36.o(.constdata)
    acGUI_Fontsongti36_0036                  0x0800f424   Data          99  songti36.o(.constdata)
    acGUI_Fontsongti36_0037                  0x0800f487   Data          99  songti36.o(.constdata)
    acGUI_Fontsongti36_0038                  0x0800f4ea   Data          99  songti36.o(.constdata)
    acGUI_Fontsongti36_0039                  0x0800f54d   Data          99  songti36.o(.constdata)
    GUI_Fontsongti36_CharInfo                0x0800f5b0   Data          96  songti36.o(.constdata)
    GUI_Fontsongti36_Prop2                   0x0800f610   Data          12  songti36.o(.constdata)
    GUI_Fontsongti36_Prop1                   0x0800f61c   Data          12  songti36.o(.constdata)
    GUI_Fontsongti36                         0x0800f628   Data          16  songti36.o(.constdata)
    acGUI_Fontsongti24_002D                  0x0800f638   Data          48  songti24.o(.constdata)
    acGUI_Fontsongti24_002E                  0x0800f668   Data          48  songti24.o(.constdata)
    acGUI_Fontsongti24_0030                  0x0800f698   Data          48  songti24.o(.constdata)
    acGUI_Fontsongti24_0031                  0x0800f6c8   Data          48  songti24.o(.constdata)
    acGUI_Fontsongti24_0032                  0x0800f6f8   Data          48  songti24.o(.constdata)
    acGUI_Fontsongti24_0033                  0x0800f728   Data          48  songti24.o(.constdata)
    acGUI_Fontsongti24_0034                  0x0800f758   Data          48  songti24.o(.constdata)
    acGUI_Fontsongti24_0035                  0x0800f788   Data          48  songti24.o(.constdata)
    acGUI_Fontsongti24_0036                  0x0800f7b8   Data          48  songti24.o(.constdata)
    acGUI_Fontsongti24_0037                  0x0800f7e8   Data          48  songti24.o(.constdata)
    acGUI_Fontsongti24_0038                  0x0800f818   Data          48  songti24.o(.constdata)
    acGUI_Fontsongti24_0039                  0x0800f848   Data          48  songti24.o(.constdata)
    GUI_Fontsongti24_CharInfo                0x0800f878   Data          96  songti24.o(.constdata)
    GUI_Fontsongti24_Prop2                   0x0800f8d8   Data          12  songti24.o(.constdata)
    GUI_Fontsongti24_Prop1                   0x0800f8e4   Data          12  songti24.o(.constdata)
    GUI_Fontsongti24                         0x0800f8f0   Data          16  songti24.o(.constdata)
    acGUI_Fontsong48_003C                    0x0800f900   Data         144  song48.o(.constdata)
    acGUI_Fontsong48_003E                    0x0800f990   Data         144  song48.o(.constdata)
    GUI_Fontsong48_CharInfo                  0x0800fa20   Data          16  song48.o(.constdata)
    GUI_Fontsong48_Prop2                     0x0800fa30   Data          12  song48.o(.constdata)
    GUI_Fontsong48_Prop1                     0x0800fa3c   Data          12  song48.o(.constdata)
    GUI_Fontsong48                           0x0800fa48   Data          16  song48.o(.constdata)
    Region$$Table$$Base                      0x0801024c   Number         0  anon$$obj.o(Region$$Table)
    Region$$Table$$Limit                     0x0801026c   Number         0  anon$$obj.o(Region$$Table)
    defaultTaskHandle                        0x20000000   Data           4  freertos.o(.data)
    uwTick                                   0x20000004   Data           4  stm32f3xx_hal.o(.data)
    uwTickPrio                               0x20000008   Data           4  stm32f3xx_hal.o(.data)
    uwTickFreq                               0x2000000c   Data           1  stm32f3xx_hal.o(.data)
    SystemCoreClock                          0x20000010   Data           4  system_stm32f3xx.o(.data)
    pxCurrentTCB                             0x20000038   Data           4  tasks.o(.data)
    cuigui_Font                              0x20000090   Data           4  gui.o(.data)
    timerHandle                              0x200000bc   Data           4  task_project.o(.data)
    HighWaterMark_Handle                     0x200000c0   Data           4  task_project.o(.data)
    taskArray                                0x200000c4   Data         144  task_project.o(.data)
    GUI_Handle                               0x20000154   Data           4  gui_task.o(.data)
    key_val                                  0x20000158   Data           1  keyscan_task.o(.data)
    KeyScan_Handle                           0x2000015c   Data           4  keyscan_task.o(.data)
    keyval                                   0x20000160   Data           4  keyscan_task.o(.data)
    modbusReq_Handle                         0x20000170   Data           4  modbus_req_task.o(.data)
    flag_inSetMenu                           0x20000174   Data           1  modbus_req_task.o(.data)
    counter_inSetMenu                        0x20000178   Data           4  modbus_req_task.o(.data)
    req_QueueHandle                          0x2000017c   Data           4  modbus_req_task.o(.data)
    modbusRsp_Handle                         0x20000184   Data           4  modbus_rsp_task.o(.data)
    PWM_T1OUT1Handle                         0x20000188   Data           4  pwm_task.o(.data)
    PWM_T2OUT2Handle                         0x2000018c   Data           4  pwm_task.o(.data)
    PWM_T2OUT3Handle                         0x20000190   Data           4  pwm_task.o(.data)
    PageNumber                               0x20000198   Data           1  dataview.o(.data)
    listINTERFACE                            0x200001c4   Data           4  listview.o(.data)
    ViewExitMenu                             0x200001c8   Data           4  listview.o(.data)
    MainMenu                                 0x200001cc   Data           4  listview.o(.data)
    ViewExitConfig                           0x200001d0   Data           4  listview.o(.data)
    dat0                                     0x200001d4   Data           4  listview.o(.data)
    arraySetZLCeLiangUnits                   0x200001d8   Data          36  listview.o(.data)
    arraySetZLLeiJiUnits                     0x200001fc   Data          12  listview.o(.data)
    arraySetTJCeLiangUnits                   0x20000208   Data          36  listview.o(.data)
    arraySetTJLeiJiUnits                     0x2000022c   Data          12  listview.o(.data)
    arraySetDensityUnits                     0x20000238   Data           8  listview.o(.data)
    arraySetTempUnits                        0x20000240   Data          12  listview.o(.data)
    arrayLLSetMeasureDir                     0x2000024c   Data          16  listview.o(.data)
    arraySelectShowParam                     0x2000025c   Data          24  listview.o(.data)
    arraySelectShowForm                      0x20000274   Data          28  listview.o(.data)
    arryInterface                            0x20000290   Data          12  listview.o(.data)
    arryLanguage                             0x2000029c   Data           8  listview.o(.data)
    arrySelectOutputSignal1                  0x200002a4   Data          16  listview.o(.data)
    arrySelectOutputSignal2                  0x200002b4   Data           8  listview.o(.data)
    arrySelectAlarmParam                     0x200002bc   Data          24  listview.o(.data)
    arrySetAlarmForm                         0x200002d4   Data           8  listview.o(.data)
    arryControlOutput                        0x200002dc   Data           8  listview.o(.data)
    arrySelectControlParam                   0x200002e4   Data           8  listview.o(.data)
    arrySelectControlForm                    0x200002ec   Data           8  listview.o(.data)
    arryZeroResize                           0x200002f4   Data           8  listview.o(.data)
    arryClearCumulants                       0x200002fc   Data           8  listview.o(.data)
    arryQudongFudu                           0x20000304   Data          20  listview.o(.data)
    arryBaud                                 0x20000318   Data          24  listview.o(.data)
    arryAddr                                 0x20000330   Data          40  listview.o(.data)
    arrySelectControlPar                     0x20000358   Data           8  listview.o(.data)
    arryValidControlForm                     0x20000360   Data           8  listview.o(.data)
    reqSendParameters                        0x20000374   Data           8  modbus_config.o(.data)
    switchReqMes                             0x2000037c   Data          64  modbus_req.o(.data)
    switchReqErroMes                         0x200003bc   Data          40  modbus_req.o(.data)
    __stdout                                 0x200003e4   Data           4  stdout.o(.data)
    hspi2                                    0x200003e8   Data         100  spi.o(.bss)
    hspi3                                    0x2000044c   Data         100  spi.o(.bss)
    htim1                                    0x200004b0   Data          64  tim.o(.bss)
    htim2                                    0x200004f0   Data          64  tim.o(.bss)
    htim3                                    0x20000530   Data          64  tim.o(.bss)
    htim6                                    0x20000570   Data          64  tim.o(.bss)
    huart1                                   0x200005b0   Data         112  usart.o(.bss)
    huart2                                   0x20000620   Data         112  usart.o(.bss)
    hdma_usart1_tx                           0x20000690   Data          68  usart.o(.bss)
    hdma_usart1_rx                           0x200006d4   Data          68  usart.o(.bss)
    hdma_usart2_rx                           0x20000718   Data          68  usart.o(.bss)
    hdma_usart2_tx                           0x2000075c   Data          68  usart.o(.bss)
    pFlash                                   0x200007a0   Data          32  stm32f3xx_hal_flash.o(.bss)
    xQueueRegistry                           0x200057c0   Data          96  queue.o(.bss)
    AD7147Registers                          0x20005a3c   Data          96  ad7147_spi.o(.bss)
    arraybuf                                 0x20005ed0   Data          10  gui_task.o(.bss)
    showNature                               0x20005edc   Data          84  gui_task.o(.bss)
    MD_str                                   0x20005f30   Data         244  modbus_req_task.o(.bss)
    MDRsp_str                                0x20006024   Data         244  modbus_rsp_task.o(.bss)
    rspHoldREGDatBuf                         0x20006124   Data         584  modbus_config.o(.bss)
    __initial_sp                             0x20006770   Data           0  startup_stm32f302xc.o(STACK)



==============================================================================

Memory Map of the image

  Image Entry point : 0x08000189

  Load Region LR_IROM1 (Base: 0x08000000, Size: 0x00010654, Max: 0x00020000, ABSOLUTE, COMPRESSED[0x00010414])

    Execution Region ER_IROM1 (Exec base: 0x08000000, Load base: 0x08000000, Size: 0x0001026c, Max: 0x00020000, ABSOLUTE)

    Exec Addr    Load Addr    Size         Type   Attr      Idx    E Section Name        Object

    0x08000000   0x08000000   0x00000188   Data   RO            3    RESET               startup_stm32f302xc.o
    0x08000188   0x08000188   0x00000000   Code   RO         6950  * .ARM.Collect$$$$00000000  mc_w.l(entry.o)
    0x08000188   0x08000188   0x00000004   Code   RO         7234    .ARM.Collect$$$$00000001  mc_w.l(entry2.o)
    0x0800018c   0x0800018c   0x00000004   Code   RO         7237    .ARM.Collect$$$$00000004  mc_w.l(entry5.o)
    0x08000190   0x08000190   0x00000000   Code   RO         7239    .ARM.Collect$$$$00000008  mc_w.l(entry7b.o)
    0x08000190   0x08000190   0x00000000   Code   RO         7241    .ARM.Collect$$$$0000000A  mc_w.l(entry8b.o)
    0x08000190   0x08000190   0x00000008   Code   RO         7242    .ARM.Collect$$$$0000000B  mc_w.l(entry9a.o)
    0x08000198   0x08000198   0x00000000   Code   RO         7244    .ARM.Collect$$$$0000000D  mc_w.l(entry10a.o)
    0x08000198   0x08000198   0x00000000   Code   RO         7246    .ARM.Collect$$$$0000000F  mc_w.l(entry11a.o)
    0x08000198   0x08000198   0x00000004   Code   RO         7235    .ARM.Collect$$$$00002712  mc_w.l(entry2.o)
    0x0800019c   0x0800019c   0x000000ba   Code   RO         3951    .emb_text           port.o
    0x08000256   0x08000256   0x00000002   PAD
    0x08000258   0x08000258   0x00000024   Code   RO            4    .text               startup_stm32f302xc.o
    0x0800027c   0x0800027c   0x00000020   Code   RO         6953    .text               mc_w.l(llushr.o)
    0x0800029c   0x0800029c   0x00000024   Code   RO         6955    .text               mc_w.l(memcpya.o)
    0x080002c0   0x080002c0   0x00000024   Code   RO         6957    .text               mc_w.l(memseta.o)
    0x080002e4   0x080002e4   0x000000e4   Code   RO         7226    .text               mf_w.l(dmul.o)
    0x080003c8   0x080003c8   0x00000022   Code   RO         7228    .text               mf_w.l(dflti.o)
    0x080003ea   0x080003ea   0x0000001a   Code   RO         7230    .text               mf_w.l(dfltui.o)
    0x08000404   0x08000404   0x00000032   Code   RO         7232    .text               mf_w.l(dfixui.o)
    0x08000436   0x08000436   0x00000062   Code   RO         7251    .text               mc_w.l(uldiv.o)
    0x08000498   0x08000498   0x00000000   Code   RO         7253    .text               mc_w.l(iusefp.o)
    0x08000498   0x08000498   0x000000ba   Code   RO         7254    .text               mf_w.l(depilogue.o)
    0x08000552   0x08000552   0x00000002   PAD
    0x08000554   0x08000554   0x00000024   Code   RO         7264    .text               mc_w.l(init.o)
    0x08000578   0x08000578   0x0000001e   Code   RO         7266    .text               mc_w.l(llshl.o)
    0x08000596   0x08000596   0x00000056   Code   RO         7278    .text               mc_w.l(__dczerorl2.o)
    0x080005ec   0x080005ec   0x00000028   Code   RO         5467    i.AD5662_Init       ad5662.o
    0x08000614   0x08000614   0x00000110   Code   RO         5468    i.AD5662_Write      ad5662.o
    0x08000724   0x08000724   0x00000026   Code   RO         5807    i.AddNode2List      menu.o
    0x0800074a   0x0800074a   0x00000004   Code   RO          554    i.BusFault_Handler  stm32f3xx_it.o
    0x0800074e   0x0800074e   0x00000002   PAD
    0x08000750   0x08000750   0x00000038   Code   RO         6503    i.CRC16             crc16.o
    0x08000788   0x08000788   0x00000038   Code   RO         5655    i.CUIGUI_DrawDoubleColorNum  gui.o
    0x080007c0   0x080007c0   0x0000002e   Code   RO         5656    i.CUIGUI_DrawDoubleNum  gui.o
    0x080007ee   0x080007ee   0x0000002a   Code   RO         5657    i.CUIGUI_DrawNum    gui.o
    0x08000818   0x08000818   0x00000014   Code   RO         6021    i.CUIGUI_DrawPoint  cuigui_lcddriver.o
    0x0800082c   0x0800082c   0x00000036   Code   RO         5658    i.CUIGUI_DrawStr    gui.o
    0x08000862   0x08000862   0x00000002   PAD
    0x08000864   0x08000864   0x0000007c   Code   RO         5659    i.CUIGUI_DrawWord   gui.o
    0x080008e0   0x080008e0   0x00000008   Code   RO         6024    i.CUIGUI_Init       cuigui_lcddriver.o
    0x080008e8   0x080008e8   0x000000b2   Code   RO         5662    i.CUIGUI_NumSelect2  gui.o
    0x0800099a   0x0800099a   0x00000002   PAD
    0x0800099c   0x0800099c   0x0000000c   Code   RO         5663    i.CUIGUI_SetFont    gui.o
    0x080009a8   0x080009a8   0x00000034   Code   RO         5264    i.ClearLCD          oled12864.o
    0x080009dc   0x080009dc   0x000002d0   Code   RO         5196    i.ConfigAD7147      ad7147_spi.o
    0x08000cac   0x08000cac   0x00001754   Code   RO         6452    i.CreatALLListMenu  listview.o
    0x08002400   0x08002400   0x0000002c   Code   RO         5809    i.CreatListMenu     menu.o
    0x0800242c   0x0800242c   0x00000034   Code   RO         5810    i.CreatListShowValu  menu.o
    0x08002460   0x08002460   0x0000002c   Code   RO         5811    i.CreatViewMenuExit  menu.o
    0x0800248c   0x0800248c   0x00000034   Code   RO         5812    i.CreatViewMenuValu  menu.o
    0x080024c0   0x080024c0   0x00000034   Code   RO         5813    i.CreatViewSaveFlaseValu  menu.o
    0x080024f4   0x080024f4   0x00000040   Code   RO         5814    i.CreatView_MenuSelec  menu.o
    0x08002534   0x08002534   0x00000040   Code   RO         5815    i.CreatView_SaveFlaseSelec  menu.o
    0x08002574   0x08002574   0x0000001c   Code   RO         5369    i.DLinkList_Create  dlinklist.o
    0x08002590   0x08002590   0x0000000c   Code   RO         5370    i.DLinkList_Current  dlinklist.o
    0x0800259c   0x0800259c   0x00000008   Code   RO         5371    i.DLinkList_CurrentLength  dlinklist.o
    0x080025a4   0x080025a4   0x00000044   Code   RO         5372    i.DLinkList_Delete  dlinklist.o
    0x080025e8   0x080025e8   0x00000046   Code   RO         5373    i.DLinkList_DeleteNode  dlinklist.o
    0x0800262e   0x0800262e   0x0000002c   Code   RO         5375    i.DLinkList_Get     dlinklist.o
    0x0800265a   0x0800265a   0x00000078   Code   RO         5376    i.DLinkList_Insert  dlinklist.o
    0x080026d2   0x080026d2   0x0000000e   Code   RO         5377    i.DLinkList_Length  dlinklist.o
    0x080026e0   0x080026e0   0x0000002a   Code   RO         5378    i.DLinkList_Next    dlinklist.o
    0x0800270a   0x0800270a   0x00000014   Code   RO         5380    i.DLinkList_Reset   dlinklist.o
    0x0800271e   0x0800271e   0x00000002   PAD
    0x08002720   0x08002720   0x00000010   Code   RO          555    i.DMA1_Channel4_IRQHandler  stm32f3xx_it.o
    0x08002730   0x08002730   0x00000010   Code   RO          556    i.DMA1_Channel5_IRQHandler  stm32f3xx_it.o
    0x08002740   0x08002740   0x00000010   Code   RO          557    i.DMA1_Channel6_IRQHandler  stm32f3xx_it.o
    0x08002750   0x08002750   0x00000010   Code   RO          558    i.DMA1_Channel7_IRQHandler  stm32f3xx_it.o
    0x08002760   0x08002760   0x00000040   Code   RO         2778    i.DMA_CalcBaseAndBitshift  stm32f3xx_hal_dma.o
    0x080027a0   0x080027a0   0x0000002c   Code   RO         2779    i.DMA_SetConfig     stm32f3xx_hal_dma.o
    0x080027cc   0x080027cc   0x00000080   Code   RO         6412    i.DataViewKeyScan   dataview.o
    0x0800284c   0x0800284c   0x00000534   Code   RO         6413    i.DataViewMenu      dataview.o
    0x08002d80   0x08002d80   0x00000002   Code   RO          559    i.DebugMon_Handler  stm32f3xx_it.o
    0x08002d82   0x08002d82   0x00000018   Code   RO         5816    i.DeleNodeFromList  menu.o
    0x08002d9a   0x08002d9a   0x00000050   Code   RO         5664    i.DoubletoString    gui.o
    0x08002dea   0x08002dea   0x000000e2   Code   RO         5665    i.DoubletoStringSaveZheng  gui.o
    0x08002ecc   0x08002ecc   0x0000000c   Code   RO          560    i.EXTI15_10_IRQHandler  stm32f3xx_it.o
    0x08002ed8   0x08002ed8   0x00000014   Code   RO         5817    i.EnterChildList    menu.o
    0x08002eec   0x08002eec   0x0000001c   Code   RO         6642    i.ErroOutTime       modbus_req.o
    0x08002f08   0x08002f08   0x00000044   Code   RO         6453    i.ExitConfigKeyScan  listview.o
    0x08002f4c   0x08002f4c   0x000000a0   Code   RO         6454    i.ExitConfigShow    listview.o
    0x08002fec   0x08002fec   0x0000001a   Code   RO         6455    i.ExitMenuFun       listview.o
    0x08003006   0x08003006   0x00000002   PAD
    0x08003008   0x08003008   0x00000028   Code   RO         3259    i.FLASH_MassErase   stm32f3xx_hal_flash_ex.o
    0x08003030   0x08003030   0x00000028   Code   RO         3268    i.FLASH_PageErase   stm32f3xx_hal_flash_ex.o
    0x08003058   0x08003058   0x00000020   Code   RO         3156    i.FLASH_Program_HalfWord  stm32f3xx_hal_flash.o
    0x08003078   0x08003078   0x00000048   Code   RO         3157    i.FLASH_SetErrorCode  stm32f3xx_hal_flash.o
    0x080030c0   0x080030c0   0x0000006c   Code   RO         3158    i.FLASH_WaitForLastOperation  stm32f3xx_hal_flash.o
    0x0800312c   0x0800312c   0x0000007c   Code   RO         5506    i.FlashData_Init    stmflash.o
    0x080031a8   0x080031a8   0x0000002c   Code   RO         5197    i.ForceCalibration  ad7147_spi.o
    0x080031d4   0x080031d4   0x00000034   Code   RO         5666    i.GBK2UNICODE       gui.o
    0x08003208   0x08003208   0x00000134   Code   RO         6122    i.GUI_Task          gui_task.o
    0x0800333c   0x0800333c   0x00000006   Code   RO         5667    i.GetHeightFont     gui.o
    0x08003342   0x08003342   0x00000004   Code   RO         6025    i.GetLCDWidth       cuigui_lcddriver.o
    0x08003346   0x08003346   0x0000000e   Code   RO         5818    i.GetLanguage       menu.o
    0x08003354   0x08003354   0x00000028   Code   RO         5668    i.GetLengthStr      gui.o
    0x0800337c   0x0800337c   0x0000001e   Code   RO         5669    i.GetNumOfStr       gui.o
    0x0800339a   0x0800339a   0x0000003a   Code   RO         5670    i.GetStrLengthAndSaveSide  gui.o
    0x080033d4   0x080033d4   0x0000000c   Code   RO         5671    i.GetUnicode        gui.o
    0x080033e0   0x080033e0   0x00000050   Code   RO         5672    i.GetWordWidth      gui.o
    0x08003430   0x08003430   0x000000b4   Code   RO         6344    i.GetpwmArgs        pwm_task.o
    0x080034e4   0x080034e4   0x00000038   Code   RO         2780    i.HAL_DMA_Abort     stm32f3xx_hal_dma.o
    0x0800351c   0x0800351c   0x00000058   Code   RO         2781    i.HAL_DMA_Abort_IT  stm32f3xx_hal_dma.o
    0x08003574   0x08003574   0x000000e6   Code   RO         2785    i.HAL_DMA_IRQHandler  stm32f3xx_hal_dma.o
    0x0800365a   0x0800365a   0x00000056   Code   RO         2786    i.HAL_DMA_Init      stm32f3xx_hal_dma.o
    0x080036b0   0x080036b0   0x0000009c   Code   RO         2790    i.HAL_DMA_Start_IT  stm32f3xx_hal_dma.o
    0x0800374c   0x0800374c   0x00000028   Code   RO         2398    i.HAL_Delay         stm32f3xx_hal.o
    0x08003774   0x08003774   0x000000b0   Code   RO         3269    i.HAL_FLASHEx_Erase  stm32f3xx_hal_flash_ex.o
    0x08003824   0x08003824   0x00000014   Code   RO         3162    i.HAL_FLASH_Lock    stm32f3xx_hal_flash.o
    0x08003838   0x08003838   0x000000b0   Code   RO         3167    i.HAL_FLASH_Program  stm32f3xx_hal_flash.o
    0x080038e8   0x080038e8   0x00000030   Code   RO         3169    i.HAL_FLASH_Unlock  stm32f3xx_hal_flash.o
    0x08003918   0x08003918   0x0000003c   Code   RO         6171    i.HAL_GPIO_EXTI_Callback  keyscan_task.o
    0x08003954   0x08003954   0x0000001c   Code   RO         2714    i.HAL_GPIO_EXTI_IRQHandler  stm32f3xx_hal_gpio.o
    0x08003970   0x08003970   0x000001cc   Code   RO         2715    i.HAL_GPIO_Init     stm32f3xx_hal_gpio.o
    0x08003b3c   0x08003b3c   0x0000000a   Code   RO         2719    i.HAL_GPIO_WritePin  stm32f3xx_hal_gpio.o
    0x08003b46   0x08003b46   0x00000002   PAD
    0x08003b48   0x08003b48   0x0000000c   Code   RO         2402    i.HAL_GetTick       stm32f3xx_hal.o
    0x08003b54   0x08003b54   0x00000018   Code   RO         2408    i.HAL_IncTick       stm32f3xx_hal.o
    0x08003b6c   0x08003b6c   0x00000028   Code   RO         2409    i.HAL_Init          stm32f3xx_hal.o
    0x08003b94   0x08003b94   0x0000004c   Code   RO         2410    i.HAL_InitTick      stm32f3xx_hal.o
    0x08003be0   0x08003be0   0x00000090   Code   RO          666    i.HAL_MspInit       stm32f3xx_hal_msp.o
    0x08003c70   0x08003c70   0x0000001a   Code   RO         2883    i.HAL_NVIC_EnableIRQ  stm32f3xx_hal_cortex.o
    0x08003c8a   0x08003c8a   0x0000007c   Code   RO         2889    i.HAL_NVIC_SetPriority  stm32f3xx_hal_cortex.o
    0x08003d06   0x08003d06   0x00000002   PAD
    0x08003d08   0x08003d08   0x00000028   Code   RO         2890    i.HAL_NVIC_SetPriorityGrouping  stm32f3xx_hal_cortex.o
    0x08003d30   0x08003d30   0x000002ac   Code   RO         2672    i.HAL_RCCEx_PeriphCLKConfig  stm32f3xx_hal_rcc_ex.o
    0x08003fdc   0x08003fdc   0x000002a8   Code   RO         2566    i.HAL_RCC_ClockConfig  stm32f3xx_hal_rcc.o
    0x08004284   0x08004284   0x0000000c   Code   RO         2571    i.HAL_RCC_GetHCLKFreq  stm32f3xx_hal_rcc.o
    0x08004290   0x08004290   0x0000002c   Code   RO         2573    i.HAL_RCC_GetPCLK1Freq  stm32f3xx_hal_rcc.o
    0x080042bc   0x080042bc   0x0000002c   Code   RO         2574    i.HAL_RCC_GetPCLK2Freq  stm32f3xx_hal_rcc.o
    0x080042e8   0x080042e8   0x0000008c   Code   RO         2575    i.HAL_RCC_GetSysClockFreq  stm32f3xx_hal_rcc.o
    0x08004374   0x08004374   0x00000a04   Code   RO         2578    i.HAL_RCC_OscConfig  stm32f3xx_hal_rcc.o
    0x08004d78   0x08004d78   0x000000cc   Code   RO          701    i.HAL_SPI_Init      stm32f3xx_hal_spi.o
    0x08004e44   0x08004e44   0x000000a0   Code   RO          355    i.HAL_SPI_MspInit   spi.o
    0x08004ee4   0x08004ee4   0x0000018e   Code   RO          704    i.HAL_SPI_Receive   stm32f3xx_hal_spi.o
    0x08005072   0x08005072   0x000001b8   Code   RO          709    i.HAL_SPI_Transmit  stm32f3xx_hal_spi.o
    0x0800522a   0x0800522a   0x00000288   Code   RO          710    i.HAL_SPI_TransmitReceive  stm32f3xx_hal_spi.o
    0x080054b2   0x080054b2   0x00000028   Code   RO         2892    i.HAL_SYSTICK_CLKSourceConfig  stm32f3xx_hal_cortex.o
    0x080054da   0x080054da   0x00000034   Code   RO         2894    i.HAL_SYSTICK_Config  stm32f3xx_hal_cortex.o
    0x0800550e   0x0800550e   0x00000002   Code   RO         1698    i.HAL_TIMEx_Break2Callback  stm32f3xx_hal_tim_ex.o
    0x08005510   0x08005510   0x00000002   Code   RO         1699    i.HAL_TIMEx_BreakCallback  stm32f3xx_hal_tim_ex.o
    0x08005512   0x08005512   0x00000002   Code   RO         1700    i.HAL_TIMEx_CommutationCallback  stm32f3xx_hal_tim_ex.o
    0x08005514   0x08005514   0x000000b4   Code   RO         1701    i.HAL_TIMEx_ConfigBreakDeadTime  stm32f3xx_hal_tim_ex.o
    0x080055c8   0x080055c8   0x00000060   Code   RO         1717    i.HAL_TIMEx_MasterConfigSynchronization  stm32f3xx_hal_tim_ex.o
    0x08005628   0x08005628   0x00000034   Code   RO         1043    i.HAL_TIM_Base_Init  stm32f3xx_hal_tim.o
    0x0800565c   0x0800565c   0x00000044   Code   RO          403    i.HAL_TIM_Base_MspInit  tim.o
    0x080056a0   0x080056a0   0x0000001e   Code   RO         1048    i.HAL_TIM_Base_Start_IT  stm32f3xx_hal_tim.o
    0x080056be   0x080056be   0x00000002   Code   RO         1074    i.HAL_TIM_IC_CaptureCallback  stm32f3xx_hal_tim.o
    0x080056c0   0x080056c0   0x000001b8   Code   RO         1087    i.HAL_TIM_IRQHandler  stm32f3xx_hal_tim.o
    0x08005878   0x08005878   0x00000084   Code   RO          404    i.HAL_TIM_MspPostInit  tim.o
    0x080058fc   0x080058fc   0x00000002   Code   RO         1090    i.HAL_TIM_OC_DelayElapsedCallback  stm32f3xx_hal_tim.o
    0x080058fe   0x080058fe   0x00000174   Code   RO         1737    i.HAL_TIM_PWM_ConfigChannel  stm32f3xx_hal_tim_ex.o
    0x08005a72   0x08005a72   0x00000034   Code   RO         1114    i.HAL_TIM_PWM_Init  stm32f3xx_hal_tim.o
    0x08005aa6   0x08005aa6   0x00000002   PAD
    0x08005aa8   0x08005aa8   0x0000007c   Code   RO          406    i.HAL_TIM_PWM_MspInit  tim.o
    0x08005b24   0x08005b24   0x00000002   Code   RO         1117    i.HAL_TIM_PWM_PulseFinishedCallback  stm32f3xx_hal_tim.o
    0x08005b26   0x08005b26   0x00000002   PAD
    0x08005b28   0x08005b28   0x00000064   Code   RO         1118    i.HAL_TIM_PWM_Start  stm32f3xx_hal_tim.o
    0x08005b8c   0x08005b8c   0x000000b0   Code   RO         6225    i.HAL_TIM_PeriodElapsedCallback  modbus_req_task.o
    0x08005c3c   0x08005c3c   0x00000002   Code   RO         1128    i.HAL_TIM_TriggerCallback  stm32f3xx_hal_tim.o
    0x08005c3e   0x08005c3e   0x00000002   Code   RO         2342    i.HAL_UARTEx_WakeupCallback  stm32f3xx_hal_uart_ex.o
    0x08005c40   0x08005c40   0x0000007e   Code   RO         1995    i.HAL_UART_DMAPause  stm32f3xx_hal_uart.o
    0x08005cbe   0x08005cbe   0x0000006c   Code   RO         1996    i.HAL_UART_DMAResume  stm32f3xx_hal_uart.o
    0x08005d2a   0x08005d2a   0x00000002   Code   RO         1999    i.HAL_UART_ErrorCallback  stm32f3xx_hal_uart.o
    0x08005d2c   0x08005d2c   0x0000018c   Code   RO         2002    i.HAL_UART_IRQHandler  stm32f3xx_hal_uart.o
    0x08005eb8   0x08005eb8   0x00000078   Code   RO         2003    i.HAL_UART_Init     stm32f3xx_hal_uart.o
    0x08005f30   0x08005f30   0x000001c0   Code   RO          481    i.HAL_UART_MspInit  usart.o
    0x080060f0   0x080060f0   0x000000a8   Code   RO         2007    i.HAL_UART_Receive_DMA  stm32f3xx_hal_uart.o
    0x08006198   0x08006198   0x00000002   Code   RO         2009    i.HAL_UART_RxCpltCallback  stm32f3xx_hal_uart.o
    0x0800619a   0x0800619a   0x00000002   Code   RO         2010    i.HAL_UART_RxHalfCpltCallback  stm32f3xx_hal_uart.o
    0x0800619c   0x0800619c   0x000000c6   Code   RO         2011    i.HAL_UART_Transmit  stm32f3xx_hal_uart.o
    0x08006262   0x08006262   0x00000002   PAD
    0x08006264   0x08006264   0x0000009c   Code   RO         2012    i.HAL_UART_Transmit_DMA  stm32f3xx_hal_uart.o
    0x08006300   0x08006300   0x00000002   Code   RO         2014    i.HAL_UART_TxCpltCallback  stm32f3xx_hal_uart.o
    0x08006302   0x08006302   0x00000002   Code   RO         2015    i.HAL_UART_TxHalfCpltCallback  stm32f3xx_hal_uart.o
    0x08006304   0x08006304   0x00000004   Code   RO          561    i.HardFault_Handler  stm32f3xx_it.o
    0x08006308   0x08006308   0x00000114   Code   RO         6172    i.KeyScan_Task      keyscan_task.o
    0x0800641c   0x0800641c   0x0000003a   Code   RO         5265    i.LCD_Fill          oled12864.o
    0x08006456   0x08006456   0x00000002   PAD
    0x08006458   0x08006458   0x000000e8   Code   RO         5266    i.LCD_Init          oled12864.o
    0x08006540   0x08006540   0x00000012   Code   RO         5268    i.LCD_SetContrast   oled12864.o
    0x08006552   0x08006552   0x00000024   Code   RO         5269    i.LCD_Set_Pos       oled12864.o
    0x08006576   0x08006576   0x00000002   PAD
    0x08006578   0x08006578   0x00000028   Code   RO         5270    i.LCD_WrCmd         oled12864.o
    0x080065a0   0x080065a0   0x00000024   Code   RO         5271    i.LCD_WrDat         oled12864.o
    0x080065c4   0x080065c4   0x00000474   Code   RO         5819    i.MDView_ValueShow  menu.o
    0x08006a38   0x08006a38   0x00000040   Code   RO         5820    i.MD_ByteCreatView_MenuSelec  menu.o
    0x08006a78   0x08006a78   0x00000250   Code   RO         5821    i.MD_ByteView_SelectShow  menu.o
    0x08006cc8   0x08006cc8   0x000000c4   Code   RO         6521    i.MD_DMAInUART_IDLE  modbus.o
    0x08006d8c   0x08006d8c   0x0000006c   Code   RO         6522    i.MD_Fun_InTime     modbus.o
    0x08006df8   0x08006df8   0x0000000e   Code   RO         6523    i.MD_InitArg        modbus.o
    0x08006e06   0x08006e06   0x00000002   PAD
    0x08006e08   0x08006e08   0x0000006c   Code   RO         6643    i.MD_REQ_Init       modbus_req.o
    0x08006e74   0x08006e74   0x00000058   Code   RO         5822    i.MD_REQ_ReadListShowMessage  menu.o
    0x08006ecc   0x08006ecc   0x00000044   Code   RO         5824    i.MD_REQ_WriteDat   menu.o
    0x08006f10   0x08006f10   0x00000026   Code   RO         6644    i.MD_SaveREGRead    modbus_req.o
    0x08006f36   0x08006f36   0x0000001c   Code   RO         6645    i.MD_SaveRead       modbus_req.o
    0x08006f52   0x08006f52   0x00000002   PAD
    0x08006f54   0x08006f54   0x00000038   Code   RO         6524    i.MD_TimeJudge      modbus.o
    0x08006f8c   0x08006f8c   0x00000006   Code   RO         6583    i.MDfloat2Array     modbus_config.o
    0x08006f92   0x08006f92   0x00000006   Code   RO         6584    i.MDint2float       modbus_config.o
    0x08006f98   0x08006f98   0x00000064   Code   RO          258    i.MX_DMA_Init       dma.o
    0x08006ffc   0x08006ffc   0x00000054   Code   RO          282    i.MX_FREERTOS_Init  freertos.o
    0x08007050   0x08007050   0x00000158   Code   RO          234    i.MX_GPIO_Init      gpio.o
    0x080071a8   0x080071a8   0x00000068   Code   RO          356    i.MX_SPI2_Init      spi.o
    0x08007210   0x08007210   0x00000064   Code   RO          357    i.MX_SPI3_Init      spi.o
    0x08007274   0x08007274   0x000000d0   Code   RO          407    i.MX_TIM1_Init      tim.o
    0x08007344   0x08007344   0x000000a0   Code   RO          408    i.MX_TIM2_Init      tim.o
    0x080073e4   0x080073e4   0x00000090   Code   RO          409    i.MX_TIM3_Init      tim.o
    0x08007474   0x08007474   0x0000005c   Code   RO          410    i.MX_TIM6_Init      tim.o
    0x080074d0   0x080074d0   0x0000005c   Code   RO          482    i.MX_USART1_UART_Init  usart.o
    0x0800752c   0x0800752c   0x0000005c   Code   RO          483    i.MX_USART2_UART_Init  usart.o
    0x08007588   0x08007588   0x00000004   Code   RO          562    i.MemManage_Handler  stm32f3xx_it.o
    0x0800758c   0x0800758c   0x00000078   Code   RO         5825    i.MenuKeyScan       menu.o
    0x08007604   0x08007604   0x000001a0   Code   RO         6226    i.ModbusReq_Task    modbus_req_task.o
    0x080077a4   0x080077a4   0x00000002   Code   RO          563    i.NMI_Handler       stm32f3xx_it.o
    0x080077a6   0x080077a6   0x00000002   PAD
    0x080077a8   0x080077a8   0x00000010   Code   RO         2896    i.NVIC_GetPriorityGrouping  stm32f3xx_hal_cortex.o
    0x080077b8   0x080077b8   0x00000028   Code   RO         2897    i.NVIC_SetPriority  stm32f3xx_hal_cortex.o
    0x080077e0   0x080077e0   0x00000074   Code   RO         5273    i.OLED_DrawPoint    oled12864.o
    0x08007854   0x08007854   0x00000040   Code   RO         5469    i.Output_4To20mA    ad5662.o
    0x08007894   0x08007894   0x00000074   Code   RO         6345    i.PWM_OutputHZ      pwm_task.o
    0x08007908   0x08007908   0x0000005a   Code   RO         6346    i.PWM_SetAndStart   pwm_task.o
    0x08007962   0x08007962   0x00000002   PAD
    0x08007964   0x08007964   0x0000002c   Code   RO         6347    i.PWM_SetHz         pwm_task.o
    0x08007990   0x08007990   0x0000017c   Code   RO         6348    i.PWM_T1OUT1_Task   pwm_task.o
    0x08007b0c   0x08007b0c   0x00000024   Code   RO         6349    i.PWM_T2OUT2_Task   pwm_task.o
    0x08007b30   0x08007b30   0x00000024   Code   RO         6350    i.PWM_T2OUT3_Task   pwm_task.o
    0x08007b54   0x08007b54   0x00000034   Code   RO         6646    i.REQEnumAddrFun    modbus_req.o
    0x08007b88   0x08007b88   0x00000034   Code   RO         6647    i.REQEnumErroFun    modbus_req.o
    0x08007bbc   0x08007bbc   0x00000020   Code   RO         6586    i.REQSendMessage    modbus_config.o
    0x08007bdc   0x08007bdc   0x0000002c   Code   RO         6227    i.REQTask_Read      modbus_req_task.o
    0x08007c08   0x08007c08   0x0000002a   Code   RO         6228    i.REQTask_WriteREGs  modbus_req_task.o
    0x08007c32   0x08007c32   0x00000076   Code   RO         6648    i.REQ_CallBack      modbus_req.o
    0x08007ca8   0x08007ca8   0x00000070   Code   RO         6649    i.REQ_DMAInMain     modbus_req.o
    0x08007d18   0x08007d18   0x00000034   Code   RO         6650    i.REQ_Erro4         modbus_req.o
    0x08007d4c   0x08007d4c   0x00000038   Code   RO         6651    i.REQ_ErroADDR      modbus_req.o
    0x08007d84   0x08007d84   0x00000038   Code   RO         6652    i.REQ_ErroCRC       modbus_req.o
    0x08007dbc   0x08007dbc   0x00000038   Code   RO         6653    i.REQ_ErroFUN       modbus_req.o
    0x08007df4   0x08007df4   0x00000038   Code   RO         6654    i.REQ_ErroNUM       modbus_req.o
    0x08007e2c   0x08007e2c   0x00000052   Code   RO         6656    i.REQ_Read          modbus_req.o
    0x08007e7e   0x08007e7e   0x00000054   Code   RO         6657    i.REQ_SaveRead      modbus_req.o
    0x08007ed2   0x08007ed2   0x00000060   Code   RO         6658    i.REQ_SendWithCRC   modbus_req.o
    0x08007f32   0x08007f32   0x00000044   Code   RO         6660    i.REQ_SingleWriteReceive  modbus_req.o
    0x08007f76   0x08007f76   0x0000005c   Code   RO         6662    i.REQ_WriteDatasReceive  modbus_req.o
    0x08007fd2   0x08007fd2   0x000000ac   Code   RO         6663    i.REQ_WriteREGs     modbus_req.o
    0x0800807e   0x0800807e   0x00000002   PAD
    0x08008080   0x08008080   0x00000024   Code   RO         6229    i.RS485_UART_Transmit_DMA  modbus_req_task.o
    0x080080a4   0x080080a4   0x0000001c   Code   RO         5198    i.ReadFromAD7147    ad7147_spi.o
    0x080080c0   0x080080c0   0x00000068   Code   RO         5199    i.ReadFromAD7147ViaSpi  ad7147_spi.o
    0x08008128   0x08008128   0x00000012   Code   RO         5826    i.ReturnFatherList  menu.o
    0x0800813a   0x0800813a   0x00000060   Code   RO         6414    i.ReviewData        dataview.o
    0x0800819a   0x0800819a   0x00000082   Code   RO          738    i.SPI_EndRxTransaction  stm32f3xx_hal_spi.o
    0x0800821c   0x0800821c   0x00000064   Code   RO          739    i.SPI_EndRxTxTransaction  stm32f3xx_hal_spi.o
    0x08008280   0x08008280   0x000000b0   Code   RO          744    i.SPI_WaitFifoStateUntilTimeout  stm32f3xx_hal_spi.o
    0x08008330   0x08008330   0x000000a8   Code   RO          745    i.SPI_WaitFlagStateUntilTimeout  stm32f3xx_hal_spi.o
    0x080083d8   0x080083d8   0x00000020   Code   RO         5507    i.STMFLASH_Read     stmflash.o
    0x080083f8   0x080083f8   0x00000006   Code   RO         5508    i.STMFLASH_ReadWord  stmflash.o
    0x080083fe   0x080083fe   0x0000004e   Code   RO         5509    i.STMFLASH_Write    stmflash.o
    0x0800844c   0x0800844c   0x00000040   Code   RO         5827    i.Save8Num          menu.o
    0x0800848c   0x0800848c   0x00000040   Code   RO         5200    i.ServiceAD7147Isr  ad7147_spi.o
    0x080084cc   0x080084cc   0x0000008c   Code   RO          484    i.SetUART1_Baud     usart.o
    0x08008558   0x08008558   0x00000016   Code   RO         5275    i.Set_Display_On_Off  oled12864.o
    0x0800856e   0x0800856e   0x00000002   PAD
    0x08008570   0x08008570   0x000002f8   Code   RO         5828    i.ShowListMenu      menu.o
    0x08008868   0x08008868   0x00000178   Code   RO         5829    i.ShowValuMenu      menu.o
    0x080089e0   0x080089e0   0x0000000a   Code   RO          283    i.StartDefaultTask  freertos.o
    0x080089ea   0x080089ea   0x00000002   PAD
    0x080089ec   0x080089ec   0x0000012c   Code   RO         5673    i.StrtoDouble       gui.o
    0x08008b18   0x08008b18   0x0000000c   Code   RO          564    i.SysTick_Handler   stm32f3xx_it.o
    0x08008b24   0x08008b24   0x000000b0   Code   RO           13    i.SystemClock_Config  main.o
    0x08008bd4   0x08008bd4   0x0000007c   Code   RO         3848    i.SystemInit        system_stm32f3xx.o
    0x08008c50   0x08008c50   0x00000010   Code   RO          565    i.TIM6_DAC_IRQHandler  stm32f3xx_it.o
    0x08008c60   0x08008c60   0x000000a8   Code   RO         1129    i.TIM_Base_SetConfig  stm32f3xx_hal_tim.o
    0x08008d08   0x08008d08   0x0000001c   Code   RO         1130    i.TIM_CCxChannelCmd  stm32f3xx_hal_tim.o
    0x08008d24   0x08008d24   0x000000a0   Code   RO         1138    i.TIM_OC1_SetConfig  stm32f3xx_hal_tim.o
    0x08008dc4   0x08008dc4   0x000000a8   Code   RO         1139    i.TIM_OC2_SetConfig  stm32f3xx_hal_tim.o
    0x08008e6c   0x08008e6c   0x000000a8   Code   RO         1140    i.TIM_OC3_SetConfig  stm32f3xx_hal_tim.o
    0x08008f14   0x08008f14   0x00000070   Code   RO         1141    i.TIM_OC4_SetConfig  stm32f3xx_hal_tim.o
    0x08008f84   0x08008f84   0x0000006c   Code   RO         1740    i.TIM_OC5_SetConfig  stm32f3xx_hal_tim_ex.o
    0x08008ff0   0x08008ff0   0x0000006c   Code   RO         1741    i.TIM_OC6_SetConfig  stm32f3xx_hal_tim_ex.o
    0x0800905c   0x0800905c   0x0000007c   Code   RO         6075    i.Task_CreatTrave   task_project.o
    0x080090d8   0x080090d8   0x000000f8   Code   RO         2016    i.UART_AdvFeatureConfig  stm32f3xx_hal_uart.o
    0x080091d0   0x080091d0   0x00000074   Code   RO         2017    i.UART_CheckIdleState  stm32f3xx_hal_uart.o
    0x08009244   0x08009244   0x00000018   Code   RO         2018    i.UART_DMAAbortOnError  stm32f3xx_hal_uart.o
    0x0800925c   0x0800925c   0x00000056   Code   RO         2019    i.UART_DMAError     stm32f3xx_hal_uart.o
    0x080092b2   0x080092b2   0x00000048   Code   RO         2020    i.UART_DMAReceiveCplt  stm32f3xx_hal_uart.o
    0x080092fa   0x080092fa   0x0000000e   Code   RO         2022    i.UART_DMARxHalfCplt  stm32f3xx_hal_uart.o
    0x08009308   0x08009308   0x00000038   Code   RO         2024    i.UART_DMATransmitCplt  stm32f3xx_hal_uart.o
    0x08009340   0x08009340   0x0000000e   Code   RO         2026    i.UART_DMATxHalfCplt  stm32f3xx_hal_uart.o
    0x0800934e   0x0800934e   0x00000020   Code   RO         2028    i.UART_EndRxTransfer  stm32f3xx_hal_uart.o
    0x0800936e   0x0800936e   0x00000020   Code   RO         2029    i.UART_EndTransmit_IT  stm32f3xx_hal_uart.o
    0x0800938e   0x0800938e   0x00000014   Code   RO         2030    i.UART_EndTxTransfer  stm32f3xx_hal_uart.o
    0x080093a2   0x080093a2   0x0000008a   Code   RO         2031    i.UART_Receive_IT   stm32f3xx_hal_uart.o
    0x0800942c   0x0800942c   0x000002ec   Code   RO         2032    i.UART_SetConfig    stm32f3xx_hal_uart.o
    0x08009718   0x08009718   0x0000006a   Code   RO         2033    i.UART_Transmit_IT  stm32f3xx_hal_uart.o
    0x08009782   0x08009782   0x0000006c   Code   RO         2034    i.UART_WaitOnFlagUntilTimeout  stm32f3xx_hal_uart.o
    0x080097ee   0x080097ee   0x00000002   PAD
    0x080097f0   0x080097f0   0x00000024   Code   RO          566    i.USART1_IRQHandler  stm32f3xx_it.o
    0x08009814   0x08009814   0x00000024   Code   RO          567    i.USART2_IRQHandler  stm32f3xx_it.o
    0x08009838   0x08009838   0x00000004   Code   RO          568    i.UsageFault_Handler  stm32f3xx_it.o
    0x0800983c   0x0800983c   0x00000024   Code   RO         6301    i.UsartReceiveRSP_IDLE  modbus_rsp_task.o
    0x08009860   0x08009860   0x00000024   Code   RO         6230    i.UsartReceive_IDLE  modbus_req_task.o
    0x08009884   0x08009884   0x000001ec   Code   RO         5830    i.View_FlashSelectShow  menu.o
    0x08009a70   0x08009a70   0x000003d4   Code   RO         5831    i.View_FlashValueShow  menu.o
    0x08009e44   0x08009e44   0x00000044   Code   RO         5832    i.View_SelectKeyScan  menu.o
    0x08009e88   0x08009e88   0x000001dc   Code   RO         5833    i.View_SelectShow   menu.o
    0x0800a064   0x0800a064   0x0000003c   Code   RO         5834    i.View_ValueKeyScan  menu.o
    0x0800a0a0   0x0800a0a0   0x0000001c   Code   RO         5201    i.WriteToAD7147     ad7147_spi.o
    0x0800a0bc   0x0800a0bc   0x00000068   Code   RO         5202    i.WriteToAD7147ViaSpi  ad7147_spi.o
    0x0800a124   0x0800a124   0x00000030   Code   RO           14    i._Error_Handler    main.o
    0x0800a154   0x0800a154   0x00000020   Code   RO         7098    i.__0printf$5       mc_w.l(printf5.o)
    0x0800a174   0x0800a174   0x0000000e   Code   RO         7272    i.__scatterload_copy  mc_w.l(handlers.o)
    0x0800a182   0x0800a182   0x00000002   Code   RO         7273    i.__scatterload_null  mc_w.l(handlers.o)
    0x0800a184   0x0800a184   0x0000000e   Code   RO         7274    i.__scatterload_zeroinit  mc_w.l(handlers.o)
    0x0800a192   0x0800a192   0x000000f4   Code   RO         5674    i._draw_model       gui.o
    0x0800a286   0x0800a286   0x00000002   PAD
    0x0800a288   0x0800a288   0x000002c0   Code   RO         7105    i._printf_core      mc_w.l(printf5.o)
    0x0800a548   0x0800a548   0x00000002   Code   RO          284    i.configureTimerForRunTimeStats  freertos.o
    0x0800a54a   0x0800a54a   0x00000002   PAD
    0x0800a54c   0x0800a54c   0x0000001c   Code   RO          485    i.fputc             usart.o
    0x0800a568   0x0800a568   0x00000004   Code   RO          285    i.getRunTimeCounterValue  freertos.o
    0x0800a56c   0x0800a56c   0x0000000c   Code   RO         6173    i.keyTimerCallBack  keyscan_task.o
    0x0800a578   0x0800a578   0x00000064   Code   RO           15    i.main              main.o
    0x0800a5dc   0x0800a5dc   0x0000000e   Code   RO         4820    i.makeFreeRtosPriority  cmsis_os.o
    0x0800a5ea   0x0800a5ea   0x00000018   Code   RO         4822    i.osDelay           cmsis_os.o
    0x0800a602   0x0800a602   0x0000000a   Code   RO         4825    i.osKernelStart     cmsis_os.o
    0x0800a60c   0x0800a60c   0x00000010   Code   RO         4858    i.osSystickHandler  cmsis_os.o
    0x0800a61c   0x0800a61c   0x00000030   Code   RO         4859    i.osThreadCreate    cmsis_os.o
    0x0800a64c   0x0800a64c   0x00000098   Code   RO         4340    i.prvAddCurrentTaskToDelayedList  tasks.o
    0x0800a6e4   0x0800a6e4   0x000000b8   Code   RO         4341    i.prvAddNewTaskToReadyList  tasks.o
    0x0800a79c   0x0800a79c   0x00000064   Code   RO         4698    i.prvCheckForValidListAndQueue  timers.o
    0x0800a800   0x0800a800   0x00000064   Code   RO         4342    i.prvCheckTasksWaitingTermination  tasks.o
    0x0800a864   0x0800a864   0x0000002a   Code   RO         4160    i.prvCopyDataFromQueue  queue.o
    0x0800a88e   0x0800a88e   0x0000007c   Code   RO         4161    i.prvCopyDataToQueue  queue.o
    0x0800a90a   0x0800a90a   0x00000012   Code   RO         4343    i.prvDeleteTCB      tasks.o
    0x0800a91c   0x0800a91c   0x00000028   Code   RO         4699    i.prvGetNextExpireTime  timers.o
    0x0800a944   0x0800a944   0x0000007c   Code   RO         3881    i.prvHeapInit       heap_4.o
    0x0800a9c0   0x0800a9c0   0x00000028   Code   RO         4344    i.prvIdleTask       tasks.o
    0x0800a9e8   0x0800a9e8   0x0000002a   Code   RO         4163    i.prvInitialiseNewQueue  queue.o
    0x0800aa12   0x0800aa12   0x000000b6   Code   RO         4345    i.prvInitialiseNewTask  tasks.o
    0x0800aac8   0x0800aac8   0x0000004e   Code   RO         4700    i.prvInitialiseNewTimer  timers.o
    0x0800ab16   0x0800ab16   0x00000002   PAD
    0x0800ab18   0x0800ab18   0x00000068   Code   RO         4346    i.prvInitialiseTaskLists  tasks.o
    0x0800ab80   0x0800ab80   0x00000068   Code   RO         3882    i.prvInsertBlockIntoFreeList  heap_4.o
    0x0800abe8   0x0800abe8   0x00000058   Code   RO         4701    i.prvInsertTimerInActiveList  timers.o
    0x0800ac40   0x0800ac40   0x0000001a   Code   RO         4164    i.prvIsQueueEmpty   queue.o
    0x0800ac5a   0x0800ac5a   0x0000001e   Code   RO         4165    i.prvIsQueueFull    queue.o
    0x0800ac78   0x0800ac78   0x00000064   Code   RO         4702    i.prvProcessExpiredTimer  timers.o
    0x0800acdc   0x0800acdc   0x000000f8   Code   RO         4703    i.prvProcessReceivedCommands  timers.o
    0x0800add4   0x0800add4   0x00000074   Code   RO         4704    i.prvProcessTimerOrBlockTask  timers.o
    0x0800ae48   0x0800ae48   0x00000034   Code   RO         4348    i.prvResetNextTaskUnblockTime  tasks.o
    0x0800ae7c   0x0800ae7c   0x0000002c   Code   RO         4705    i.prvSampleTimeNow  timers.o
    0x0800aea8   0x0800aea8   0x000000a0   Code   RO         4706    i.prvSwitchTimerLists  timers.o
    0x0800af48   0x0800af48   0x00000040   Code   RO         3952    i.prvTaskExitError  port.o
    0x0800af88   0x0800af88   0x0000001a   Code   RO         4707    i.prvTimerTask      timers.o
    0x0800afa2   0x0800afa2   0x0000007e   Code   RO         4166    i.prvUnlockQueue    queue.o
    0x0800b020   0x0800b020   0x0000013c   Code   RO         3883    i.pvPortMalloc      heap_4.o
    0x0800b15c   0x0800b15c   0x00000020   Code   RO         4352    i.pvTaskIncrementMutexHeldCount  tasks.o
    0x0800b17c   0x0800b17c   0x0000002c   Code   RO         3953    i.pxPortInitialiseStack  port.o
    0x0800b1a8   0x0800b1a8   0x00000068   Code   RO         5675    i.u32tostr          gui.o
    0x0800b210   0x0800b210   0x00000074   Code   RO         4353    i.ulTaskNotifyTake  tasks.o
    0x0800b284   0x0800b284   0x00000028   Code   RO         4123    i.uxListRemove      list.o
    0x0800b2ac   0x0800b2ac   0x0000001a   Code   RO         4124    i.vListInitialise   list.o
    0x0800b2c6   0x0800b2c6   0x00000006   Code   RO         4125    i.vListInitialiseItem  list.o
    0x0800b2cc   0x0800b2cc   0x00000034   Code   RO         4126    i.vListInsert       list.o
    0x0800b300   0x0800b300   0x00000018   Code   RO         4127    i.vListInsertEnd    list.o
    0x0800b318   0x0800b318   0x00000054   Code   RO         3955    i.vPortEnterCritical  port.o
    0x0800b36c   0x0800b36c   0x0000003c   Code   RO         3956    i.vPortExitCritical  port.o
    0x0800b3a8   0x0800b3a8   0x00000094   Code   RO         3884    i.vPortFree         heap_4.o
    0x0800b43c   0x0800b43c   0x00000020   Code   RO         3957    i.vPortSetupTimerInterrupt  port.o
    0x0800b45c   0x0800b45c   0x00000078   Code   RO         3958    i.vPortValidateInterruptPriority  port.o
    0x0800b4d4   0x0800b4d4   0x0000002c   Code   RO         4172    i.vQueueAddToRegistry  queue.o
    0x0800b500   0x0800b500   0x0000004a   Code   RO         4176    i.vQueueWaitForMessageRestricted  queue.o
    0x0800b54a   0x0800b54a   0x00000002   PAD
    0x0800b54c   0x0800b54c   0x0000005c   Code   RO         4361    i.vTaskDelay        tasks.o
    0x0800b5a8   0x0800b5a8   0x0000000c   Code   RO         4367    i.vTaskMissedYield  tasks.o
    0x0800b5b4   0x0800b5b4   0x000000f0   Code   RO         4368    i.vTaskNotifyGiveFromISR  tasks.o
    0x0800b6a4   0x0800b6a4   0x00000038   Code   RO         4369    i.vTaskPlaceOnEventList  tasks.o
    0x0800b6dc   0x0800b6dc   0x00000040   Code   RO         4370    i.vTaskPlaceOnEventListRestricted  tasks.o
    0x0800b71c   0x0800b71c   0x000000b0   Code   RO         4372    i.vTaskPriorityInherit  tasks.o
    0x0800b7cc   0x0800b7cc   0x00000030   Code   RO         4376    i.vTaskSetTimeOutState  tasks.o
    0x0800b7fc   0x0800b7fc   0x00000098   Code   RO         4377    i.vTaskStartScheduler  tasks.o
    0x0800b894   0x0800b894   0x00000010   Code   RO         4379    i.vTaskSuspendAll   tasks.o
    0x0800b8a4   0x0800b8a4   0x000000c8   Code   RO         4380    i.vTaskSwitchContext  tasks.o
    0x0800b96c   0x0800b96c   0x0000013c   Code   RO         3959    i.xPortStartScheduler  port.o
    0x0800baa8   0x0800baa8   0x00000034   Code   RO         3960    i.xPortSysTickHandler  port.o
    0x0800badc   0x0800badc   0x00000058   Code   RO         4178    i.xQueueGenericCreate  queue.o
    0x0800bb34   0x0800bb34   0x000001c4   Code   RO         4179    i.xQueueGenericReceive  queue.o
    0x0800bcf8   0x0800bcf8   0x00000098   Code   RO         4180    i.xQueueGenericReset  queue.o
    0x0800bd90   0x0800bd90   0x000001a8   Code   RO         4181    i.xQueueGenericSend  queue.o
    0x0800bf38   0x0800bf38   0x000000f8   Code   RO         4182    i.xQueueGenericSendFromISR  queue.o
    0x0800c030   0x0800c030   0x0000008c   Code   RO         4381    i.xTaskCheckForTimeOut  tasks.o
    0x0800c0bc   0x0800c0bc   0x00000060   Code   RO         4382    i.xTaskCreate       tasks.o
    0x0800c11c   0x0800c11c   0x00000104   Code   RO         4383    i.xTaskGenericNotify  tasks.o
    0x0800c220   0x0800c220   0x00000020   Code   RO         4386    i.xTaskGetSchedulerState  tasks.o
    0x0800c240   0x0800c240   0x0000000c   Code   RO         4387    i.xTaskGetTickCount  tasks.o
    0x0800c24c   0x0800c24c   0x00000148   Code   RO         4389    i.xTaskIncrementTick  tasks.o
    0x0800c394   0x0800c394   0x000000c8   Code   RO         4392    i.xTaskPriorityDisinherit  tasks.o
    0x0800c45c   0x0800c45c   0x00000098   Code   RO         4393    i.xTaskRemoveFromEventList  tasks.o
    0x0800c4f4   0x0800c4f4   0x00000104   Code   RO         4395    i.xTaskResumeAll    tasks.o
    0x0800c5f8   0x0800c5f8   0x00000030   Code   RO         4710    i.xTimerCreate      timers.o
    0x0800c628   0x0800c628   0x00000054   Code   RO         4711    i.xTimerCreateTimerTask  timers.o
    0x0800c67c   0x0800c67c   0x00000084   Code   RO         4712    i.xTimerGenericCommand  timers.o
    0x0800c700   0x0800c700   0x00000014   Data   RO          286    .constdata          freertos.o
    0x0800c714   0x0800c714   0x00000020   Data   RO         2579    .constdata          stm32f3xx_hal_rcc.o
    0x0800c734   0x0800c734   0x00000018   Data   RO         3849    .constdata          system_stm32f3xx.o
    0x0800c74c   0x0800c74c   0x000029c0   Data   RO         5555    .constdata          songti12.o
    0x0800f10c   0x0800f10c   0x0000052c   Data   RO         5580    .constdata          songti36.o
    0x0800f638   0x0800f638   0x000002c8   Data   RO         5605    .constdata          songti24.o
    0x0800f900   0x0800f900   0x00000158   Data   RO         5630    .constdata          song48.o
    0x0800fa58   0x0800fa58   0x00000354   Data   RO         5676    .constdata          gui.o
    0x0800fdac   0x0800fdac   0x00000200   Data   RO         6504    .constdata          crc16.o
    0x0800ffac   0x0800ffac   0x0000000c   Data   RO          287    .conststring        freertos.o
    0x0800ffb8   0x0800ffb8   0x0000000f   Data   RO         5836    .conststring        menu.o
    0x0800ffc7   0x0800ffc7   0x00000001   PAD
    0x0800ffc8   0x0800ffc8   0x0000003a   Data   RO         6076    .conststring        task_project.o
    0x08010002   0x08010002   0x00000002   PAD
    0x08010004   0x08010004   0x00000245   Data   RO         6456    .conststring        listview.o
    0x08010249   0x08010249   0x00000003   PAD
    0x0801024c   0x0801024c   0x00000020   Data   RO         7270    Region$$Table       anon$$obj.o


    Execution Region RW_IRAM1 (Exec base: 0x20000000, Load base: 0x0801026c, Size: 0x00006770, Max: 0x00008000, ABSOLUTE, COMPRESSED[0x000001a8])

    Exec Addr    Load Addr    Size         Type   Attr      Idx    E Section Name        Object

    0x20000000   COMPRESSED   0x00000004   Data   RW          288    .data               freertos.o
    0x20000004   COMPRESSED   0x00000009   Data   RW         2416    .data               stm32f3xx_hal.o
    0x2000000d   COMPRESSED   0x00000003   PAD
    0x20000010   COMPRESSED   0x00000004   Data   RW         3850    .data               system_stm32f3xx.o
    0x20000014   COMPRESSED   0x00000018   Data   RW         3889    .data               heap_4.o
    0x2000002c   COMPRESSED   0x0000000c   Data   RW         3961    .data               port.o
    0x20000038   COMPRESSED   0x00000044   Data   RW         4398    .data               tasks.o
    0x2000007c   COMPRESSED   0x00000014   Data   RW         4718    .data               timers.o
    0x20000090   COMPRESSED   0x00000004   Data   RW         5677    .data               gui.o
    0x20000094   COMPRESSED   0x00000028   Data   RW         5837    .data               menu.o
    0x200000bc   COMPRESSED   0x00000098   Data   RW         6077    .data               task_project.o
    0x20000154   COMPRESSED   0x00000004   Data   RW         6124    .data               gui_task.o
    0x20000158   COMPRESSED   0x00000018   Data   RW         6174    .data               keyscan_task.o
    0x20000170   COMPRESSED   0x00000011   Data   RW         6232    .data               modbus_req_task.o
    0x20000181   COMPRESSED   0x00000003   PAD
    0x20000184   COMPRESSED   0x00000004   Data   RW         6303    .data               modbus_rsp_task.o
    0x20000188   COMPRESSED   0x0000000d   Data   RW         6352    .data               pwm_task.o
    0x20000195   COMPRESSED   0x00000003   PAD
    0x20000198   COMPRESSED   0x0000002c   Data   RW         6415    .data               dataview.o
    0x200001c4   COMPRESSED   0x000001a4   Data   RW         6457    .data               listview.o
    0x20000368   COMPRESSED   0x0000000c   Data   RW         6525    .data               modbus.o
    0x20000374   COMPRESSED   0x00000008   Data   RW         6589    .data               modbus_config.o
    0x2000037c   COMPRESSED   0x00000068   Data   RW         6664    .data               modbus_req.o
    0x200003e4   COMPRESSED   0x00000004   Data   RW         7248    .data               mc_w.l(stdout.o)
    0x200003e8        -       0x000000c8   Zero   RW          358    .bss                spi.o
    0x200004b0        -       0x00000100   Zero   RW          411    .bss                tim.o
    0x200005b0        -       0x000001f0   Zero   RW          486    .bss                usart.o
    0x200007a0        -       0x00000020   Zero   RW         3170    .bss                stm32f3xx_hal_flash.o
    0x200007c0        -       0x00005000   Zero   RW         3888    .bss                heap_4.o
    0x200057c0        -       0x00000060   Zero   RW         4188    .bss                queue.o
    0x20005820        -       0x000001f4   Zero   RW         4397    .bss                tasks.o
    0x20005a14        -       0x00000028   Zero   RW         4717    .bss                timers.o
    0x20005a3c        -       0x00000060   Zero   RW         5203    .bss                ad7147_spi.o
    0x20005a9c        -       0x00000400   Zero   RW         5277    .bss                oled12864.o
    0x20005e9c        -       0x00000034   Zero   RW         5835    .bss                menu.o
    0x20005ed0        -       0x00000060   Zero   RW         6123    .bss                gui_task.o
    0x20005f30        -       0x000000f4   Zero   RW         6231    .bss                modbus_req_task.o
    0x20006024        -       0x000000f4   Zero   RW         6302    .bss                modbus_rsp_task.o
    0x20006118        -       0x0000000c   Zero   RW         6351    .bss                pwm_task.o
    0x20006124        -       0x00000248   Zero   RW         6588    .bss                modbus_config.o
    0x2000636c   COMPRESSED   0x00000004   PAD
    0x20006370        -       0x00000400   Zero   RW            1    STACK               startup_stm32f302xc.o


==============================================================================

Image component sizes


      Code (inc. data)   RO Data    RW Data    ZI Data      Debug   Object Name

       376         18          0          0          0       2706   ad5662.o
      1092         26          0          0         96       6238   ad7147_spi.o
       112          0          0          0          0      13282   cmsis_os.o
        56          8        512          0          0       1428   crc16.o
        32          0          0          0          0       1799   cuigui_lcddriver.o
      1556        192          0         44          0       4031   dataview.o
       426          0          0          0          0       7756   dlinklist.o
       100          4          0          0          0        818   dma.o
         0          0          0          0          0       8136   event_groups.o
       100         28         32          4          0       4299   freertos.o
       344         16          0          0          0       1091   gpio.o
      1744         36        852          4          0      20693   gui.o
       308         54          0          4         96       3752   gui_task.o
       692         62          0         24      20480      14543   heap_4.o
       348         46          0         24          0       2275   keyscan_task.o
       148          0          0          0          0       3730   list.o
      6226       2738        581        420          0      10583   listview.o
       324         64          0          0          0     576745   main.o
      5834        370         15         40         52      28622   menu.o
       374         50          0         12          0       5201   modbus.o
        44          6          0          8        584       4858   modbus_config.o
      1406        242          0        104          0      13721   modbus_req.o
       750        140          0         17        244       7758   modbus_req_task.o
        36         14          0          4        244       1525   modbus_rsp_task.o
       610         34          0          0       1024       7531   oled12864.o
       958         92          0         12          0      12317   port.o
       882         60          0         13         12       6018   pwm_task.o
      1872         22          0          0         96      14877   queue.o
         0          0        344          0          0        935   song48.o
         0          0      10688          0          0      35448   songti12.o
         0          0        712          0          0       1703   songti24.o
         0          0       1324          0          0       1703   songti36.o
       364         68          0          0        200       2362   spi.o
        36          8        392          0       1024        856   startup_stm32f302xc.o
       192         36          0          9          0      12737   stm32f3xx_hal.o
       338         22          0          0          0      31725   stm32f3xx_hal_cortex.o
       724          8          0          0          0       5626   stm32f3xx_hal_dma.o
       456         48          0          0         32       4498   stm32f3xx_hal_flash.o
       256         28          0          0          0       2759   stm32f3xx_hal_flash_ex.o
       498         32          0          0          0       3003   stm32f3xx_hal_gpio.o
       144          4          0          0          0        946   stm32f3xx_hal_msp.o
      3484         92         32          0          0       6552   stm32f3xx_hal_rcc.o
       684         12          0          0          0       1628   stm32f3xx_hal_rcc_ex.o
      2264          0          0          0          0       8894   stm32f3xx_hal_spi.o
      1486        126          0          0          0      11410   stm32f3xx_hal_tim.o
       870         54          0          0          0       6601   stm32f3xx_hal_tim_ex.o
      3096         64          0          0          0      20259   stm32f3xx_hal_uart.o
         2          0          0          0          0       1012   stm32f3xx_hal_uart_ex.o
       196         42          0          0          0       7612   stm32f3xx_it.o
       240         14          0          0          0       5339   stmflash.o
       124         20         24          4          0       1247   system_stm32f3xx.o
       124          4         58        152          0       2380   task_project.o
      3516        430          0         68        500      28414   tasks.o
       928        132          0          0        256       5133   tim.o
      1264        116          0         20         40      12526   timers.o
       800        128          0          0        496       8371   usart.o

    ----------------------------------------------------------------------
     48886       5810      15604        996      25480    1018012   Object Totals
         0          0         32          0          0          0   (incl. Generated)
        50          0          6          9          4          0   (incl. Padding)

    ----------------------------------------------------------------------

      Code (inc. data)   RO Data    RW Data    ZI Data      Debug   Library Member Name

        86          0          0          0          0          0   __dczerorl2.o
         0          0          0          0          0          0   entry.o
         0          0          0          0          0          0   entry10a.o
         0          0          0          0          0          0   entry11a.o
         8          4          0          0          0          0   entry2.o
         4          0          0          0          0          0   entry5.o
         0          0          0          0          0          0   entry7b.o
         0          0          0          0          0          0   entry8b.o
         8          4          0          0          0          0   entry9a.o
        30          0          0          0          0          0   handlers.o
        36          8          0          0          0         68   init.o
         0          0          0          0          0          0   iusefp.o
        30          0          0          0          0         68   llshl.o
        32          0          0          0          0         68   llushr.o
        36          0          0          0          0         68   memcpya.o
        36          0          0          0          0        108   memseta.o
       736         56          0          0          0        184   printf5.o
         0          0          0          4          0          0   stdout.o
        98          0          0          0          0         92   uldiv.o
       186          0          0          0          0        176   depilogue.o
        50          0          0          0          0         76   dfixui.o
        34          0          0          0          0         76   dflti.o
        26          0          0          0          0         76   dfltui.o
       228          0          0          0          0         96   dmul.o

    ----------------------------------------------------------------------
      1666         72          0          4          0       1156   Library Totals
         2          0          0          0          0          0   (incl. Padding)

    ----------------------------------------------------------------------

      Code (inc. data)   RO Data    RW Data    ZI Data      Debug   Library Name

      1140         72          0          4          0        656   mc_w.l
       524          0          0          0          0        500   mf_w.l

    ----------------------------------------------------------------------
      1666         72          0          4          0       1156   Library Totals

    ----------------------------------------------------------------------

==============================================================================


      Code (inc. data)   RO Data    RW Data    ZI Data      Debug   

     50552       5882      15604       1000      25480     984680   Grand Totals
     50552       5882      15604        424      25480     984680   ELF Image Totals (compressed)
     50552       5882      15604        424          0          0   ROM Totals

==============================================================================

    Total RO  Size (Code + RO Data)                66156 (  64.61kB)
    Total RW  Size (RW Data + ZI Data)             26480 (  25.86kB)
    Total ROM Size (Code + RO Data + RW Data)      66580 (  65.02kB)

==============================================================================

