<!doctype html public "-//w3c//dtd html 4.0 transitional//en">
<html><head>
<title>Static Call Graph - [ControlerF302CB\ControlerF302CB.axf]</title></head>
<body><HR>
<H1>Static Call Graph for image ControlerF302CB\ControlerF302CB.axf</H1><HR>
<BR><P>#&#060CALLGRAPH&#062# ARM Linker, 5060750: Last Updated: Fri Dec 14 14:26:28 2018
<BR><P>
<H3>Maximum Stack Usage =        688 bytes + Unknown(Cycles, Untraceable Function Pointers)</H3><H3>
Call chain for Maximum Stack Depth:</H3>
GUI_Task &rArr; CreatALLListMenu &rArr; MD_ByteCreatView_MenuSelec &rArr; pvPortMalloc &rArr; xTaskResumeAll &rArr; xTaskIncrementTick
<P>
<H3>
Mutually Recursive functions
</H3> <LI><a href="#[2a]">ADC1_2_IRQHandler</a>&nbsp;&nbsp;&nbsp;&rArr;&nbsp;&nbsp;&nbsp;<a href="#[2a]">ADC1_2_IRQHandler</a><BR>
</UL>
<P>
<H3>
Function Pointers
</H3><UL>
 <LI><a href="#[2a]">ADC1_2_IRQHandler</a> from startup_stm32f302xc.o(.text) referenced from startup_stm32f302xc.o(RESET)
 <LI><a href="#[12]">BusFault_Handler</a> from stm32f3xx_it.o(i.BusFault_Handler) referenced from startup_stm32f302xc.o(RESET)
 <LI><a href="#[2d]">CAN_RX1_IRQHandler</a> from startup_stm32f302xc.o(.text) referenced from startup_stm32f302xc.o(RESET)
 <LI><a href="#[2e]">CAN_SCE_IRQHandler</a> from startup_stm32f302xc.o(.text) referenced from startup_stm32f302xc.o(RESET)
 <LI><a href="#[4c]">COMP1_2_IRQHandler</a> from startup_stm32f302xc.o(.text) referenced from startup_stm32f302xc.o(RESET)
 <LI><a href="#[4d]">COMP4_6_IRQHandler</a> from startup_stm32f302xc.o(.text) referenced from startup_stm32f302xc.o(RESET)
 <LI><a href="#[23]">DMA1_Channel1_IRQHandler</a> from startup_stm32f302xc.o(.text) referenced from startup_stm32f302xc.o(RESET)
 <LI><a href="#[24]">DMA1_Channel2_IRQHandler</a> from startup_stm32f302xc.o(.text) referenced from startup_stm32f302xc.o(RESET)
 <LI><a href="#[25]">DMA1_Channel3_IRQHandler</a> from startup_stm32f302xc.o(.text) referenced from startup_stm32f302xc.o(RESET)
 <LI><a href="#[26]">DMA1_Channel4_IRQHandler</a> from stm32f3xx_it.o(i.DMA1_Channel4_IRQHandler) referenced from startup_stm32f302xc.o(RESET)
 <LI><a href="#[27]">DMA1_Channel5_IRQHandler</a> from stm32f3xx_it.o(i.DMA1_Channel5_IRQHandler) referenced from startup_stm32f302xc.o(RESET)
 <LI><a href="#[28]">DMA1_Channel6_IRQHandler</a> from stm32f3xx_it.o(i.DMA1_Channel6_IRQHandler) referenced from startup_stm32f302xc.o(RESET)
 <LI><a href="#[29]">DMA1_Channel7_IRQHandler</a> from stm32f3xx_it.o(i.DMA1_Channel7_IRQHandler) referenced from startup_stm32f302xc.o(RESET)
 <LI><a href="#[47]">DMA2_Channel1_IRQHandler</a> from startup_stm32f302xc.o(.text) referenced from startup_stm32f302xc.o(RESET)
 <LI><a href="#[48]">DMA2_Channel2_IRQHandler</a> from startup_stm32f302xc.o(.text) referenced from startup_stm32f302xc.o(RESET)
 <LI><a href="#[49]">DMA2_Channel3_IRQHandler</a> from startup_stm32f302xc.o(.text) referenced from startup_stm32f302xc.o(RESET)
 <LI><a href="#[4a]">DMA2_Channel4_IRQHandler</a> from startup_stm32f302xc.o(.text) referenced from startup_stm32f302xc.o(RESET)
 <LI><a href="#[4b]">DMA2_Channel5_IRQHandler</a> from startup_stm32f302xc.o(.text) referenced from startup_stm32f302xc.o(RESET)
 <LI><a href="#[58]">DataViewKeyScan</a> from dataview.o(i.DataViewKeyScan) referenced from listview.o(i.CreatALLListMenu)
 <LI><a href="#[57]">DataViewMenu</a> from dataview.o(i.DataViewMenu) referenced from listview.o(i.CreatALLListMenu)
 <LI><a href="#[15]">DebugMon_Handler</a> from stm32f3xx_it.o(i.DebugMon_Handler) referenced from startup_stm32f302xc.o(RESET)
 <LI><a href="#[1e]">EXTI0_IRQHandler</a> from startup_stm32f302xc.o(.text) referenced from startup_stm32f302xc.o(RESET)
 <LI><a href="#[40]">EXTI15_10_IRQHandler</a> from stm32f3xx_it.o(i.EXTI15_10_IRQHandler) referenced from startup_stm32f302xc.o(RESET)
 <LI><a href="#[1f]">EXTI1_IRQHandler</a> from startup_stm32f302xc.o(.text) referenced from startup_stm32f302xc.o(RESET)
 <LI><a href="#[20]">EXTI2_TSC_IRQHandler</a> from startup_stm32f302xc.o(.text) referenced from startup_stm32f302xc.o(RESET)
 <LI><a href="#[21]">EXTI3_IRQHandler</a> from startup_stm32f302xc.o(.text) referenced from startup_stm32f302xc.o(RESET)
 <LI><a href="#[22]">EXTI4_IRQHandler</a> from startup_stm32f302xc.o(.text) referenced from startup_stm32f302xc.o(RESET)
 <LI><a href="#[2f]">EXTI9_5_IRQHandler</a> from startup_stm32f302xc.o(.text) referenced from startup_stm32f302xc.o(RESET)
 <LI><a href="#[56]">ExitConfigKeyScan</a> from listview.o(i.ExitConfigKeyScan) referenced from listview.o(i.CreatALLListMenu)
 <LI><a href="#[55]">ExitConfigShow</a> from listview.o(i.ExitConfigShow) referenced from listview.o(i.CreatALLListMenu)
 <LI><a href="#[5c]">ExitMenuFun</a> from listview.o(i.ExitMenuFun) referenced from menu.o(i.CreatViewMenuExit)
 <LI><a href="#[5c]">ExitMenuFun</a> from listview.o(i.ExitMenuFun) referenced from menu.o(i.MenuKeyScan)
 <LI><a href="#[1c]">FLASH_IRQHandler</a> from startup_stm32f302xc.o(.text) referenced from startup_stm32f302xc.o(RESET)
 <LI><a href="#[51]">FPU_IRQHandler</a> from startup_stm32f302xc.o(.text) referenced from startup_stm32f302xc.o(RESET)
 <LI><a href="#[1]">GUI_Task</a> from gui_task.o(i.GUI_Task) referenced 2 times from task_project.o(.data)
 <LI><a href="#[10]">HardFault_Handler</a> from stm32f3xx_it.o(i.HardFault_Handler) referenced from startup_stm32f302xc.o(RESET)
 <LI><a href="#[38]">I2C1_ER_IRQHandler</a> from startup_stm32f302xc.o(.text) referenced from startup_stm32f302xc.o(RESET)
 <LI><a href="#[37]">I2C1_EV_IRQHandler</a> from startup_stm32f302xc.o(.text) referenced from startup_stm32f302xc.o(RESET)
 <LI><a href="#[3a]">I2C2_ER_IRQHandler</a> from startup_stm32f302xc.o(.text) referenced from startup_stm32f302xc.o(RESET)
 <LI><a href="#[39]">I2C2_EV_IRQHandler</a> from startup_stm32f302xc.o(.text) referenced from startup_stm32f302xc.o(RESET)
 <LI><a href="#[0]">KeyScan_Task</a> from keyscan_task.o(i.KeyScan_Task) referenced 2 times from task_project.o(.data)
 <LI><a href="#[5d]">MDView_ValueShow</a> from menu.o(i.MDView_ValueShow) referenced from menu.o(i.CreatViewMenuValu)
 <LI><a href="#[69]">MD_ByteView_SelectShow</a> from menu.o(i.MD_ByteView_SelectShow) referenced from menu.o(i.MD_ByteCreatView_MenuSelec)
 <LI><a href="#[11]">MemManage_Handler</a> from stm32f3xx_it.o(i.MemManage_Handler) referenced from startup_stm32f302xc.o(RESET)
 <LI><a href="#[5a]">MenuKeyScan</a> from menu.o(i.MenuKeyScan) referenced from listview.o(i.CreatALLListMenu)
 <LI><a href="#[5a]">MenuKeyScan</a> from menu.o(i.MenuKeyScan) referenced from menu.o(i.CreatListMenu)
 <LI><a href="#[5a]">MenuKeyScan</a> from menu.o(i.MenuKeyScan) referenced from menu.o(i.CreatListShowValu)
 <LI><a href="#[5a]">MenuKeyScan</a> from menu.o(i.MenuKeyScan) referenced from menu.o(i.CreatViewMenuExit)
 <LI><a href="#[2]">ModbusReq_Task</a> from modbus_req_task.o(i.ModbusReq_Task) referenced 2 times from task_project.o(.data)
 <LI><a href="#[f]">NMI_Handler</a> from stm32f3xx_it.o(i.NMI_Handler) referenced from startup_stm32f302xc.o(RESET)
 <LI><a href="#[19]">PVD_IRQHandler</a> from startup_stm32f302xc.o(.text) referenced from startup_stm32f302xc.o(RESET)
 <LI><a href="#[3]">PWM_T1OUT1_Task</a> from pwm_task.o(i.PWM_T1OUT1_Task) referenced 2 times from task_project.o(.data)
 <LI><a href="#[4]">PWM_T2OUT2_Task</a> from pwm_task.o(i.PWM_T2OUT2_Task) referenced 2 times from task_project.o(.data)
 <LI><a href="#[5]">PWM_T2OUT3_Task</a> from pwm_task.o(i.PWM_T2OUT3_Task) referenced 2 times from task_project.o(.data)
 <LI><a href="#[16]">PendSV_Handler</a> from port.o(.emb_text) referenced from startup_stm32f302xc.o(RESET)
 <LI><a href="#[1d]">RCC_IRQHandler</a> from startup_stm32f302xc.o(.text) referenced from startup_stm32f302xc.o(RESET)
 <LI><a href="#[c]">REQ_Erro4</a> from modbus_req.o(i.REQ_Erro4) referenced 2 times from modbus_req.o(.data)
 <LI><a href="#[a]">REQ_ErroADDR</a> from modbus_req.o(i.REQ_ErroADDR) referenced 2 times from modbus_req.o(.data)
 <LI><a href="#[d]">REQ_ErroCRC</a> from modbus_req.o(i.REQ_ErroCRC) referenced 2 times from modbus_req.o(.data)
 <LI><a href="#[9]">REQ_ErroFUN</a> from modbus_req.o(i.REQ_ErroFUN) referenced 2 times from modbus_req.o(.data)
 <LI><a href="#[b]">REQ_ErroNUM</a> from modbus_req.o(i.REQ_ErroNUM) referenced 2 times from modbus_req.o(.data)
 <LI><a href="#[6]">REQ_SaveRead</a> from modbus_req.o(i.REQ_SaveRead) referenced 8 times from modbus_req.o(.data)
 <LI><a href="#[7]">REQ_SingleWriteReceive</a> from modbus_req.o(i.REQ_SingleWriteReceive) referenced 4 times from modbus_req.o(.data)
 <LI><a href="#[8]">REQ_WriteDatasReceive</a> from modbus_req.o(i.REQ_WriteDatasReceive) referenced 4 times from modbus_req.o(.data)
 <LI><a href="#[41]">RTC_Alarm_IRQHandler</a> from startup_stm32f302xc.o(.text) referenced from startup_stm32f302xc.o(RESET)
 <LI><a href="#[1b]">RTC_WKUP_IRQHandler</a> from startup_stm32f302xc.o(.text) referenced from startup_stm32f302xc.o(RESET)
 <LI><a href="#[e]">Reset_Handler</a> from startup_stm32f302xc.o(.text) referenced from startup_stm32f302xc.o(RESET)
 <LI><a href="#[3b]">SPI1_IRQHandler</a> from startup_stm32f302xc.o(.text) referenced from startup_stm32f302xc.o(RESET)
 <LI><a href="#[3c]">SPI2_IRQHandler</a> from startup_stm32f302xc.o(.text) referenced from startup_stm32f302xc.o(RESET)
 <LI><a href="#[43]">SPI3_IRQHandler</a> from startup_stm32f302xc.o(.text) referenced from startup_stm32f302xc.o(RESET)
 <LI><a href="#[14]">SVC_Handler</a> from port.o(.emb_text) referenced from startup_stm32f302xc.o(RESET)
 <LI><a href="#[59]">ShowListMenu</a> from menu.o(i.ShowListMenu) referenced from listview.o(i.CreatALLListMenu)
 <LI><a href="#[59]">ShowListMenu</a> from menu.o(i.ShowListMenu) referenced from menu.o(i.CreatListMenu)
 <LI><a href="#[5b]">ShowValuMenu</a> from menu.o(i.ShowValuMenu) referenced from menu.o(i.CreatListShowValu)
 <LI><a href="#[6f]">StartDefaultTask</a> from freertos.o(i.StartDefaultTask) referenced from freertos.o(.constdata)
 <LI><a href="#[17]">SysTick_Handler</a> from stm32f3xx_it.o(i.SysTick_Handler) referenced from startup_stm32f302xc.o(RESET)
 <LI><a href="#[53]">SystemInit</a> from system_stm32f3xx.o(i.SystemInit) referenced from startup_stm32f302xc.o(.text)
 <LI><a href="#[1a]">TAMP_STAMP_IRQHandler</a> from startup_stm32f302xc.o(.text) referenced from startup_stm32f302xc.o(RESET)
 <LI><a href="#[30]">TIM1_BRK_TIM15_IRQHandler</a> from startup_stm32f302xc.o(.text) referenced from startup_stm32f302xc.o(RESET)
 <LI><a href="#[33]">TIM1_CC_IRQHandler</a> from startup_stm32f302xc.o(.text) referenced from startup_stm32f302xc.o(RESET)
 <LI><a href="#[32]">TIM1_TRG_COM_TIM17_IRQHandler</a> from startup_stm32f302xc.o(.text) referenced from startup_stm32f302xc.o(RESET)
 <LI><a href="#[31]">TIM1_UP_TIM16_IRQHandler</a> from startup_stm32f302xc.o(.text) referenced from startup_stm32f302xc.o(RESET)
 <LI><a href="#[34]">TIM2_IRQHandler</a> from startup_stm32f302xc.o(.text) referenced from startup_stm32f302xc.o(RESET)
 <LI><a href="#[35]">TIM3_IRQHandler</a> from startup_stm32f302xc.o(.text) referenced from startup_stm32f302xc.o(RESET)
 <LI><a href="#[36]">TIM4_IRQHandler</a> from startup_stm32f302xc.o(.text) referenced from startup_stm32f302xc.o(RESET)
 <LI><a href="#[46]">TIM6_DAC_IRQHandler</a> from stm32f3xx_it.o(i.TIM6_DAC_IRQHandler) referenced from startup_stm32f302xc.o(RESET)
 <LI><a href="#[44]">UART4_IRQHandler</a> from startup_stm32f302xc.o(.text) referenced from startup_stm32f302xc.o(RESET)
 <LI><a href="#[45]">UART5_IRQHandler</a> from startup_stm32f302xc.o(.text) referenced from startup_stm32f302xc.o(RESET)
 <LI><a href="#[63]">UART_DMAAbortOnError</a> from stm32f3xx_hal_uart.o(i.UART_DMAAbortOnError) referenced from stm32f3xx_hal_uart.o(i.HAL_UART_IRQHandler)
 <LI><a href="#[66]">UART_DMAError</a> from stm32f3xx_hal_uart.o(i.UART_DMAError) referenced from stm32f3xx_hal_uart.o(i.HAL_UART_Receive_DMA)
 <LI><a href="#[66]">UART_DMAError</a> from stm32f3xx_hal_uart.o(i.UART_DMAError) referenced from stm32f3xx_hal_uart.o(i.HAL_UART_Transmit_DMA)
 <LI><a href="#[64]">UART_DMAReceiveCplt</a> from stm32f3xx_hal_uart.o(i.UART_DMAReceiveCplt) referenced from stm32f3xx_hal_uart.o(i.HAL_UART_Receive_DMA)
 <LI><a href="#[65]">UART_DMARxHalfCplt</a> from stm32f3xx_hal_uart.o(i.UART_DMARxHalfCplt) referenced from stm32f3xx_hal_uart.o(i.HAL_UART_Receive_DMA)
 <LI><a href="#[67]">UART_DMATransmitCplt</a> from stm32f3xx_hal_uart.o(i.UART_DMATransmitCplt) referenced from stm32f3xx_hal_uart.o(i.HAL_UART_Transmit_DMA)
 <LI><a href="#[68]">UART_DMATxHalfCplt</a> from stm32f3xx_hal_uart.o(i.UART_DMATxHalfCplt) referenced from stm32f3xx_hal_uart.o(i.HAL_UART_Transmit_DMA)
 <LI><a href="#[3d]">USART1_IRQHandler</a> from stm32f3xx_it.o(i.USART1_IRQHandler) referenced from startup_stm32f302xc.o(RESET)
 <LI><a href="#[3e]">USART2_IRQHandler</a> from stm32f3xx_it.o(i.USART2_IRQHandler) referenced from startup_stm32f302xc.o(RESET)
 <LI><a href="#[3f]">USART3_IRQHandler</a> from startup_stm32f302xc.o(.text) referenced from startup_stm32f302xc.o(RESET)
 <LI><a href="#[42]">USBWakeUp_IRQHandler</a> from startup_stm32f302xc.o(.text) referenced from startup_stm32f302xc.o(RESET)
 <LI><a href="#[50]">USBWakeUp_RMP_IRQHandler</a> from startup_stm32f302xc.o(.text) referenced from startup_stm32f302xc.o(RESET)
 <LI><a href="#[2b]">USB_HP_CAN_TX_IRQHandler</a> from startup_stm32f302xc.o(.text) referenced from startup_stm32f302xc.o(RESET)
 <LI><a href="#[4e]">USB_HP_IRQHandler</a> from startup_stm32f302xc.o(.text) referenced from startup_stm32f302xc.o(RESET)
 <LI><a href="#[2c]">USB_LP_CAN_RX0_IRQHandler</a> from startup_stm32f302xc.o(.text) referenced from startup_stm32f302xc.o(RESET)
 <LI><a href="#[4f]">USB_LP_IRQHandler</a> from startup_stm32f302xc.o(.text) referenced from startup_stm32f302xc.o(RESET)
 <LI><a href="#[13]">UsageFault_Handler</a> from stm32f3xx_it.o(i.UsageFault_Handler) referenced from startup_stm32f302xc.o(RESET)
 <LI><a href="#[62]">View_FlashSelectShow</a> from menu.o(i.View_FlashSelectShow) referenced from menu.o(i.CreatView_SaveFlaseSelec)
 <LI><a href="#[5f]">View_FlashValueShow</a> from menu.o(i.View_FlashValueShow) referenced from menu.o(i.CreatViewSaveFlaseValu)
 <LI><a href="#[61]">View_SelectKeyScan</a> from menu.o(i.View_SelectKeyScan) referenced from menu.o(i.CreatView_MenuSelec)
 <LI><a href="#[61]">View_SelectKeyScan</a> from menu.o(i.View_SelectKeyScan) referenced from menu.o(i.CreatView_SaveFlaseSelec)
 <LI><a href="#[61]">View_SelectKeyScan</a> from menu.o(i.View_SelectKeyScan) referenced from menu.o(i.MD_ByteCreatView_MenuSelec)
 <LI><a href="#[60]">View_SelectShow</a> from menu.o(i.View_SelectShow) referenced from menu.o(i.CreatView_MenuSelec)
 <LI><a href="#[5e]">View_ValueKeyScan</a> from menu.o(i.View_ValueKeyScan) referenced from menu.o(i.CreatViewMenuValu)
 <LI><a href="#[5e]">View_ValueKeyScan</a> from menu.o(i.View_ValueKeyScan) referenced from menu.o(i.CreatViewSaveFlaseValu)
 <LI><a href="#[18]">WWDG_IRQHandler</a> from startup_stm32f302xc.o(.text) referenced from startup_stm32f302xc.o(RESET)
 <LI><a href="#[54]">__main</a> from entry.o(.ARM.Collect$$$$00000000) referenced from startup_stm32f302xc.o(.text)
 <LI><a href="#[6b]">fputc</a> from usart.o(i.fputc) referenced from printf5.o(i.__0printf$5)
 <LI><a href="#[6a]">keyTimerCallBack</a> from keyscan_task.o(i.keyTimerCallBack) referenced from freertos.o(i.MX_FREERTOS_Init)
 <LI><a href="#[52]">main</a> from main.o(i.main) referenced from entry9a.o(.ARM.Collect$$$$0000000B)
 <LI><a href="#[6d]">prvIdleTask</a> from tasks.o(i.prvIdleTask) referenced from tasks.o(i.vTaskStartScheduler)
 <LI><a href="#[6c]">prvTaskExitError</a> from port.o(i.prvTaskExitError) referenced from port.o(i.pxPortInitialiseStack)
 <LI><a href="#[6e]">prvTimerTask</a> from timers.o(i.prvTimerTask) referenced from timers.o(i.xTimerCreateTimerTask)
</UL>
<P>
<H3>
Global Symbols
</H3>
<P><STRONG><a name="[54]"></a>__main</STRONG> (Thumb, 0 bytes, Stack size unknown bytes, entry.o(.ARM.Collect$$$$00000000))
<BR>[Address Reference Count : 1]<UL><LI> startup_stm32f302xc.o(.text)
</UL>
<P><STRONG><a name="[1ab]"></a>_main_stk</STRONG> (Thumb, 0 bytes, Stack size unknown bytes, entry2.o(.ARM.Collect$$$$00000001))

<P><STRONG><a name="[70]"></a>_main_scatterload</STRONG> (Thumb, 0 bytes, Stack size unknown bytes, entry5.o(.ARM.Collect$$$$00000004))
<BR><BR>[Calls]<UL><LI><a href="#[71]">&gt;&gt;</a>&nbsp;&nbsp;&nbsp;__scatterload
</UL>

<P><STRONG><a name="[7f]"></a>__main_after_scatterload</STRONG> (Thumb, 0 bytes, Stack size unknown bytes, entry5.o(.ARM.Collect$$$$00000004))
<BR><BR>[Called By]<UL><LI><a href="#[71]">&gt;&gt;</a>&nbsp;&nbsp;&nbsp;__scatterload
</UL>

<P><STRONG><a name="[1ac]"></a>_main_clock</STRONG> (Thumb, 0 bytes, Stack size unknown bytes, entry7b.o(.ARM.Collect$$$$00000008))

<P><STRONG><a name="[1ad]"></a>_main_cpp_init</STRONG> (Thumb, 0 bytes, Stack size unknown bytes, entry8b.o(.ARM.Collect$$$$0000000A))

<P><STRONG><a name="[1ae]"></a>_main_init</STRONG> (Thumb, 0 bytes, Stack size unknown bytes, entry9a.o(.ARM.Collect$$$$0000000B))

<P><STRONG><a name="[1af]"></a>__rt_final_cpp</STRONG> (Thumb, 0 bytes, Stack size unknown bytes, entry10a.o(.ARM.Collect$$$$0000000D))

<P><STRONG><a name="[1b0]"></a>__rt_final_exit</STRONG> (Thumb, 0 bytes, Stack size unknown bytes, entry11a.o(.ARM.Collect$$$$0000000F))

<P><STRONG><a name="[14]"></a>SVC_Handler</STRONG> (Thumb, 28 bytes, Stack size 0 bytes, port.o(.emb_text))
<BR>[Address Reference Count : 1]<UL><LI> startup_stm32f302xc.o(RESET)
</UL>
<P><STRONG><a name="[1a5]"></a>__asm___6_port_c_39a90d8d__prvStartFirstTask</STRONG> (Thumb, 28 bytes, Stack size 0 bytes, port.o(.emb_text))
<BR><BR>[Called By]<UL><LI><a href="#[1a1]">&gt;&gt;</a>&nbsp;&nbsp;&nbsp;xPortStartScheduler
</UL>

<P><STRONG><a name="[1a4]"></a>__asm___6_port_c_39a90d8d__prvEnableVFP</STRONG> (Thumb, 16 bytes, Stack size 0 bytes, port.o(.emb_text))
<BR><BR>[Called By]<UL><LI><a href="#[1a1]">&gt;&gt;</a>&nbsp;&nbsp;&nbsp;xPortStartScheduler
</UL>

<P><STRONG><a name="[16]"></a>PendSV_Handler</STRONG> (Thumb, 92 bytes, Stack size 0 bytes, port.o(.emb_text))
<BR><BR>[Stack]<UL><LI>Max Depth = 8<LI>Call Chain = PendSV_Handler &rArr; vTaskSwitchContext
</UL>
<BR>[Calls]<UL><LI><a href="#[72]">&gt;&gt;</a>&nbsp;&nbsp;&nbsp;vTaskSwitchContext
</UL>
<BR>[Address Reference Count : 1]<UL><LI> startup_stm32f302xc.o(RESET)
</UL>
<P><STRONG><a name="[19b]"></a>vPortGetIPSR</STRONG> (Thumb, 6 bytes, Stack size 0 bytes, port.o(.emb_text))
<BR><BR>[Called By]<UL><LI><a href="#[19a]">&gt;&gt;</a>&nbsp;&nbsp;&nbsp;vPortValidateInterruptPriority
</UL>

<P><STRONG><a name="[e]"></a>Reset_Handler</STRONG> (Thumb, 8 bytes, Stack size 0 bytes, startup_stm32f302xc.o(.text))
<BR>[Address Reference Count : 1]<UL><LI> startup_stm32f302xc.o(RESET)
</UL>
<P><STRONG><a name="[2a]"></a>ADC1_2_IRQHandler</STRONG> (Thumb, 0 bytes, Stack size 0 bytes, startup_stm32f302xc.o(.text))
<BR><BR>[Calls]<UL><LI><a href="#[2a]">&gt;&gt;</a>&nbsp;&nbsp;&nbsp;ADC1_2_IRQHandler
</UL>
<BR>[Called By]<UL><LI><a href="#[2a]">&gt;&gt;</a>&nbsp;&nbsp;&nbsp;ADC1_2_IRQHandler
</UL>
<BR>[Address Reference Count : 1]<UL><LI> startup_stm32f302xc.o(RESET)
</UL>
<P><STRONG><a name="[2d]"></a>CAN_RX1_IRQHandler</STRONG> (Thumb, 0 bytes, Stack size 0 bytes, startup_stm32f302xc.o(.text))
<BR>[Address Reference Count : 1]<UL><LI> startup_stm32f302xc.o(RESET)
</UL>
<P><STRONG><a name="[2e]"></a>CAN_SCE_IRQHandler</STRONG> (Thumb, 0 bytes, Stack size 0 bytes, startup_stm32f302xc.o(.text))
<BR>[Address Reference Count : 1]<UL><LI> startup_stm32f302xc.o(RESET)
</UL>
<P><STRONG><a name="[4c]"></a>COMP1_2_IRQHandler</STRONG> (Thumb, 0 bytes, Stack size 0 bytes, startup_stm32f302xc.o(.text))
<BR>[Address Reference Count : 1]<UL><LI> startup_stm32f302xc.o(RESET)
</UL>
<P><STRONG><a name="[4d]"></a>COMP4_6_IRQHandler</STRONG> (Thumb, 0 bytes, Stack size 0 bytes, startup_stm32f302xc.o(.text))
<BR>[Address Reference Count : 1]<UL><LI> startup_stm32f302xc.o(RESET)
</UL>
<P><STRONG><a name="[23]"></a>DMA1_Channel1_IRQHandler</STRONG> (Thumb, 0 bytes, Stack size 0 bytes, startup_stm32f302xc.o(.text))
<BR>[Address Reference Count : 1]<UL><LI> startup_stm32f302xc.o(RESET)
</UL>
<P><STRONG><a name="[24]"></a>DMA1_Channel2_IRQHandler</STRONG> (Thumb, 0 bytes, Stack size 0 bytes, startup_stm32f302xc.o(.text))
<BR>[Address Reference Count : 1]<UL><LI> startup_stm32f302xc.o(RESET)
</UL>
<P><STRONG><a name="[25]"></a>DMA1_Channel3_IRQHandler</STRONG> (Thumb, 0 bytes, Stack size 0 bytes, startup_stm32f302xc.o(.text))
<BR>[Address Reference Count : 1]<UL><LI> startup_stm32f302xc.o(RESET)
</UL>
<P><STRONG><a name="[47]"></a>DMA2_Channel1_IRQHandler</STRONG> (Thumb, 0 bytes, Stack size 0 bytes, startup_stm32f302xc.o(.text))
<BR>[Address Reference Count : 1]<UL><LI> startup_stm32f302xc.o(RESET)
</UL>
<P><STRONG><a name="[48]"></a>DMA2_Channel2_IRQHandler</STRONG> (Thumb, 0 bytes, Stack size 0 bytes, startup_stm32f302xc.o(.text))
<BR>[Address Reference Count : 1]<UL><LI> startup_stm32f302xc.o(RESET)
</UL>
<P><STRONG><a name="[49]"></a>DMA2_Channel3_IRQHandler</STRONG> (Thumb, 0 bytes, Stack size 0 bytes, startup_stm32f302xc.o(.text))
<BR>[Address Reference Count : 1]<UL><LI> startup_stm32f302xc.o(RESET)
</UL>
<P><STRONG><a name="[4a]"></a>DMA2_Channel4_IRQHandler</STRONG> (Thumb, 0 bytes, Stack size 0 bytes, startup_stm32f302xc.o(.text))
<BR>[Address Reference Count : 1]<UL><LI> startup_stm32f302xc.o(RESET)
</UL>
<P><STRONG><a name="[4b]"></a>DMA2_Channel5_IRQHandler</STRONG> (Thumb, 0 bytes, Stack size 0 bytes, startup_stm32f302xc.o(.text))
<BR>[Address Reference Count : 1]<UL><LI> startup_stm32f302xc.o(RESET)
</UL>
<P><STRONG><a name="[1e]"></a>EXTI0_IRQHandler</STRONG> (Thumb, 0 bytes, Stack size 0 bytes, startup_stm32f302xc.o(.text))
<BR>[Address Reference Count : 1]<UL><LI> startup_stm32f302xc.o(RESET)
</UL>
<P><STRONG><a name="[1f]"></a>EXTI1_IRQHandler</STRONG> (Thumb, 0 bytes, Stack size 0 bytes, startup_stm32f302xc.o(.text))
<BR>[Address Reference Count : 1]<UL><LI> startup_stm32f302xc.o(RESET)
</UL>
<P><STRONG><a name="[20]"></a>EXTI2_TSC_IRQHandler</STRONG> (Thumb, 0 bytes, Stack size 0 bytes, startup_stm32f302xc.o(.text))
<BR>[Address Reference Count : 1]<UL><LI> startup_stm32f302xc.o(RESET)
</UL>
<P><STRONG><a name="[21]"></a>EXTI3_IRQHandler</STRONG> (Thumb, 0 bytes, Stack size 0 bytes, startup_stm32f302xc.o(.text))
<BR>[Address Reference Count : 1]<UL><LI> startup_stm32f302xc.o(RESET)
</UL>
<P><STRONG><a name="[22]"></a>EXTI4_IRQHandler</STRONG> (Thumb, 0 bytes, Stack size 0 bytes, startup_stm32f302xc.o(.text))
<BR>[Address Reference Count : 1]<UL><LI> startup_stm32f302xc.o(RESET)
</UL>
<P><STRONG><a name="[2f]"></a>EXTI9_5_IRQHandler</STRONG> (Thumb, 0 bytes, Stack size 0 bytes, startup_stm32f302xc.o(.text))
<BR>[Address Reference Count : 1]<UL><LI> startup_stm32f302xc.o(RESET)
</UL>
<P><STRONG><a name="[1c]"></a>FLASH_IRQHandler</STRONG> (Thumb, 0 bytes, Stack size 0 bytes, startup_stm32f302xc.o(.text))
<BR>[Address Reference Count : 1]<UL><LI> startup_stm32f302xc.o(RESET)
</UL>
<P><STRONG><a name="[51]"></a>FPU_IRQHandler</STRONG> (Thumb, 0 bytes, Stack size 0 bytes, startup_stm32f302xc.o(.text))
<BR>[Address Reference Count : 1]<UL><LI> startup_stm32f302xc.o(RESET)
</UL>
<P><STRONG><a name="[38]"></a>I2C1_ER_IRQHandler</STRONG> (Thumb, 0 bytes, Stack size 0 bytes, startup_stm32f302xc.o(.text))
<BR>[Address Reference Count : 1]<UL><LI> startup_stm32f302xc.o(RESET)
</UL>
<P><STRONG><a name="[37]"></a>I2C1_EV_IRQHandler</STRONG> (Thumb, 0 bytes, Stack size 0 bytes, startup_stm32f302xc.o(.text))
<BR>[Address Reference Count : 1]<UL><LI> startup_stm32f302xc.o(RESET)
</UL>
<P><STRONG><a name="[3a]"></a>I2C2_ER_IRQHandler</STRONG> (Thumb, 0 bytes, Stack size 0 bytes, startup_stm32f302xc.o(.text))
<BR>[Address Reference Count : 1]<UL><LI> startup_stm32f302xc.o(RESET)
</UL>
<P><STRONG><a name="[39]"></a>I2C2_EV_IRQHandler</STRONG> (Thumb, 0 bytes, Stack size 0 bytes, startup_stm32f302xc.o(.text))
<BR>[Address Reference Count : 1]<UL><LI> startup_stm32f302xc.o(RESET)
</UL>
<P><STRONG><a name="[19]"></a>PVD_IRQHandler</STRONG> (Thumb, 0 bytes, Stack size 0 bytes, startup_stm32f302xc.o(.text))
<BR>[Address Reference Count : 1]<UL><LI> startup_stm32f302xc.o(RESET)
</UL>
<P><STRONG><a name="[1d]"></a>RCC_IRQHandler</STRONG> (Thumb, 0 bytes, Stack size 0 bytes, startup_stm32f302xc.o(.text))
<BR>[Address Reference Count : 1]<UL><LI> startup_stm32f302xc.o(RESET)
</UL>
<P><STRONG><a name="[41]"></a>RTC_Alarm_IRQHandler</STRONG> (Thumb, 0 bytes, Stack size 0 bytes, startup_stm32f302xc.o(.text))
<BR>[Address Reference Count : 1]<UL><LI> startup_stm32f302xc.o(RESET)
</UL>
<P><STRONG><a name="[1b]"></a>RTC_WKUP_IRQHandler</STRONG> (Thumb, 0 bytes, Stack size 0 bytes, startup_stm32f302xc.o(.text))
<BR>[Address Reference Count : 1]<UL><LI> startup_stm32f302xc.o(RESET)
</UL>
<P><STRONG><a name="[3b]"></a>SPI1_IRQHandler</STRONG> (Thumb, 0 bytes, Stack size 0 bytes, startup_stm32f302xc.o(.text))
<BR>[Address Reference Count : 1]<UL><LI> startup_stm32f302xc.o(RESET)
</UL>
<P><STRONG><a name="[3c]"></a>SPI2_IRQHandler</STRONG> (Thumb, 0 bytes, Stack size 0 bytes, startup_stm32f302xc.o(.text))
<BR>[Address Reference Count : 1]<UL><LI> startup_stm32f302xc.o(RESET)
</UL>
<P><STRONG><a name="[43]"></a>SPI3_IRQHandler</STRONG> (Thumb, 0 bytes, Stack size 0 bytes, startup_stm32f302xc.o(.text))
<BR>[Address Reference Count : 1]<UL><LI> startup_stm32f302xc.o(RESET)
</UL>
<P><STRONG><a name="[1a]"></a>TAMP_STAMP_IRQHandler</STRONG> (Thumb, 0 bytes, Stack size 0 bytes, startup_stm32f302xc.o(.text))
<BR>[Address Reference Count : 1]<UL><LI> startup_stm32f302xc.o(RESET)
</UL>
<P><STRONG><a name="[30]"></a>TIM1_BRK_TIM15_IRQHandler</STRONG> (Thumb, 0 bytes, Stack size 0 bytes, startup_stm32f302xc.o(.text))
<BR>[Address Reference Count : 1]<UL><LI> startup_stm32f302xc.o(RESET)
</UL>
<P><STRONG><a name="[33]"></a>TIM1_CC_IRQHandler</STRONG> (Thumb, 0 bytes, Stack size 0 bytes, startup_stm32f302xc.o(.text))
<BR>[Address Reference Count : 1]<UL><LI> startup_stm32f302xc.o(RESET)
</UL>
<P><STRONG><a name="[32]"></a>TIM1_TRG_COM_TIM17_IRQHandler</STRONG> (Thumb, 0 bytes, Stack size 0 bytes, startup_stm32f302xc.o(.text))
<BR>[Address Reference Count : 1]<UL><LI> startup_stm32f302xc.o(RESET)
</UL>
<P><STRONG><a name="[31]"></a>TIM1_UP_TIM16_IRQHandler</STRONG> (Thumb, 0 bytes, Stack size 0 bytes, startup_stm32f302xc.o(.text))
<BR>[Address Reference Count : 1]<UL><LI> startup_stm32f302xc.o(RESET)
</UL>
<P><STRONG><a name="[34]"></a>TIM2_IRQHandler</STRONG> (Thumb, 0 bytes, Stack size 0 bytes, startup_stm32f302xc.o(.text))
<BR>[Address Reference Count : 1]<UL><LI> startup_stm32f302xc.o(RESET)
</UL>
<P><STRONG><a name="[35]"></a>TIM3_IRQHandler</STRONG> (Thumb, 0 bytes, Stack size 0 bytes, startup_stm32f302xc.o(.text))
<BR>[Address Reference Count : 1]<UL><LI> startup_stm32f302xc.o(RESET)
</UL>
<P><STRONG><a name="[36]"></a>TIM4_IRQHandler</STRONG> (Thumb, 0 bytes, Stack size 0 bytes, startup_stm32f302xc.o(.text))
<BR>[Address Reference Count : 1]<UL><LI> startup_stm32f302xc.o(RESET)
</UL>
<P><STRONG><a name="[44]"></a>UART4_IRQHandler</STRONG> (Thumb, 0 bytes, Stack size 0 bytes, startup_stm32f302xc.o(.text))
<BR>[Address Reference Count : 1]<UL><LI> startup_stm32f302xc.o(RESET)
</UL>
<P><STRONG><a name="[45]"></a>UART5_IRQHandler</STRONG> (Thumb, 0 bytes, Stack size 0 bytes, startup_stm32f302xc.o(.text))
<BR>[Address Reference Count : 1]<UL><LI> startup_stm32f302xc.o(RESET)
</UL>
<P><STRONG><a name="[3f]"></a>USART3_IRQHandler</STRONG> (Thumb, 0 bytes, Stack size 0 bytes, startup_stm32f302xc.o(.text))
<BR>[Address Reference Count : 1]<UL><LI> startup_stm32f302xc.o(RESET)
</UL>
<P><STRONG><a name="[42]"></a>USBWakeUp_IRQHandler</STRONG> (Thumb, 0 bytes, Stack size 0 bytes, startup_stm32f302xc.o(.text))
<BR>[Address Reference Count : 1]<UL><LI> startup_stm32f302xc.o(RESET)
</UL>
<P><STRONG><a name="[50]"></a>USBWakeUp_RMP_IRQHandler</STRONG> (Thumb, 0 bytes, Stack size 0 bytes, startup_stm32f302xc.o(.text))
<BR>[Address Reference Count : 1]<UL><LI> startup_stm32f302xc.o(RESET)
</UL>
<P><STRONG><a name="[2b]"></a>USB_HP_CAN_TX_IRQHandler</STRONG> (Thumb, 0 bytes, Stack size 0 bytes, startup_stm32f302xc.o(.text))
<BR>[Address Reference Count : 1]<UL><LI> startup_stm32f302xc.o(RESET)
</UL>
<P><STRONG><a name="[4e]"></a>USB_HP_IRQHandler</STRONG> (Thumb, 0 bytes, Stack size 0 bytes, startup_stm32f302xc.o(.text))
<BR>[Address Reference Count : 1]<UL><LI> startup_stm32f302xc.o(RESET)
</UL>
<P><STRONG><a name="[2c]"></a>USB_LP_CAN_RX0_IRQHandler</STRONG> (Thumb, 0 bytes, Stack size 0 bytes, startup_stm32f302xc.o(.text))
<BR>[Address Reference Count : 1]<UL><LI> startup_stm32f302xc.o(RESET)
</UL>
<P><STRONG><a name="[4f]"></a>USB_LP_IRQHandler</STRONG> (Thumb, 0 bytes, Stack size 0 bytes, startup_stm32f302xc.o(.text))
<BR>[Address Reference Count : 1]<UL><LI> startup_stm32f302xc.o(RESET)
</UL>
<P><STRONG><a name="[18]"></a>WWDG_IRQHandler</STRONG> (Thumb, 0 bytes, Stack size 0 bytes, startup_stm32f302xc.o(.text))
<BR>[Address Reference Count : 1]<UL><LI> startup_stm32f302xc.o(RESET)
</UL>
<P><STRONG><a name="[7b]"></a>__aeabi_llsr</STRONG> (Thumb, 32 bytes, Stack size 0 bytes, llushr.o(.text))
<BR><BR>[Called By]<UL><LI><a href="#[cc]">&gt;&gt;</a>&nbsp;&nbsp;&nbsp;HAL_FLASH_Program
<LI><a href="#[7a]">&gt;&gt;</a>&nbsp;&nbsp;&nbsp;__aeabi_d2uiz
<LI><a href="#[7c]">&gt;&gt;</a>&nbsp;&nbsp;&nbsp;__aeabi_uldivmod
<LI><a href="#[77]">&gt;&gt;</a>&nbsp;&nbsp;&nbsp;_double_epilogue
</UL>

<P><STRONG><a name="[1b1]"></a>_ll_ushift_r</STRONG> (Thumb, 0 bytes, Stack size 0 bytes, llushr.o(.text), UNUSED)

<P><STRONG><a name="[181]"></a>__aeabi_memcpy</STRONG> (Thumb, 36 bytes, Stack size 0 bytes, memcpya.o(.text))
<BR><BR>[Called By]<UL><LI><a href="#[182]">&gt;&gt;</a>&nbsp;&nbsp;&nbsp;prvCopyDataToQueue
<LI><a href="#[180]">&gt;&gt;</a>&nbsp;&nbsp;&nbsp;prvCopyDataFromQueue
</UL>

<P><STRONG><a name="[12d]"></a>__aeabi_memcpy4</STRONG> (Thumb, 0 bytes, Stack size 0 bytes, memcpya.o(.text))
<BR><BR>[Called By]<UL><LI><a href="#[12a]">&gt;&gt;</a>&nbsp;&nbsp;&nbsp;MX_FREERTOS_Init
</UL>

<P><STRONG><a name="[1b2]"></a>__aeabi_memcpy8</STRONG> (Thumb, 0 bytes, Stack size 0 bytes, memcpya.o(.text), UNUSED)

<P><STRONG><a name="[74]"></a>__aeabi_memset</STRONG> (Thumb, 14 bytes, Stack size 0 bytes, memseta.o(.text))
<BR><BR>[Called By]<UL><LI><a href="#[187]">&gt;&gt;</a>&nbsp;&nbsp;&nbsp;prvInitialiseNewTask
<LI><a href="#[75]">&gt;&gt;</a>&nbsp;&nbsp;&nbsp;_memset$wrapper
<LI><a href="#[73]">&gt;&gt;</a>&nbsp;&nbsp;&nbsp;__aeabi_memclr
</UL>

<P><STRONG><a name="[1b3]"></a>__aeabi_memset4</STRONG> (Thumb, 0 bytes, Stack size 0 bytes, memseta.o(.text), UNUSED)

<P><STRONG><a name="[1b4]"></a>__aeabi_memset8</STRONG> (Thumb, 0 bytes, Stack size 0 bytes, memseta.o(.text), UNUSED)

<P><STRONG><a name="[73]"></a>__aeabi_memclr</STRONG> (Thumb, 4 bytes, Stack size 0 bytes, memseta.o(.text), UNUSED)
<BR><BR>[Calls]<UL><LI><a href="#[74]">&gt;&gt;</a>&nbsp;&nbsp;&nbsp;__aeabi_memset
</UL>

<P><STRONG><a name="[aa]"></a>__aeabi_memclr4</STRONG> (Thumb, 0 bytes, Stack size 0 bytes, memseta.o(.text))
<BR><BR>[Called By]<UL><LI><a href="#[57]">&gt;&gt;</a>&nbsp;&nbsp;&nbsp;DataViewMenu
</UL>

<P><STRONG><a name="[1b5]"></a>__aeabi_memclr8</STRONG> (Thumb, 0 bytes, Stack size 0 bytes, memseta.o(.text), UNUSED)

<P><STRONG><a name="[75]"></a>_memset$wrapper</STRONG> (Thumb, 18 bytes, Stack size 8 bytes, memseta.o(.text), UNUSED)
<BR><BR>[Calls]<UL><LI><a href="#[74]">&gt;&gt;</a>&nbsp;&nbsp;&nbsp;__aeabi_memset
</UL>

<P><STRONG><a name="[76]"></a>__aeabi_dmul</STRONG> (Thumb, 228 bytes, Stack size 48 bytes, dmul.o(.text))
<BR><BR>[Stack]<UL><LI>Max Depth = 88<LI>Call Chain = __aeabi_dmul &rArr; _double_epilogue &rArr; _double_round
</UL>
<BR>[Calls]<UL><LI><a href="#[77]">&gt;&gt;</a>&nbsp;&nbsp;&nbsp;_double_epilogue
</UL>
<BR>[Called By]<UL><LI><a href="#[126]">&gt;&gt;</a>&nbsp;&nbsp;&nbsp;MD_REQ_Init
<LI><a href="#[101]">&gt;&gt;</a>&nbsp;&nbsp;&nbsp;MD_Fun_InTime
</UL>

<P><STRONG><a name="[78]"></a>__aeabi_i2d</STRONG> (Thumb, 34 bytes, Stack size 16 bytes, dflti.o(.text))
<BR><BR>[Stack]<UL><LI>Max Depth = 56<LI>Call Chain = __aeabi_i2d &rArr; _double_epilogue &rArr; _double_round
</UL>
<BR>[Calls]<UL><LI><a href="#[77]">&gt;&gt;</a>&nbsp;&nbsp;&nbsp;_double_epilogue
</UL>
<BR>[Called By]<UL><LI><a href="#[126]">&gt;&gt;</a>&nbsp;&nbsp;&nbsp;MD_REQ_Init
</UL>

<P><STRONG><a name="[79]"></a>__aeabi_ui2d</STRONG> (Thumb, 26 bytes, Stack size 16 bytes, dfltui.o(.text))
<BR><BR>[Stack]<UL><LI>Max Depth = 56<LI>Call Chain = __aeabi_ui2d &rArr; _double_epilogue &rArr; _double_round
</UL>
<BR>[Calls]<UL><LI><a href="#[77]">&gt;&gt;</a>&nbsp;&nbsp;&nbsp;_double_epilogue
</UL>
<BR>[Called By]<UL><LI><a href="#[101]">&gt;&gt;</a>&nbsp;&nbsp;&nbsp;MD_Fun_InTime
</UL>

<P><STRONG><a name="[7a]"></a>__aeabi_d2uiz</STRONG> (Thumb, 50 bytes, Stack size 8 bytes, dfixui.o(.text))
<BR><BR>[Stack]<UL><LI>Max Depth = 8<LI>Call Chain = __aeabi_d2uiz
</UL>
<BR>[Calls]<UL><LI><a href="#[7b]">&gt;&gt;</a>&nbsp;&nbsp;&nbsp;__aeabi_llsr
</UL>
<BR>[Called By]<UL><LI><a href="#[126]">&gt;&gt;</a>&nbsp;&nbsp;&nbsp;MD_REQ_Init
<LI><a href="#[101]">&gt;&gt;</a>&nbsp;&nbsp;&nbsp;MD_Fun_InTime
</UL>

<P><STRONG><a name="[7c]"></a>__aeabi_uldivmod</STRONG> (Thumb, 98 bytes, Stack size 40 bytes, uldiv.o(.text), UNUSED)
<BR><BR>[Calls]<UL><LI><a href="#[7b]">&gt;&gt;</a>&nbsp;&nbsp;&nbsp;__aeabi_llsr
<LI><a href="#[7d]">&gt;&gt;</a>&nbsp;&nbsp;&nbsp;__aeabi_llsl
</UL>
<BR>[Called By]<UL><LI><a href="#[16d]">&gt;&gt;</a>&nbsp;&nbsp;&nbsp;_printf_core
</UL>

<P><STRONG><a name="[1b6]"></a>__I$use$fp</STRONG> (Thumb, 0 bytes, Stack size 8 bytes, iusefp.o(.text), UNUSED)

<P><STRONG><a name="[7e]"></a>_double_round</STRONG> (Thumb, 30 bytes, Stack size 8 bytes, depilogue.o(.text))
<BR><BR>[Stack]<UL><LI>Max Depth = 8<LI>Call Chain = _double_round
</UL>
<BR>[Called By]<UL><LI><a href="#[77]">&gt;&gt;</a>&nbsp;&nbsp;&nbsp;_double_epilogue
</UL>

<P><STRONG><a name="[77]"></a>_double_epilogue</STRONG> (Thumb, 156 bytes, Stack size 32 bytes, depilogue.o(.text))
<BR><BR>[Stack]<UL><LI>Max Depth = 40<LI>Call Chain = _double_epilogue &rArr; _double_round
</UL>
<BR>[Calls]<UL><LI><a href="#[7b]">&gt;&gt;</a>&nbsp;&nbsp;&nbsp;__aeabi_llsr
<LI><a href="#[7d]">&gt;&gt;</a>&nbsp;&nbsp;&nbsp;__aeabi_llsl
<LI><a href="#[7e]">&gt;&gt;</a>&nbsp;&nbsp;&nbsp;_double_round
</UL>
<BR>[Called By]<UL><LI><a href="#[79]">&gt;&gt;</a>&nbsp;&nbsp;&nbsp;__aeabi_ui2d
<LI><a href="#[76]">&gt;&gt;</a>&nbsp;&nbsp;&nbsp;__aeabi_dmul
<LI><a href="#[78]">&gt;&gt;</a>&nbsp;&nbsp;&nbsp;__aeabi_i2d
</UL>

<P><STRONG><a name="[71]"></a>__scatterload</STRONG> (Thumb, 28 bytes, Stack size 0 bytes, init.o(.text))
<BR><BR>[Calls]<UL><LI><a href="#[7f]">&gt;&gt;</a>&nbsp;&nbsp;&nbsp;__main_after_scatterload
</UL>
<BR>[Called By]<UL><LI><a href="#[70]">&gt;&gt;</a>&nbsp;&nbsp;&nbsp;_main_scatterload
</UL>

<P><STRONG><a name="[1b7]"></a>__scatterload_rt2</STRONG> (Thumb, 0 bytes, Stack size 0 bytes, init.o(.text), UNUSED)

<P><STRONG><a name="[7d]"></a>__aeabi_llsl</STRONG> (Thumb, 30 bytes, Stack size 0 bytes, llshl.o(.text))
<BR><BR>[Called By]<UL><LI><a href="#[7c]">&gt;&gt;</a>&nbsp;&nbsp;&nbsp;__aeabi_uldivmod
<LI><a href="#[77]">&gt;&gt;</a>&nbsp;&nbsp;&nbsp;_double_epilogue
</UL>

<P><STRONG><a name="[1b8]"></a>_ll_shift_l</STRONG> (Thumb, 0 bytes, Stack size 0 bytes, llshl.o(.text), UNUSED)

<P><STRONG><a name="[1b9]"></a>__decompress</STRONG> (Thumb, 0 bytes, Stack size unknown bytes, __dczerorl2.o(.text), UNUSED)

<P><STRONG><a name="[1ba]"></a>__decompress1</STRONG> (Thumb, 86 bytes, Stack size unknown bytes, __dczerorl2.o(.text), UNUSED)

<P><STRONG><a name="[80]"></a>AD5662_Init</STRONG> (Thumb, 34 bytes, Stack size 8 bytes, ad5662.o(i.AD5662_Init))
<BR><BR>[Stack]<UL><LI>Max Depth = 8<LI>Call Chain = AD5662_Init
</UL>
<BR>[Calls]<UL><LI><a href="#[81]">&gt;&gt;</a>&nbsp;&nbsp;&nbsp;HAL_GPIO_WritePin
</UL>
<BR>[Called By]<UL><LI><a href="#[52]">&gt;&gt;</a>&nbsp;&nbsp;&nbsp;main
</UL>

<P><STRONG><a name="[82]"></a>AD5662_Write</STRONG> (Thumb, 266 bytes, Stack size 16 bytes, ad5662.o(i.AD5662_Write))
<BR><BR>[Stack]<UL><LI>Max Depth = 16<LI>Call Chain = AD5662_Write
</UL>
<BR>[Calls]<UL><LI><a href="#[81]">&gt;&gt;</a>&nbsp;&nbsp;&nbsp;HAL_GPIO_WritePin
</UL>
<BR>[Called By]<UL><LI><a href="#[141]">&gt;&gt;</a>&nbsp;&nbsp;&nbsp;Output_4To20mA
</UL>

<P><STRONG><a name="[83]"></a>AddNode2List</STRONG> (Thumb, 38 bytes, Stack size 16 bytes, menu.o(i.AddNode2List))
<BR><BR>[Stack]<UL><LI>Max Depth = 88<LI>Call Chain = AddNode2List &rArr; DLinkList_Create &rArr; pvPortMalloc &rArr; xTaskResumeAll &rArr; xTaskIncrementTick
</UL>
<BR>[Calls]<UL><LI><a href="#[85]">&gt;&gt;</a>&nbsp;&nbsp;&nbsp;DLinkList_Length
<LI><a href="#[86]">&gt;&gt;</a>&nbsp;&nbsp;&nbsp;DLinkList_Insert
<LI><a href="#[84]">&gt;&gt;</a>&nbsp;&nbsp;&nbsp;DLinkList_Create
</UL>
<BR>[Called By]<UL><LI><a href="#[9d]">&gt;&gt;</a>&nbsp;&nbsp;&nbsp;CreatALLListMenu
<LI><a href="#[5a]">&gt;&gt;</a>&nbsp;&nbsp;&nbsp;MenuKeyScan
</UL>

<P><STRONG><a name="[12]"></a>BusFault_Handler</STRONG> (Thumb, 4 bytes, Stack size 0 bytes, stm32f3xx_it.o(i.BusFault_Handler))
<BR>[Address Reference Count : 1]<UL><LI> startup_stm32f302xc.o(RESET)
</UL>
<P><STRONG><a name="[14d]"></a>CRC16</STRONG> (Thumb, 48 bytes, Stack size 16 bytes, crc16.o(i.CRC16))
<BR><BR>[Stack]<UL><LI>Max Depth = 16<LI>Call Chain = CRC16
</UL>
<BR>[Called By]<UL><LI><a href="#[150]">&gt;&gt;</a>&nbsp;&nbsp;&nbsp;REQ_SendWithCRC
<LI><a href="#[14b]">&gt;&gt;</a>&nbsp;&nbsp;&nbsp;REQ_CallBack
</UL>

<P><STRONG><a name="[87]"></a>CUIGUI_DrawDoubleColorNum</STRONG> (Thumb, 56 bytes, Stack size 32 bytes, gui.o(i.CUIGUI_DrawDoubleColorNum))
<BR><BR>[Stack]<UL><LI>Max Depth = 320<LI>Call Chain = CUIGUI_DrawDoubleColorNum &rArr; CUIGUI_DrawStr &rArr; CUIGUI_DrawWord &rArr; _draw_model &rArr; CUIGUI_DrawPoint &rArr; OLED_DrawPoint &rArr; LCD_Set_Pos &rArr; LCD_WrCmd &rArr; HAL_SPI_Transmit &rArr; SPI_EndRxTxTransaction &rArr; SPI_WaitFifoStateUntilTimeout
</UL>
<BR>[Calls]<UL><LI><a href="#[88]">&gt;&gt;</a>&nbsp;&nbsp;&nbsp;DoubletoString
<LI><a href="#[89]">&gt;&gt;</a>&nbsp;&nbsp;&nbsp;CUIGUI_DrawStr
</UL>
<BR>[Called By]<UL><LI><a href="#[ad]">&gt;&gt;</a>&nbsp;&nbsp;&nbsp;ReviewData
<LI><a href="#[57]">&gt;&gt;</a>&nbsp;&nbsp;&nbsp;DataViewMenu
</UL>

<P><STRONG><a name="[8a]"></a>CUIGUI_DrawDoubleNum</STRONG> (Thumb, 46 bytes, Stack size 24 bytes, gui.o(i.CUIGUI_DrawDoubleNum))
<BR><BR>[Stack]<UL><LI>Max Depth = 312<LI>Call Chain = CUIGUI_DrawDoubleNum &rArr; CUIGUI_DrawStr &rArr; CUIGUI_DrawWord &rArr; _draw_model &rArr; CUIGUI_DrawPoint &rArr; OLED_DrawPoint &rArr; LCD_Set_Pos &rArr; LCD_WrCmd &rArr; HAL_SPI_Transmit &rArr; SPI_EndRxTxTransaction &rArr; SPI_WaitFifoStateUntilTimeout
</UL>
<BR>[Calls]<UL><LI><a href="#[88]">&gt;&gt;</a>&nbsp;&nbsp;&nbsp;DoubletoString
<LI><a href="#[89]">&gt;&gt;</a>&nbsp;&nbsp;&nbsp;CUIGUI_DrawStr
</UL>
<BR>[Called By]<UL><LI><a href="#[1]">&gt;&gt;</a>&nbsp;&nbsp;&nbsp;GUI_Task
</UL>

<P><STRONG><a name="[8b]"></a>CUIGUI_DrawNum</STRONG> (Thumb, 42 bytes, Stack size 32 bytes, gui.o(i.CUIGUI_DrawNum))
<BR><BR>[Stack]<UL><LI>Max Depth = 320<LI>Call Chain = CUIGUI_DrawNum &rArr; CUIGUI_DrawStr &rArr; CUIGUI_DrawWord &rArr; _draw_model &rArr; CUIGUI_DrawPoint &rArr; OLED_DrawPoint &rArr; LCD_Set_Pos &rArr; LCD_WrCmd &rArr; HAL_SPI_Transmit &rArr; SPI_EndRxTxTransaction &rArr; SPI_WaitFifoStateUntilTimeout
</UL>
<BR>[Calls]<UL><LI><a href="#[8c]">&gt;&gt;</a>&nbsp;&nbsp;&nbsp;u32tostr
<LI><a href="#[89]">&gt;&gt;</a>&nbsp;&nbsp;&nbsp;CUIGUI_DrawStr
</UL>
<BR>[Called By]<UL><LI><a href="#[59]">&gt;&gt;</a>&nbsp;&nbsp;&nbsp;ShowListMenu
</UL>

<P><STRONG><a name="[8d]"></a>CUIGUI_DrawPoint</STRONG> (Thumb, 20 bytes, Stack size 16 bytes, cuigui_lcddriver.o(i.CUIGUI_DrawPoint))
<BR><BR>[Stack]<UL><LI>Max Depth = 152<LI>Call Chain = CUIGUI_DrawPoint &rArr; OLED_DrawPoint &rArr; LCD_Set_Pos &rArr; LCD_WrCmd &rArr; HAL_SPI_Transmit &rArr; SPI_EndRxTxTransaction &rArr; SPI_WaitFifoStateUntilTimeout
</UL>
<BR>[Calls]<UL><LI><a href="#[8e]">&gt;&gt;</a>&nbsp;&nbsp;&nbsp;OLED_DrawPoint
</UL>
<BR>[Called By]<UL><LI><a href="#[91]">&gt;&gt;</a>&nbsp;&nbsp;&nbsp;_draw_model
<LI><a href="#[57]">&gt;&gt;</a>&nbsp;&nbsp;&nbsp;DataViewMenu
</UL>

<P><STRONG><a name="[89]"></a>CUIGUI_DrawStr</STRONG> (Thumb, 54 bytes, Stack size 24 bytes, gui.o(i.CUIGUI_DrawStr))
<BR><BR>[Stack]<UL><LI>Max Depth = 288<LI>Call Chain = CUIGUI_DrawStr &rArr; CUIGUI_DrawWord &rArr; _draw_model &rArr; CUIGUI_DrawPoint &rArr; OLED_DrawPoint &rArr; LCD_Set_Pos &rArr; LCD_WrCmd &rArr; HAL_SPI_Transmit &rArr; SPI_EndRxTxTransaction &rArr; SPI_WaitFifoStateUntilTimeout
</UL>
<BR>[Calls]<UL><LI><a href="#[8f]">&gt;&gt;</a>&nbsp;&nbsp;&nbsp;CUIGUI_DrawWord
</UL>
<BR>[Called By]<UL><LI><a href="#[8b]">&gt;&gt;</a>&nbsp;&nbsp;&nbsp;CUIGUI_DrawNum
<LI><a href="#[8a]">&gt;&gt;</a>&nbsp;&nbsp;&nbsp;CUIGUI_DrawDoubleNum
<LI><a href="#[87]">&gt;&gt;</a>&nbsp;&nbsp;&nbsp;CUIGUI_DrawDoubleColorNum
<LI><a href="#[55]">&gt;&gt;</a>&nbsp;&nbsp;&nbsp;ExitConfigShow
<LI><a href="#[57]">&gt;&gt;</a>&nbsp;&nbsp;&nbsp;DataViewMenu
<LI><a href="#[1]">&gt;&gt;</a>&nbsp;&nbsp;&nbsp;GUI_Task
<LI><a href="#[60]">&gt;&gt;</a>&nbsp;&nbsp;&nbsp;View_SelectShow
<LI><a href="#[5f]">&gt;&gt;</a>&nbsp;&nbsp;&nbsp;View_FlashValueShow
<LI><a href="#[62]">&gt;&gt;</a>&nbsp;&nbsp;&nbsp;View_FlashSelectShow
<LI><a href="#[5b]">&gt;&gt;</a>&nbsp;&nbsp;&nbsp;ShowValuMenu
<LI><a href="#[59]">&gt;&gt;</a>&nbsp;&nbsp;&nbsp;ShowListMenu
<LI><a href="#[69]">&gt;&gt;</a>&nbsp;&nbsp;&nbsp;MD_ByteView_SelectShow
<LI><a href="#[5d]">&gt;&gt;</a>&nbsp;&nbsp;&nbsp;MDView_ValueShow
</UL>

<P><STRONG><a name="[8f]"></a>CUIGUI_DrawWord</STRONG> (Thumb, 118 bytes, Stack size 48 bytes, gui.o(i.CUIGUI_DrawWord))
<BR><BR>[Stack]<UL><LI>Max Depth = 264<LI>Call Chain = CUIGUI_DrawWord &rArr; _draw_model &rArr; CUIGUI_DrawPoint &rArr; OLED_DrawPoint &rArr; LCD_Set_Pos &rArr; LCD_WrCmd &rArr; HAL_SPI_Transmit &rArr; SPI_EndRxTxTransaction &rArr; SPI_WaitFifoStateUntilTimeout
</UL>
<BR>[Calls]<UL><LI><a href="#[91]">&gt;&gt;</a>&nbsp;&nbsp;&nbsp;_draw_model
<LI><a href="#[90]">&gt;&gt;</a>&nbsp;&nbsp;&nbsp;GetUnicode
</UL>
<BR>[Called By]<UL><LI><a href="#[94]">&gt;&gt;</a>&nbsp;&nbsp;&nbsp;CUIGUI_NumSelect2
<LI><a href="#[89]">&gt;&gt;</a>&nbsp;&nbsp;&nbsp;CUIGUI_DrawStr
<LI><a href="#[5f]">&gt;&gt;</a>&nbsp;&nbsp;&nbsp;View_FlashValueShow
<LI><a href="#[5d]">&gt;&gt;</a>&nbsp;&nbsp;&nbsp;MDView_ValueShow
</UL>

<P><STRONG><a name="[92]"></a>CUIGUI_Init</STRONG> (Thumb, 8 bytes, Stack size 8 bytes, cuigui_lcddriver.o(i.CUIGUI_Init))
<BR><BR>[Stack]<UL><LI>Max Depth = 128<LI>Call Chain = CUIGUI_Init &rArr; LCD_Init &rArr; LCD_Set_Pos &rArr; LCD_WrCmd &rArr; HAL_SPI_Transmit &rArr; SPI_EndRxTxTransaction &rArr; SPI_WaitFifoStateUntilTimeout
</UL>
<BR>[Calls]<UL><LI><a href="#[93]">&gt;&gt;</a>&nbsp;&nbsp;&nbsp;LCD_Init
</UL>
<BR>[Called By]<UL><LI><a href="#[52]">&gt;&gt;</a>&nbsp;&nbsp;&nbsp;main
</UL>

<P><STRONG><a name="[94]"></a>CUIGUI_NumSelect2</STRONG> (Thumb, 178 bytes, Stack size 40 bytes, gui.o(i.CUIGUI_NumSelect2))
<BR><BR>[Stack]<UL><LI>Max Depth = 304<LI>Call Chain = CUIGUI_NumSelect2 &rArr; CUIGUI_DrawWord &rArr; _draw_model &rArr; CUIGUI_DrawPoint &rArr; OLED_DrawPoint &rArr; LCD_Set_Pos &rArr; LCD_WrCmd &rArr; HAL_SPI_Transmit &rArr; SPI_EndRxTxTransaction &rArr; SPI_WaitFifoStateUntilTimeout
</UL>
<BR>[Calls]<UL><LI><a href="#[97]">&gt;&gt;</a>&nbsp;&nbsp;&nbsp;GetWordWidth
<LI><a href="#[96]">&gt;&gt;</a>&nbsp;&nbsp;&nbsp;GetHeightFont
<LI><a href="#[95]">&gt;&gt;</a>&nbsp;&nbsp;&nbsp;CUIGUI_SetFont
<LI><a href="#[8f]">&gt;&gt;</a>&nbsp;&nbsp;&nbsp;CUIGUI_DrawWord
</UL>
<BR>[Called By]<UL><LI><a href="#[5f]">&gt;&gt;</a>&nbsp;&nbsp;&nbsp;View_FlashValueShow
<LI><a href="#[5d]">&gt;&gt;</a>&nbsp;&nbsp;&nbsp;MDView_ValueShow
</UL>

<P><STRONG><a name="[95]"></a>CUIGUI_SetFont</STRONG> (Thumb, 6 bytes, Stack size 0 bytes, gui.o(i.CUIGUI_SetFont))
<BR><BR>[Called By]<UL><LI><a href="#[94]">&gt;&gt;</a>&nbsp;&nbsp;&nbsp;CUIGUI_NumSelect2
<LI><a href="#[57]">&gt;&gt;</a>&nbsp;&nbsp;&nbsp;DataViewMenu
<LI><a href="#[1]">&gt;&gt;</a>&nbsp;&nbsp;&nbsp;GUI_Task
<LI><a href="#[60]">&gt;&gt;</a>&nbsp;&nbsp;&nbsp;View_SelectShow
<LI><a href="#[5f]">&gt;&gt;</a>&nbsp;&nbsp;&nbsp;View_FlashValueShow
<LI><a href="#[62]">&gt;&gt;</a>&nbsp;&nbsp;&nbsp;View_FlashSelectShow
<LI><a href="#[69]">&gt;&gt;</a>&nbsp;&nbsp;&nbsp;MD_ByteView_SelectShow
<LI><a href="#[5d]">&gt;&gt;</a>&nbsp;&nbsp;&nbsp;MDView_ValueShow
</UL>

<P><STRONG><a name="[98]"></a>ClearLCD</STRONG> (Thumb, 48 bytes, Stack size 16 bytes, oled12864.o(i.ClearLCD))
<BR><BR>[Stack]<UL><LI>Max Depth = 128<LI>Call Chain = ClearLCD &rArr; LCD_Fill &rArr; LCD_WrDat &rArr; HAL_SPI_Transmit &rArr; SPI_EndRxTxTransaction &rArr; SPI_WaitFifoStateUntilTimeout
</UL>
<BR>[Calls]<UL><LI><a href="#[99]">&gt;&gt;</a>&nbsp;&nbsp;&nbsp;LCD_Fill
</UL>
<BR>[Called By]<UL><LI><a href="#[56]">&gt;&gt;</a>&nbsp;&nbsp;&nbsp;ExitConfigKeyScan
<LI><a href="#[57]">&gt;&gt;</a>&nbsp;&nbsp;&nbsp;DataViewMenu
<LI><a href="#[5c]">&gt;&gt;</a>&nbsp;&nbsp;&nbsp;ExitMenuFun
<LI><a href="#[60]">&gt;&gt;</a>&nbsp;&nbsp;&nbsp;View_SelectShow
<LI><a href="#[5f]">&gt;&gt;</a>&nbsp;&nbsp;&nbsp;View_FlashValueShow
<LI><a href="#[62]">&gt;&gt;</a>&nbsp;&nbsp;&nbsp;View_FlashSelectShow
<LI><a href="#[5b]">&gt;&gt;</a>&nbsp;&nbsp;&nbsp;ShowValuMenu
<LI><a href="#[59]">&gt;&gt;</a>&nbsp;&nbsp;&nbsp;ShowListMenu
<LI><a href="#[5a]">&gt;&gt;</a>&nbsp;&nbsp;&nbsp;MenuKeyScan
<LI><a href="#[69]">&gt;&gt;</a>&nbsp;&nbsp;&nbsp;MD_ByteView_SelectShow
<LI><a href="#[5d]">&gt;&gt;</a>&nbsp;&nbsp;&nbsp;MDView_ValueShow
</UL>

<P><STRONG><a name="[9a]"></a>ConfigAD7147</STRONG> (Thumb, 714 bytes, Stack size 40 bytes, ad7147_spi.o(i.ConfigAD7147))
<BR><BR>[Stack]<UL><LI>Max Depth = 232<LI>Call Chain = ConfigAD7147 &rArr; ReadFromAD7147 &rArr; ReadFromAD7147ViaSpi &rArr; HAL_SPI_Receive &rArr; HAL_SPI_TransmitReceive &rArr; SPI_EndRxTxTransaction &rArr; SPI_WaitFifoStateUntilTimeout
</UL>
<BR>[Calls]<UL><LI><a href="#[9b]">&gt;&gt;</a>&nbsp;&nbsp;&nbsp;WriteToAD7147
<LI><a href="#[9c]">&gt;&gt;</a>&nbsp;&nbsp;&nbsp;ReadFromAD7147
</UL>
<BR>[Called By]<UL><LI><a href="#[0]">&gt;&gt;</a>&nbsp;&nbsp;&nbsp;KeyScan_Task
</UL>

<P><STRONG><a name="[9d]"></a>CreatALLListMenu</STRONG> (Thumb, 5968 bytes, Stack size 592 bytes, listview.o(i.CreatALLListMenu))
<BR><BR>[Stack]<UL><LI>Max Depth = 688<LI>Call Chain = CreatALLListMenu &rArr; MD_ByteCreatView_MenuSelec &rArr; pvPortMalloc &rArr; xTaskResumeAll &rArr; xTaskIncrementTick
</UL>
<BR>[Calls]<UL><LI><a href="#[a3]">&gt;&gt;</a>&nbsp;&nbsp;&nbsp;MD_ByteCreatView_MenuSelec
<LI><a href="#[a1]">&gt;&gt;</a>&nbsp;&nbsp;&nbsp;CreatView_SaveFlaseSelec
<LI><a href="#[a2]">&gt;&gt;</a>&nbsp;&nbsp;&nbsp;CreatView_MenuSelec
<LI><a href="#[a5]">&gt;&gt;</a>&nbsp;&nbsp;&nbsp;CreatViewSaveFlaseValu
<LI><a href="#[9e]">&gt;&gt;</a>&nbsp;&nbsp;&nbsp;CreatViewMenuValu
<LI><a href="#[9f]">&gt;&gt;</a>&nbsp;&nbsp;&nbsp;CreatViewMenuExit
<LI><a href="#[a4]">&gt;&gt;</a>&nbsp;&nbsp;&nbsp;CreatListShowValu
<LI><a href="#[a0]">&gt;&gt;</a>&nbsp;&nbsp;&nbsp;CreatListMenu
<LI><a href="#[83]">&gt;&gt;</a>&nbsp;&nbsp;&nbsp;AddNode2List
</UL>
<BR>[Called By]<UL><LI><a href="#[1]">&gt;&gt;</a>&nbsp;&nbsp;&nbsp;GUI_Task
</UL>

<P><STRONG><a name="[a0]"></a>CreatListMenu</STRONG> (Thumb, 36 bytes, Stack size 16 bytes, menu.o(i.CreatListMenu))
<BR><BR>[Stack]<UL><LI>Max Depth = 80<LI>Call Chain = CreatListMenu &rArr; pvPortMalloc &rArr; xTaskResumeAll &rArr; xTaskIncrementTick
</UL>
<BR>[Calls]<UL><LI><a href="#[a6]">&gt;&gt;</a>&nbsp;&nbsp;&nbsp;pvPortMalloc
</UL>
<BR>[Called By]<UL><LI><a href="#[9d]">&gt;&gt;</a>&nbsp;&nbsp;&nbsp;CreatALLListMenu
</UL>

<P><STRONG><a name="[a4]"></a>CreatListShowValu</STRONG> (Thumb, 42 bytes, Stack size 24 bytes, menu.o(i.CreatListShowValu))
<BR><BR>[Stack]<UL><LI>Max Depth = 88<LI>Call Chain = CreatListShowValu &rArr; pvPortMalloc &rArr; xTaskResumeAll &rArr; xTaskIncrementTick
</UL>
<BR>[Calls]<UL><LI><a href="#[a6]">&gt;&gt;</a>&nbsp;&nbsp;&nbsp;pvPortMalloc
</UL>
<BR>[Called By]<UL><LI><a href="#[9d]">&gt;&gt;</a>&nbsp;&nbsp;&nbsp;CreatALLListMenu
</UL>

<P><STRONG><a name="[9f]"></a>CreatViewMenuExit</STRONG> (Thumb, 34 bytes, Stack size 16 bytes, menu.o(i.CreatViewMenuExit))
<BR><BR>[Stack]<UL><LI>Max Depth = 80<LI>Call Chain = CreatViewMenuExit &rArr; pvPortMalloc &rArr; xTaskResumeAll &rArr; xTaskIncrementTick
</UL>
<BR>[Calls]<UL><LI><a href="#[a6]">&gt;&gt;</a>&nbsp;&nbsp;&nbsp;pvPortMalloc
</UL>
<BR>[Called By]<UL><LI><a href="#[9d]">&gt;&gt;</a>&nbsp;&nbsp;&nbsp;CreatALLListMenu
</UL>

<P><STRONG><a name="[9e]"></a>CreatViewMenuValu</STRONG> (Thumb, 42 bytes, Stack size 24 bytes, menu.o(i.CreatViewMenuValu))
<BR><BR>[Stack]<UL><LI>Max Depth = 88<LI>Call Chain = CreatViewMenuValu &rArr; pvPortMalloc &rArr; xTaskResumeAll &rArr; xTaskIncrementTick
</UL>
<BR>[Calls]<UL><LI><a href="#[a6]">&gt;&gt;</a>&nbsp;&nbsp;&nbsp;pvPortMalloc
</UL>
<BR>[Called By]<UL><LI><a href="#[9d]">&gt;&gt;</a>&nbsp;&nbsp;&nbsp;CreatALLListMenu
</UL>

<P><STRONG><a name="[a5]"></a>CreatViewSaveFlaseValu</STRONG> (Thumb, 42 bytes, Stack size 24 bytes, menu.o(i.CreatViewSaveFlaseValu))
<BR><BR>[Stack]<UL><LI>Max Depth = 88<LI>Call Chain = CreatViewSaveFlaseValu &rArr; pvPortMalloc &rArr; xTaskResumeAll &rArr; xTaskIncrementTick
</UL>
<BR>[Calls]<UL><LI><a href="#[a6]">&gt;&gt;</a>&nbsp;&nbsp;&nbsp;pvPortMalloc
</UL>
<BR>[Called By]<UL><LI><a href="#[9d]">&gt;&gt;</a>&nbsp;&nbsp;&nbsp;CreatALLListMenu
</UL>

<P><STRONG><a name="[a2]"></a>CreatView_MenuSelec</STRONG> (Thumb, 56 bytes, Stack size 32 bytes, menu.o(i.CreatView_MenuSelec))
<BR><BR>[Stack]<UL><LI>Max Depth = 96<LI>Call Chain = CreatView_MenuSelec &rArr; pvPortMalloc &rArr; xTaskResumeAll &rArr; xTaskIncrementTick
</UL>
<BR>[Calls]<UL><LI><a href="#[a6]">&gt;&gt;</a>&nbsp;&nbsp;&nbsp;pvPortMalloc
</UL>
<BR>[Called By]<UL><LI><a href="#[9d]">&gt;&gt;</a>&nbsp;&nbsp;&nbsp;CreatALLListMenu
</UL>

<P><STRONG><a name="[a1]"></a>CreatView_SaveFlaseSelec</STRONG> (Thumb, 56 bytes, Stack size 32 bytes, menu.o(i.CreatView_SaveFlaseSelec))
<BR><BR>[Stack]<UL><LI>Max Depth = 96<LI>Call Chain = CreatView_SaveFlaseSelec &rArr; pvPortMalloc &rArr; xTaskResumeAll &rArr; xTaskIncrementTick
</UL>
<BR>[Calls]<UL><LI><a href="#[a6]">&gt;&gt;</a>&nbsp;&nbsp;&nbsp;pvPortMalloc
</UL>
<BR>[Called By]<UL><LI><a href="#[9d]">&gt;&gt;</a>&nbsp;&nbsp;&nbsp;CreatALLListMenu
</UL>

<P><STRONG><a name="[84]"></a>DLinkList_Create</STRONG> (Thumb, 28 bytes, Stack size 8 bytes, dlinklist.o(i.DLinkList_Create))
<BR><BR>[Stack]<UL><LI>Max Depth = 72<LI>Call Chain = DLinkList_Create &rArr; pvPortMalloc &rArr; xTaskResumeAll &rArr; xTaskIncrementTick
</UL>
<BR>[Calls]<UL><LI><a href="#[a6]">&gt;&gt;</a>&nbsp;&nbsp;&nbsp;pvPortMalloc
</UL>
<BR>[Called By]<UL><LI><a href="#[83]">&gt;&gt;</a>&nbsp;&nbsp;&nbsp;AddNode2List
</UL>

<P><STRONG><a name="[b2]"></a>DLinkList_Current</STRONG> (Thumb, 12 bytes, Stack size 0 bytes, dlinklist.o(i.DLinkList_Current))
<BR><BR>[Called By]<UL><LI><a href="#[5b]">&gt;&gt;</a>&nbsp;&nbsp;&nbsp;ShowValuMenu
<LI><a href="#[59]">&gt;&gt;</a>&nbsp;&nbsp;&nbsp;ShowListMenu
<LI><a href="#[5a]">&gt;&gt;</a>&nbsp;&nbsp;&nbsp;MenuKeyScan
<LI><a href="#[b1]">&gt;&gt;</a>&nbsp;&nbsp;&nbsp;EnterChildList
</UL>

<P><STRONG><a name="[15d]"></a>DLinkList_CurrentLength</STRONG> (Thumb, 8 bytes, Stack size 0 bytes, dlinklist.o(i.DLinkList_CurrentLength))
<BR><BR>[Called By]<UL><LI><a href="#[59]">&gt;&gt;</a>&nbsp;&nbsp;&nbsp;ShowListMenu
</UL>

<P><STRONG><a name="[a8]"></a>DLinkList_Delete</STRONG> (Thumb, 68 bytes, Stack size 20 bytes, dlinklist.o(i.DLinkList_Delete))
<BR><BR>[Stack]<UL><LI>Max Depth = 20<LI>Call Chain = DLinkList_Delete
</UL>
<BR>[Called By]<UL><LI><a href="#[a7]">&gt;&gt;</a>&nbsp;&nbsp;&nbsp;DLinkList_DeleteNode
</UL>

<P><STRONG><a name="[a7]"></a>DLinkList_DeleteNode</STRONG> (Thumb, 70 bytes, Stack size 28 bytes, dlinklist.o(i.DLinkList_DeleteNode))
<BR><BR>[Stack]<UL><LI>Max Depth = 48<LI>Call Chain = DLinkList_DeleteNode &rArr; DLinkList_Delete
</UL>
<BR>[Calls]<UL><LI><a href="#[a8]">&gt;&gt;</a>&nbsp;&nbsp;&nbsp;DLinkList_Delete
</UL>
<BR>[Called By]<UL><LI><a href="#[ae]">&gt;&gt;</a>&nbsp;&nbsp;&nbsp;DeleNodeFromList
</UL>

<P><STRONG><a name="[15b]"></a>DLinkList_Get</STRONG> (Thumb, 44 bytes, Stack size 16 bytes, dlinklist.o(i.DLinkList_Get))
<BR><BR>[Stack]<UL><LI>Max Depth = 16<LI>Call Chain = DLinkList_Get
</UL>
<BR>[Called By]<UL><LI><a href="#[5b]">&gt;&gt;</a>&nbsp;&nbsp;&nbsp;ShowValuMenu
<LI><a href="#[59]">&gt;&gt;</a>&nbsp;&nbsp;&nbsp;ShowListMenu
</UL>

<P><STRONG><a name="[86]"></a>DLinkList_Insert</STRONG> (Thumb, 120 bytes, Stack size 20 bytes, dlinklist.o(i.DLinkList_Insert))
<BR><BR>[Stack]<UL><LI>Max Depth = 20<LI>Call Chain = DLinkList_Insert
</UL>
<BR>[Called By]<UL><LI><a href="#[83]">&gt;&gt;</a>&nbsp;&nbsp;&nbsp;AddNode2List
</UL>

<P><STRONG><a name="[85]"></a>DLinkList_Length</STRONG> (Thumb, 14 bytes, Stack size 0 bytes, dlinklist.o(i.DLinkList_Length))
<BR><BR>[Called By]<UL><LI><a href="#[59]">&gt;&gt;</a>&nbsp;&nbsp;&nbsp;ShowListMenu
<LI><a href="#[83]">&gt;&gt;</a>&nbsp;&nbsp;&nbsp;AddNode2List
</UL>

<P><STRONG><a name="[15c]"></a>DLinkList_Next</STRONG> (Thumb, 42 bytes, Stack size 12 bytes, dlinklist.o(i.DLinkList_Next))
<BR><BR>[Stack]<UL><LI>Max Depth = 12<LI>Call Chain = DLinkList_Next
</UL>
<BR>[Called By]<UL><LI><a href="#[5b]">&gt;&gt;</a>&nbsp;&nbsp;&nbsp;ShowValuMenu
<LI><a href="#[59]">&gt;&gt;</a>&nbsp;&nbsp;&nbsp;ShowListMenu
</UL>

<P><STRONG><a name="[15a]"></a>DLinkList_Reset</STRONG> (Thumb, 20 bytes, Stack size 0 bytes, dlinklist.o(i.DLinkList_Reset))
<BR><BR>[Called By]<UL><LI><a href="#[5b]">&gt;&gt;</a>&nbsp;&nbsp;&nbsp;ShowValuMenu
<LI><a href="#[59]">&gt;&gt;</a>&nbsp;&nbsp;&nbsp;ShowListMenu
</UL>

<P><STRONG><a name="[26]"></a>DMA1_Channel4_IRQHandler</STRONG> (Thumb, 10 bytes, Stack size 8 bytes, stm32f3xx_it.o(i.DMA1_Channel4_IRQHandler))
<BR><BR>[Stack]<UL><LI>Max Depth = 24<LI>Call Chain = DMA1_Channel4_IRQHandler &rArr; HAL_DMA_IRQHandler
</UL>
<BR>[Calls]<UL><LI><a href="#[a9]">&gt;&gt;</a>&nbsp;&nbsp;&nbsp;HAL_DMA_IRQHandler
</UL>
<BR>[Address Reference Count : 1]<UL><LI> startup_stm32f302xc.o(RESET)
</UL>
<P><STRONG><a name="[27]"></a>DMA1_Channel5_IRQHandler</STRONG> (Thumb, 10 bytes, Stack size 8 bytes, stm32f3xx_it.o(i.DMA1_Channel5_IRQHandler))
<BR><BR>[Stack]<UL><LI>Max Depth = 24<LI>Call Chain = DMA1_Channel5_IRQHandler &rArr; HAL_DMA_IRQHandler
</UL>
<BR>[Calls]<UL><LI><a href="#[a9]">&gt;&gt;</a>&nbsp;&nbsp;&nbsp;HAL_DMA_IRQHandler
</UL>
<BR>[Address Reference Count : 1]<UL><LI> startup_stm32f302xc.o(RESET)
</UL>
<P><STRONG><a name="[28]"></a>DMA1_Channel6_IRQHandler</STRONG> (Thumb, 10 bytes, Stack size 8 bytes, stm32f3xx_it.o(i.DMA1_Channel6_IRQHandler))
<BR><BR>[Stack]<UL><LI>Max Depth = 24<LI>Call Chain = DMA1_Channel6_IRQHandler &rArr; HAL_DMA_IRQHandler
</UL>
<BR>[Calls]<UL><LI><a href="#[a9]">&gt;&gt;</a>&nbsp;&nbsp;&nbsp;HAL_DMA_IRQHandler
</UL>
<BR>[Address Reference Count : 1]<UL><LI> startup_stm32f302xc.o(RESET)
</UL>
<P><STRONG><a name="[29]"></a>DMA1_Channel7_IRQHandler</STRONG> (Thumb, 10 bytes, Stack size 8 bytes, stm32f3xx_it.o(i.DMA1_Channel7_IRQHandler))
<BR><BR>[Stack]<UL><LI>Max Depth = 24<LI>Call Chain = DMA1_Channel7_IRQHandler &rArr; HAL_DMA_IRQHandler
</UL>
<BR>[Calls]<UL><LI><a href="#[a9]">&gt;&gt;</a>&nbsp;&nbsp;&nbsp;HAL_DMA_IRQHandler
</UL>
<BR>[Address Reference Count : 1]<UL><LI> startup_stm32f302xc.o(RESET)
</UL>
<P><STRONG><a name="[58]"></a>DataViewKeyScan</STRONG> (Thumb, 112 bytes, Stack size 0 bytes, dataview.o(i.DataViewKeyScan))
<BR>[Address Reference Count : 1]<UL><LI> listview.o(i.CreatALLListMenu)
</UL>
<P><STRONG><a name="[57]"></a>DataViewMenu</STRONG> (Thumb, 1312 bytes, Stack size 48 bytes, dataview.o(i.DataViewMenu))
<BR><BR>[Stack]<UL><LI>Max Depth = 408<LI>Call Chain = DataViewMenu &rArr; ReviewData &rArr; CUIGUI_DrawDoubleColorNum &rArr; CUIGUI_DrawStr &rArr; CUIGUI_DrawWord &rArr; _draw_model &rArr; CUIGUI_DrawPoint &rArr; OLED_DrawPoint &rArr; LCD_Set_Pos &rArr; LCD_WrCmd &rArr; HAL_SPI_Transmit &rArr; SPI_EndRxTxTransaction &rArr; SPI_WaitFifoStateUntilTimeout
</UL>
<BR>[Calls]<UL><LI><a href="#[ab]">&gt;&gt;</a>&nbsp;&nbsp;&nbsp;Set_Display_On_Off
<LI><a href="#[98]">&gt;&gt;</a>&nbsp;&nbsp;&nbsp;ClearLCD
<LI><a href="#[8d]">&gt;&gt;</a>&nbsp;&nbsp;&nbsp;CUIGUI_DrawPoint
<LI><a href="#[95]">&gt;&gt;</a>&nbsp;&nbsp;&nbsp;CUIGUI_SetFont
<LI><a href="#[89]">&gt;&gt;</a>&nbsp;&nbsp;&nbsp;CUIGUI_DrawStr
<LI><a href="#[87]">&gt;&gt;</a>&nbsp;&nbsp;&nbsp;CUIGUI_DrawDoubleColorNum
<LI><a href="#[ad]">&gt;&gt;</a>&nbsp;&nbsp;&nbsp;ReviewData
<LI><a href="#[ac]">&gt;&gt;</a>&nbsp;&nbsp;&nbsp;MDint2float
<LI><a href="#[aa]">&gt;&gt;</a>&nbsp;&nbsp;&nbsp;__aeabi_memclr4
</UL>
<BR>[Address Reference Count : 1]<UL><LI> listview.o(i.CreatALLListMenu)
</UL>
<P><STRONG><a name="[15]"></a>DebugMon_Handler</STRONG> (Thumb, 2 bytes, Stack size 0 bytes, stm32f3xx_it.o(i.DebugMon_Handler))
<BR>[Address Reference Count : 1]<UL><LI> startup_stm32f302xc.o(RESET)
</UL>
<P><STRONG><a name="[ae]"></a>DeleNodeFromList</STRONG> (Thumb, 24 bytes, Stack size 16 bytes, menu.o(i.DeleNodeFromList))
<BR><BR>[Stack]<UL><LI>Max Depth = 64<LI>Call Chain = DeleNodeFromList &rArr; DLinkList_DeleteNode &rArr; DLinkList_Delete
</UL>
<BR>[Calls]<UL><LI><a href="#[a7]">&gt;&gt;</a>&nbsp;&nbsp;&nbsp;DLinkList_DeleteNode
</UL>
<BR>[Called By]<UL><LI><a href="#[56]">&gt;&gt;</a>&nbsp;&nbsp;&nbsp;ExitConfigKeyScan
</UL>

<P><STRONG><a name="[88]"></a>DoubletoString</STRONG> (Thumb, 80 bytes, Stack size 12 bytes, gui.o(i.DoubletoString))
<BR><BR>[Stack]<UL><LI>Max Depth = 32<LI>Call Chain = DoubletoString &rArr; DoubletoStringSaveZheng
</UL>
<BR>[Calls]<UL><LI><a href="#[af]">&gt;&gt;</a>&nbsp;&nbsp;&nbsp;DoubletoStringSaveZheng
</UL>
<BR>[Called By]<UL><LI><a href="#[8a]">&gt;&gt;</a>&nbsp;&nbsp;&nbsp;CUIGUI_DrawDoubleNum
<LI><a href="#[87]">&gt;&gt;</a>&nbsp;&nbsp;&nbsp;CUIGUI_DrawDoubleColorNum
<LI><a href="#[5f]">&gt;&gt;</a>&nbsp;&nbsp;&nbsp;View_FlashValueShow
<LI><a href="#[5b]">&gt;&gt;</a>&nbsp;&nbsp;&nbsp;ShowValuMenu
<LI><a href="#[5d]">&gt;&gt;</a>&nbsp;&nbsp;&nbsp;MDView_ValueShow
</UL>

<P><STRONG><a name="[af]"></a>DoubletoStringSaveZheng</STRONG> (Thumb, 226 bytes, Stack size 20 bytes, gui.o(i.DoubletoStringSaveZheng))
<BR><BR>[Stack]<UL><LI>Max Depth = 20<LI>Call Chain = DoubletoStringSaveZheng
</UL>
<BR>[Called By]<UL><LI><a href="#[88]">&gt;&gt;</a>&nbsp;&nbsp;&nbsp;DoubletoString
</UL>

<P><STRONG><a name="[40]"></a>EXTI15_10_IRQHandler</STRONG> (Thumb, 12 bytes, Stack size 8 bytes, stm32f3xx_it.o(i.EXTI15_10_IRQHandler))
<BR><BR>[Stack]<UL><LI>Max Depth = 64<LI>Call Chain = EXTI15_10_IRQHandler &rArr; HAL_GPIO_EXTI_IRQHandler &rArr; HAL_GPIO_EXTI_Callback &rArr; vTaskNotifyGiveFromISR &rArr; vPortValidateInterruptPriority
</UL>
<BR>[Calls]<UL><LI><a href="#[b0]">&gt;&gt;</a>&nbsp;&nbsp;&nbsp;HAL_GPIO_EXTI_IRQHandler
</UL>
<BR>[Address Reference Count : 1]<UL><LI> startup_stm32f302xc.o(RESET)
</UL>
<P><STRONG><a name="[b1]"></a>EnterChildList</STRONG> (Thumb, 20 bytes, Stack size 8 bytes, menu.o(i.EnterChildList))
<BR><BR>[Stack]<UL><LI>Max Depth = 8<LI>Call Chain = EnterChildList
</UL>
<BR>[Calls]<UL><LI><a href="#[b2]">&gt;&gt;</a>&nbsp;&nbsp;&nbsp;DLinkList_Current
</UL>
<BR>[Called By]<UL><LI><a href="#[5a]">&gt;&gt;</a>&nbsp;&nbsp;&nbsp;MenuKeyScan
</UL>

<P><STRONG><a name="[b3]"></a>ErroOutTime</STRONG> (Thumb, 12 bytes, Stack size 8 bytes, modbus_req.o(i.ErroOutTime))
<BR><BR>[Stack]<UL><LI>Max Depth = 32<LI>Call Chain = ErroOutTime &rArr; __2printf
</UL>
<BR>[Calls]<UL><LI><a href="#[b4]">&gt;&gt;</a>&nbsp;&nbsp;&nbsp;__2printf
</UL>
<BR>[Called By]<UL><LI><a href="#[13d]">&gt;&gt;</a>&nbsp;&nbsp;&nbsp;REQ_DMAInMain
</UL>

<P><STRONG><a name="[56]"></a>ExitConfigKeyScan</STRONG> (Thumb, 56 bytes, Stack size 8 bytes, listview.o(i.ExitConfigKeyScan))
<BR><BR>[Stack]<UL><LI>Max Depth = 136<LI>Call Chain = ExitConfigKeyScan &rArr; ClearLCD &rArr; LCD_Fill &rArr; LCD_WrDat &rArr; HAL_SPI_Transmit &rArr; SPI_EndRxTxTransaction &rArr; SPI_WaitFifoStateUntilTimeout
</UL>
<BR>[Calls]<UL><LI><a href="#[98]">&gt;&gt;</a>&nbsp;&nbsp;&nbsp;ClearLCD
<LI><a href="#[b5]">&gt;&gt;</a>&nbsp;&nbsp;&nbsp;ReturnFatherList
<LI><a href="#[ae]">&gt;&gt;</a>&nbsp;&nbsp;&nbsp;DeleNodeFromList
</UL>
<BR>[Address Reference Count : 1]<UL><LI> listview.o(i.CreatALLListMenu)
</UL>
<P><STRONG><a name="[55]"></a>ExitConfigShow</STRONG> (Thumb, 82 bytes, Stack size 8 bytes, listview.o(i.ExitConfigShow))
<BR><BR>[Stack]<UL><LI>Max Depth = 296<LI>Call Chain = ExitConfigShow &rArr; CUIGUI_DrawStr &rArr; CUIGUI_DrawWord &rArr; _draw_model &rArr; CUIGUI_DrawPoint &rArr; OLED_DrawPoint &rArr; LCD_Set_Pos &rArr; LCD_WrCmd &rArr; HAL_SPI_Transmit &rArr; SPI_EndRxTxTransaction &rArr; SPI_WaitFifoStateUntilTimeout
</UL>
<BR>[Calls]<UL><LI><a href="#[89]">&gt;&gt;</a>&nbsp;&nbsp;&nbsp;CUIGUI_DrawStr
</UL>
<BR>[Address Reference Count : 1]<UL><LI> listview.o(i.CreatALLListMenu)
</UL>
<P><STRONG><a name="[5c]"></a>ExitMenuFun</STRONG> (Thumb, 26 bytes, Stack size 8 bytes, listview.o(i.ExitMenuFun))
<BR><BR>[Stack]<UL><LI>Max Depth = 136<LI>Call Chain = ExitMenuFun &rArr; ClearLCD &rArr; LCD_Fill &rArr; LCD_WrDat &rArr; HAL_SPI_Transmit &rArr; SPI_EndRxTxTransaction &rArr; SPI_WaitFifoStateUntilTimeout
</UL>
<BR>[Calls]<UL><LI><a href="#[98]">&gt;&gt;</a>&nbsp;&nbsp;&nbsp;ClearLCD
<LI><a href="#[b5]">&gt;&gt;</a>&nbsp;&nbsp;&nbsp;ReturnFatherList
</UL>
<BR>[Address Reference Count : 2]<UL><LI> menu.o(i.CreatViewMenuExit)
<LI> menu.o(i.MenuKeyScan)
</UL>
<P><STRONG><a name="[cb]"></a>FLASH_PageErase</STRONG> (Thumb, 32 bytes, Stack size 0 bytes, stm32f3xx_hal_flash_ex.o(i.FLASH_PageErase))
<BR><BR>[Called By]<UL><LI><a href="#[c9]">&gt;&gt;</a>&nbsp;&nbsp;&nbsp;HAL_FLASHEx_Erase
</UL>

<P><STRONG><a name="[b6]"></a>FLASH_WaitForLastOperation</STRONG> (Thumb, 102 bytes, Stack size 16 bytes, stm32f3xx_hal_flash.o(i.FLASH_WaitForLastOperation))
<BR><BR>[Stack]<UL><LI>Max Depth = 72<LI>Call Chain = FLASH_WaitForLastOperation &rArr; vTaskDelay &rArr; xTaskResumeAll &rArr; xTaskIncrementTick
</UL>
<BR>[Calls]<UL><LI><a href="#[b8]">&gt;&gt;</a>&nbsp;&nbsp;&nbsp;vTaskDelay
<LI><a href="#[b7]">&gt;&gt;</a>&nbsp;&nbsp;&nbsp;HAL_GetTick
<LI><a href="#[b9]">&gt;&gt;</a>&nbsp;&nbsp;&nbsp;FLASH_SetErrorCode
</UL>
<BR>[Called By]<UL><LI><a href="#[c9]">&gt;&gt;</a>&nbsp;&nbsp;&nbsp;HAL_FLASHEx_Erase
<LI><a href="#[cc]">&gt;&gt;</a>&nbsp;&nbsp;&nbsp;HAL_FLASH_Program
<LI><a href="#[bc]">&gt;&gt;</a>&nbsp;&nbsp;&nbsp;STMFLASH_Write
</UL>

<P><STRONG><a name="[ba]"></a>FlashData_Init</STRONG> (Thumb, 110 bytes, Stack size 16 bytes, stmflash.o(i.FlashData_Init))
<BR><BR>[Stack]<UL><LI>Max Depth = 176<LI>Call Chain = FlashData_Init &rArr; STMFLASH_Write &rArr; HAL_FLASH_Program &rArr; FLASH_WaitForLastOperation &rArr; vTaskDelay &rArr; xTaskResumeAll &rArr; xTaskIncrementTick
</UL>
<BR>[Calls]<UL><LI><a href="#[bc]">&gt;&gt;</a>&nbsp;&nbsp;&nbsp;STMFLASH_Write
<LI><a href="#[bb]">&gt;&gt;</a>&nbsp;&nbsp;&nbsp;STMFLASH_ReadWord
<LI><a href="#[bd]">&gt;&gt;</a>&nbsp;&nbsp;&nbsp;STMFLASH_Read
</UL>
<BR>[Called By]<UL><LI><a href="#[1]">&gt;&gt;</a>&nbsp;&nbsp;&nbsp;GUI_Task
</UL>

<P><STRONG><a name="[c2]"></a>GBK2UNICODE</STRONG> (Thumb, 44 bytes, Stack size 0 bytes, gui.o(i.GBK2UNICODE))
<BR><BR>[Called By]<UL><LI><a href="#[90]">&gt;&gt;</a>&nbsp;&nbsp;&nbsp;GetUnicode
</UL>

<P><STRONG><a name="[1]"></a>GUI_Task</STRONG> (Thumb, 254 bytes, Stack size 0 bytes, gui_task.o(i.GUI_Task))
<BR><BR>[Stack]<UL><LI>Max Depth = 688<LI>Call Chain = GUI_Task &rArr; CreatALLListMenu &rArr; MD_ByteCreatView_MenuSelec &rArr; pvPortMalloc &rArr; xTaskResumeAll &rArr; xTaskIncrementTick
</UL>
<BR>[Calls]<UL><LI><a href="#[b8]">&gt;&gt;</a>&nbsp;&nbsp;&nbsp;vTaskDelay
<LI><a href="#[bf]">&gt;&gt;</a>&nbsp;&nbsp;&nbsp;SetUART1_Baud
<LI><a href="#[81]">&gt;&gt;</a>&nbsp;&nbsp;&nbsp;HAL_GPIO_WritePin
<LI><a href="#[ba]">&gt;&gt;</a>&nbsp;&nbsp;&nbsp;FlashData_Init
<LI><a href="#[95]">&gt;&gt;</a>&nbsp;&nbsp;&nbsp;CUIGUI_SetFont
<LI><a href="#[89]">&gt;&gt;</a>&nbsp;&nbsp;&nbsp;CUIGUI_DrawStr
<LI><a href="#[8a]">&gt;&gt;</a>&nbsp;&nbsp;&nbsp;CUIGUI_DrawDoubleNum
<LI><a href="#[9d]">&gt;&gt;</a>&nbsp;&nbsp;&nbsp;CreatALLListMenu
</UL>
<BR>[Address Reference Count : 1]<UL><LI> task_project.o(.data)
</UL>
<P><STRONG><a name="[96]"></a>GetHeightFont</STRONG> (Thumb, 6 bytes, Stack size 0 bytes, gui.o(i.GetHeightFont))
<BR><BR>[Called By]<UL><LI><a href="#[94]">&gt;&gt;</a>&nbsp;&nbsp;&nbsp;CUIGUI_NumSelect2
</UL>

<P><STRONG><a name="[11d]"></a>GetLCDWidth</STRONG> (Thumb, 4 bytes, Stack size 0 bytes, cuigui_lcddriver.o(i.GetLCDWidth))
<BR><BR>[Called By]<UL><LI><a href="#[60]">&gt;&gt;</a>&nbsp;&nbsp;&nbsp;View_SelectShow
<LI><a href="#[5f]">&gt;&gt;</a>&nbsp;&nbsp;&nbsp;View_FlashValueShow
<LI><a href="#[62]">&gt;&gt;</a>&nbsp;&nbsp;&nbsp;View_FlashSelectShow
<LI><a href="#[5b]">&gt;&gt;</a>&nbsp;&nbsp;&nbsp;ShowValuMenu
<LI><a href="#[59]">&gt;&gt;</a>&nbsp;&nbsp;&nbsp;ShowListMenu
<LI><a href="#[69]">&gt;&gt;</a>&nbsp;&nbsp;&nbsp;MD_ByteView_SelectShow
<LI><a href="#[5d]">&gt;&gt;</a>&nbsp;&nbsp;&nbsp;MDView_ValueShow
</UL>

<P><STRONG><a name="[11c]"></a>GetLanguage</STRONG> (Thumb, 14 bytes, Stack size 0 bytes, menu.o(i.GetLanguage))
<BR><BR>[Called By]<UL><LI><a href="#[60]">&gt;&gt;</a>&nbsp;&nbsp;&nbsp;View_SelectShow
<LI><a href="#[5f]">&gt;&gt;</a>&nbsp;&nbsp;&nbsp;View_FlashValueShow
<LI><a href="#[62]">&gt;&gt;</a>&nbsp;&nbsp;&nbsp;View_FlashSelectShow
<LI><a href="#[5b]">&gt;&gt;</a>&nbsp;&nbsp;&nbsp;ShowValuMenu
<LI><a href="#[59]">&gt;&gt;</a>&nbsp;&nbsp;&nbsp;ShowListMenu
<LI><a href="#[69]">&gt;&gt;</a>&nbsp;&nbsp;&nbsp;MD_ByteView_SelectShow
<LI><a href="#[5d]">&gt;&gt;</a>&nbsp;&nbsp;&nbsp;MDView_ValueShow
</UL>

<P><STRONG><a name="[c0]"></a>GetLengthStr</STRONG> (Thumb, 40 bytes, Stack size 12 bytes, gui.o(i.GetLengthStr))
<BR><BR>[Stack]<UL><LI>Max Depth = 36<LI>Call Chain = GetLengthStr &rArr; GetWordWidth &rArr; GetUnicode
</UL>
<BR>[Calls]<UL><LI><a href="#[97]">&gt;&gt;</a>&nbsp;&nbsp;&nbsp;GetWordWidth
</UL>
<BR>[Called By]<UL><LI><a href="#[60]">&gt;&gt;</a>&nbsp;&nbsp;&nbsp;View_SelectShow
<LI><a href="#[5f]">&gt;&gt;</a>&nbsp;&nbsp;&nbsp;View_FlashValueShow
<LI><a href="#[62]">&gt;&gt;</a>&nbsp;&nbsp;&nbsp;View_FlashSelectShow
<LI><a href="#[5b]">&gt;&gt;</a>&nbsp;&nbsp;&nbsp;ShowValuMenu
<LI><a href="#[59]">&gt;&gt;</a>&nbsp;&nbsp;&nbsp;ShowListMenu
<LI><a href="#[69]">&gt;&gt;</a>&nbsp;&nbsp;&nbsp;MD_ByteView_SelectShow
<LI><a href="#[5d]">&gt;&gt;</a>&nbsp;&nbsp;&nbsp;MDView_ValueShow
</UL>

<P><STRONG><a name="[11f]"></a>GetNumOfStr</STRONG> (Thumb, 30 bytes, Stack size 0 bytes, gui.o(i.GetNumOfStr))
<BR><BR>[Called By]<UL><LI><a href="#[5f]">&gt;&gt;</a>&nbsp;&nbsp;&nbsp;View_FlashValueShow
<LI><a href="#[5d]">&gt;&gt;</a>&nbsp;&nbsp;&nbsp;MDView_ValueShow
</UL>

<P><STRONG><a name="[c1]"></a>GetStrLengthAndSaveSide</STRONG> (Thumb, 58 bytes, Stack size 20 bytes, gui.o(i.GetStrLengthAndSaveSide))
<BR><BR>[Stack]<UL><LI>Max Depth = 44<LI>Call Chain = GetStrLengthAndSaveSide &rArr; GetWordWidth &rArr; GetUnicode
</UL>
<BR>[Calls]<UL><LI><a href="#[97]">&gt;&gt;</a>&nbsp;&nbsp;&nbsp;GetWordWidth
</UL>
<BR>[Called By]<UL><LI><a href="#[5f]">&gt;&gt;</a>&nbsp;&nbsp;&nbsp;View_FlashValueShow
<LI><a href="#[5d]">&gt;&gt;</a>&nbsp;&nbsp;&nbsp;MDView_ValueShow
</UL>

<P><STRONG><a name="[90]"></a>GetUnicode</STRONG> (Thumb, 12 bytes, Stack size 4 bytes, gui.o(i.GetUnicode))
<BR><BR>[Stack]<UL><LI>Max Depth = 4<LI>Call Chain = GetUnicode
</UL>
<BR>[Calls]<UL><LI><a href="#[c2]">&gt;&gt;</a>&nbsp;&nbsp;&nbsp;GBK2UNICODE
</UL>
<BR>[Called By]<UL><LI><a href="#[97]">&gt;&gt;</a>&nbsp;&nbsp;&nbsp;GetWordWidth
<LI><a href="#[8f]">&gt;&gt;</a>&nbsp;&nbsp;&nbsp;CUIGUI_DrawWord
</UL>

<P><STRONG><a name="[97]"></a>GetWordWidth</STRONG> (Thumb, 74 bytes, Stack size 20 bytes, gui.o(i.GetWordWidth))
<BR><BR>[Stack]<UL><LI>Max Depth = 24<LI>Call Chain = GetWordWidth &rArr; GetUnicode
</UL>
<BR>[Calls]<UL><LI><a href="#[90]">&gt;&gt;</a>&nbsp;&nbsp;&nbsp;GetUnicode
</UL>
<BR>[Called By]<UL><LI><a href="#[c1]">&gt;&gt;</a>&nbsp;&nbsp;&nbsp;GetStrLengthAndSaveSide
<LI><a href="#[c0]">&gt;&gt;</a>&nbsp;&nbsp;&nbsp;GetLengthStr
<LI><a href="#[94]">&gt;&gt;</a>&nbsp;&nbsp;&nbsp;CUIGUI_NumSelect2
</UL>

<P><STRONG><a name="[c3]"></a>GetpwmArgs</STRONG> (Thumb, 176 bytes, Stack size 16 bytes, pwm_task.o(i.GetpwmArgs))
<BR><BR>[Stack]<UL><LI>Max Depth = 16<LI>Call Chain = GetpwmArgs
</UL>
<BR>[Calls]<UL><LI><a href="#[ac]">&gt;&gt;</a>&nbsp;&nbsp;&nbsp;MDint2float
</UL>
<BR>[Called By]<UL><LI><a href="#[3]">&gt;&gt;</a>&nbsp;&nbsp;&nbsp;PWM_T1OUT1_Task
</UL>

<P><STRONG><a name="[124]"></a>HAL_DMA_Abort</STRONG> (Thumb, 56 bytes, Stack size 0 bytes, stm32f3xx_hal_dma.o(i.HAL_DMA_Abort))
<BR><BR>[Called By]<UL><LI><a href="#[123]">&gt;&gt;</a>&nbsp;&nbsp;&nbsp;MD_DMAInUART_IDLE
</UL>

<P><STRONG><a name="[105]"></a>HAL_DMA_Abort_IT</STRONG> (Thumb, 88 bytes, Stack size 16 bytes, stm32f3xx_hal_dma.o(i.HAL_DMA_Abort_IT))
<BR><BR>[Stack]<UL><LI>Max Depth = 16<LI>Call Chain = HAL_DMA_Abort_IT
</UL>
<BR>[Called By]<UL><LI><a href="#[102]">&gt;&gt;</a>&nbsp;&nbsp;&nbsp;HAL_UART_IRQHandler
</UL>

<P><STRONG><a name="[a9]"></a>HAL_DMA_IRQHandler</STRONG> (Thumb, 230 bytes, Stack size 16 bytes, stm32f3xx_hal_dma.o(i.HAL_DMA_IRQHandler))
<BR><BR>[Stack]<UL><LI>Max Depth = 16<LI>Call Chain = HAL_DMA_IRQHandler
</UL>
<BR>[Called By]<UL><LI><a href="#[29]">&gt;&gt;</a>&nbsp;&nbsp;&nbsp;DMA1_Channel7_IRQHandler
<LI><a href="#[28]">&gt;&gt;</a>&nbsp;&nbsp;&nbsp;DMA1_Channel6_IRQHandler
<LI><a href="#[27]">&gt;&gt;</a>&nbsp;&nbsp;&nbsp;DMA1_Channel5_IRQHandler
<LI><a href="#[26]">&gt;&gt;</a>&nbsp;&nbsp;&nbsp;DMA1_Channel4_IRQHandler
</UL>

<P><STRONG><a name="[c4]"></a>HAL_DMA_Init</STRONG> (Thumb, 86 bytes, Stack size 16 bytes, stm32f3xx_hal_dma.o(i.HAL_DMA_Init))
<BR><BR>[Stack]<UL><LI>Max Depth = 16<LI>Call Chain = HAL_DMA_Init
</UL>
<BR>[Calls]<UL><LI><a href="#[c5]">&gt;&gt;</a>&nbsp;&nbsp;&nbsp;DMA_CalcBaseAndBitshift
</UL>
<BR>[Called By]<UL><LI><a href="#[10b]">&gt;&gt;</a>&nbsp;&nbsp;&nbsp;HAL_UART_MspInit
</UL>

<P><STRONG><a name="[c6]"></a>HAL_DMA_Start_IT</STRONG> (Thumb, 156 bytes, Stack size 24 bytes, stm32f3xx_hal_dma.o(i.HAL_DMA_Start_IT))
<BR><BR>[Stack]<UL><LI>Max Depth = 36<LI>Call Chain = HAL_DMA_Start_IT &rArr; DMA_SetConfig
</UL>
<BR>[Calls]<UL><LI><a href="#[c7]">&gt;&gt;</a>&nbsp;&nbsp;&nbsp;DMA_SetConfig
</UL>
<BR>[Called By]<UL><LI><a href="#[113]">&gt;&gt;</a>&nbsp;&nbsp;&nbsp;HAL_UART_Transmit_DMA
<LI><a href="#[110]">&gt;&gt;</a>&nbsp;&nbsp;&nbsp;HAL_UART_Receive_DMA
</UL>

<P><STRONG><a name="[c8]"></a>HAL_Delay</STRONG> (Thumb, 36 bytes, Stack size 16 bytes, stm32f3xx_hal.o(i.HAL_Delay))
<BR><BR>[Stack]<UL><LI>Max Depth = 16<LI>Call Chain = HAL_Delay
</UL>
<BR>[Calls]<UL><LI><a href="#[b7]">&gt;&gt;</a>&nbsp;&nbsp;&nbsp;HAL_GetTick
</UL>
<BR>[Called By]<UL><LI><a href="#[93]">&gt;&gt;</a>&nbsp;&nbsp;&nbsp;LCD_Init
</UL>

<P><STRONG><a name="[c9]"></a>HAL_FLASHEx_Erase</STRONG> (Thumb, 166 bytes, Stack size 24 bytes, stm32f3xx_hal_flash_ex.o(i.HAL_FLASHEx_Erase))
<BR><BR>[Stack]<UL><LI>Max Depth = 96<LI>Call Chain = HAL_FLASHEx_Erase &rArr; FLASH_WaitForLastOperation &rArr; vTaskDelay &rArr; xTaskResumeAll &rArr; xTaskIncrementTick
</UL>
<BR>[Calls]<UL><LI><a href="#[ca]">&gt;&gt;</a>&nbsp;&nbsp;&nbsp;FLASH_MassErase
<LI><a href="#[cb]">&gt;&gt;</a>&nbsp;&nbsp;&nbsp;FLASH_PageErase
<LI><a href="#[b6]">&gt;&gt;</a>&nbsp;&nbsp;&nbsp;FLASH_WaitForLastOperation
</UL>
<BR>[Called By]<UL><LI><a href="#[bc]">&gt;&gt;</a>&nbsp;&nbsp;&nbsp;STMFLASH_Write
</UL>

<P><STRONG><a name="[157]"></a>HAL_FLASH_Lock</STRONG> (Thumb, 16 bytes, Stack size 0 bytes, stm32f3xx_hal_flash.o(i.HAL_FLASH_Lock))
<BR><BR>[Called By]<UL><LI><a href="#[bc]">&gt;&gt;</a>&nbsp;&nbsp;&nbsp;STMFLASH_Write
</UL>

<P><STRONG><a name="[cc]"></a>HAL_FLASH_Program</STRONG> (Thumb, 168 bytes, Stack size 48 bytes, stm32f3xx_hal_flash.o(i.HAL_FLASH_Program))
<BR><BR>[Stack]<UL><LI>Max Depth = 120<LI>Call Chain = HAL_FLASH_Program &rArr; FLASH_WaitForLastOperation &rArr; vTaskDelay &rArr; xTaskResumeAll &rArr; xTaskIncrementTick
</UL>
<BR>[Calls]<UL><LI><a href="#[cd]">&gt;&gt;</a>&nbsp;&nbsp;&nbsp;FLASH_Program_HalfWord
<LI><a href="#[b6]">&gt;&gt;</a>&nbsp;&nbsp;&nbsp;FLASH_WaitForLastOperation
<LI><a href="#[7b]">&gt;&gt;</a>&nbsp;&nbsp;&nbsp;__aeabi_llsr
</UL>
<BR>[Called By]<UL><LI><a href="#[bc]">&gt;&gt;</a>&nbsp;&nbsp;&nbsp;STMFLASH_Write
</UL>

<P><STRONG><a name="[156]"></a>HAL_FLASH_Unlock</STRONG> (Thumb, 36 bytes, Stack size 0 bytes, stm32f3xx_hal_flash.o(i.HAL_FLASH_Unlock))
<BR><BR>[Called By]<UL><LI><a href="#[bc]">&gt;&gt;</a>&nbsp;&nbsp;&nbsp;STMFLASH_Write
</UL>

<P><STRONG><a name="[ce]"></a>HAL_GPIO_EXTI_Callback</STRONG> (Thumb, 44 bytes, Stack size 8 bytes, keyscan_task.o(i.HAL_GPIO_EXTI_Callback))
<BR><BR>[Stack]<UL><LI>Max Depth = 48<LI>Call Chain = HAL_GPIO_EXTI_Callback &rArr; vTaskNotifyGiveFromISR &rArr; vPortValidateInterruptPriority
</UL>
<BR>[Calls]<UL><LI><a href="#[cf]">&gt;&gt;</a>&nbsp;&nbsp;&nbsp;vTaskNotifyGiveFromISR
</UL>
<BR>[Called By]<UL><LI><a href="#[b0]">&gt;&gt;</a>&nbsp;&nbsp;&nbsp;HAL_GPIO_EXTI_IRQHandler
</UL>

<P><STRONG><a name="[b0]"></a>HAL_GPIO_EXTI_IRQHandler</STRONG> (Thumb, 24 bytes, Stack size 8 bytes, stm32f3xx_hal_gpio.o(i.HAL_GPIO_EXTI_IRQHandler))
<BR><BR>[Stack]<UL><LI>Max Depth = 56<LI>Call Chain = HAL_GPIO_EXTI_IRQHandler &rArr; HAL_GPIO_EXTI_Callback &rArr; vTaskNotifyGiveFromISR &rArr; vPortValidateInterruptPriority
</UL>
<BR>[Calls]<UL><LI><a href="#[ce]">&gt;&gt;</a>&nbsp;&nbsp;&nbsp;HAL_GPIO_EXTI_Callback
</UL>
<BR>[Called By]<UL><LI><a href="#[40]">&gt;&gt;</a>&nbsp;&nbsp;&nbsp;EXTI15_10_IRQHandler
</UL>

<P><STRONG><a name="[e1]"></a>HAL_GPIO_Init</STRONG> (Thumb, 432 bytes, Stack size 20 bytes, stm32f3xx_hal_gpio.o(i.HAL_GPIO_Init))
<BR><BR>[Stack]<UL><LI>Max Depth = 20<LI>Call Chain = HAL_GPIO_Init
</UL>
<BR>[Called By]<UL><LI><a href="#[10b]">&gt;&gt;</a>&nbsp;&nbsp;&nbsp;HAL_UART_MspInit
<LI><a href="#[f4]">&gt;&gt;</a>&nbsp;&nbsp;&nbsp;HAL_TIM_MspPostInit
<LI><a href="#[e0]">&gt;&gt;</a>&nbsp;&nbsp;&nbsp;HAL_SPI_MspInit
<LI><a href="#[12f]">&gt;&gt;</a>&nbsp;&nbsp;&nbsp;MX_GPIO_Init
</UL>

<P><STRONG><a name="[81]"></a>HAL_GPIO_WritePin</STRONG> (Thumb, 10 bytes, Stack size 0 bytes, stm32f3xx_hal_gpio.o(i.HAL_GPIO_WritePin))
<BR><BR>[Called By]<UL><LI><a href="#[12f]">&gt;&gt;</a>&nbsp;&nbsp;&nbsp;MX_GPIO_Init
<LI><a href="#[80]">&gt;&gt;</a>&nbsp;&nbsp;&nbsp;AD5662_Init
<LI><a href="#[82]">&gt;&gt;</a>&nbsp;&nbsp;&nbsp;AD5662_Write
<LI><a href="#[119]">&gt;&gt;</a>&nbsp;&nbsp;&nbsp;LCD_WrDat
<LI><a href="#[118]">&gt;&gt;</a>&nbsp;&nbsp;&nbsp;LCD_WrCmd
<LI><a href="#[93]">&gt;&gt;</a>&nbsp;&nbsp;&nbsp;LCD_Init
<LI><a href="#[16b]">&gt;&gt;</a>&nbsp;&nbsp;&nbsp;WriteToAD7147ViaSpi
<LI><a href="#[153]">&gt;&gt;</a>&nbsp;&nbsp;&nbsp;ReadFromAD7147ViaSpi
<LI><a href="#[0]">&gt;&gt;</a>&nbsp;&nbsp;&nbsp;KeyScan_Task
<LI><a href="#[1]">&gt;&gt;</a>&nbsp;&nbsp;&nbsp;GUI_Task
</UL>

<P><STRONG><a name="[b7]"></a>HAL_GetTick</STRONG> (Thumb, 6 bytes, Stack size 0 bytes, stm32f3xx_hal.o(i.HAL_GetTick))
<BR><BR>[Called By]<UL><LI><a href="#[111]">&gt;&gt;</a>&nbsp;&nbsp;&nbsp;HAL_UART_Transmit
<LI><a href="#[de]">&gt;&gt;</a>&nbsp;&nbsp;&nbsp;HAL_RCC_OscConfig
<LI><a href="#[d9]">&gt;&gt;</a>&nbsp;&nbsp;&nbsp;HAL_RCC_ClockConfig
<LI><a href="#[d8]">&gt;&gt;</a>&nbsp;&nbsp;&nbsp;HAL_RCCEx_PeriphCLKConfig
<LI><a href="#[e3]">&gt;&gt;</a>&nbsp;&nbsp;&nbsp;HAL_SPI_TransmitReceive
<LI><a href="#[e5]">&gt;&gt;</a>&nbsp;&nbsp;&nbsp;HAL_SPI_Transmit
<LI><a href="#[e2]">&gt;&gt;</a>&nbsp;&nbsp;&nbsp;HAL_SPI_Receive
<LI><a href="#[154]">&gt;&gt;</a>&nbsp;&nbsp;&nbsp;SPI_WaitFlagStateUntilTimeout
<LI><a href="#[155]">&gt;&gt;</a>&nbsp;&nbsp;&nbsp;SPI_WaitFifoStateUntilTimeout
<LI><a href="#[c8]">&gt;&gt;</a>&nbsp;&nbsp;&nbsp;HAL_Delay
<LI><a href="#[112]">&gt;&gt;</a>&nbsp;&nbsp;&nbsp;UART_WaitOnFlagUntilTimeout
<LI><a href="#[10e]">&gt;&gt;</a>&nbsp;&nbsp;&nbsp;UART_CheckIdleState
<LI><a href="#[b6]">&gt;&gt;</a>&nbsp;&nbsp;&nbsp;FLASH_WaitForLastOperation
</UL>

<P><STRONG><a name="[15f]"></a>HAL_IncTick</STRONG> (Thumb, 16 bytes, Stack size 0 bytes, stm32f3xx_hal.o(i.HAL_IncTick))
<BR><BR>[Called By]<UL><LI><a href="#[17]">&gt;&gt;</a>&nbsp;&nbsp;&nbsp;SysTick_Handler
</UL>

<P><STRONG><a name="[d0]"></a>HAL_Init</STRONG> (Thumb, 34 bytes, Stack size 8 bytes, stm32f3xx_hal.o(i.HAL_Init))
<BR><BR>[Stack]<UL><LI>Max Depth = 72<LI>Call Chain = HAL_Init &rArr; HAL_InitTick &rArr; HAL_NVIC_SetPriority &rArr; NVIC_SetPriority
</UL>
<BR>[Calls]<UL><LI><a href="#[d1]">&gt;&gt;</a>&nbsp;&nbsp;&nbsp;HAL_NVIC_SetPriorityGrouping
<LI><a href="#[d3]">&gt;&gt;</a>&nbsp;&nbsp;&nbsp;HAL_MspInit
<LI><a href="#[d2]">&gt;&gt;</a>&nbsp;&nbsp;&nbsp;HAL_InitTick
</UL>
<BR>[Called By]<UL><LI><a href="#[52]">&gt;&gt;</a>&nbsp;&nbsp;&nbsp;main
</UL>

<P><STRONG><a name="[d2]"></a>HAL_InitTick</STRONG> (Thumb, 64 bytes, Stack size 16 bytes, stm32f3xx_hal.o(i.HAL_InitTick))
<BR><BR>[Stack]<UL><LI>Max Depth = 64<LI>Call Chain = HAL_InitTick &rArr; HAL_NVIC_SetPriority &rArr; NVIC_SetPriority
</UL>
<BR>[Calls]<UL><LI><a href="#[d4]">&gt;&gt;</a>&nbsp;&nbsp;&nbsp;HAL_SYSTICK_Config
<LI><a href="#[d5]">&gt;&gt;</a>&nbsp;&nbsp;&nbsp;HAL_NVIC_SetPriority
</UL>
<BR>[Called By]<UL><LI><a href="#[d9]">&gt;&gt;</a>&nbsp;&nbsp;&nbsp;HAL_RCC_ClockConfig
<LI><a href="#[d0]">&gt;&gt;</a>&nbsp;&nbsp;&nbsp;HAL_Init
</UL>

<P><STRONG><a name="[d3]"></a>HAL_MspInit</STRONG> (Thumb, 140 bytes, Stack size 8 bytes, stm32f3xx_hal_msp.o(i.HAL_MspInit))
<BR><BR>[Stack]<UL><LI>Max Depth = 56<LI>Call Chain = HAL_MspInit &rArr; HAL_NVIC_SetPriority &rArr; NVIC_SetPriority
</UL>
<BR>[Calls]<UL><LI><a href="#[d5]">&gt;&gt;</a>&nbsp;&nbsp;&nbsp;HAL_NVIC_SetPriority
<LI><a href="#[d1]">&gt;&gt;</a>&nbsp;&nbsp;&nbsp;HAL_NVIC_SetPriorityGrouping
</UL>
<BR>[Called By]<UL><LI><a href="#[d0]">&gt;&gt;</a>&nbsp;&nbsp;&nbsp;HAL_Init
</UL>

<P><STRONG><a name="[ea]"></a>HAL_NVIC_EnableIRQ</STRONG> (Thumb, 26 bytes, Stack size 0 bytes, stm32f3xx_hal_cortex.o(i.HAL_NVIC_EnableIRQ))
<BR><BR>[Called By]<UL><LI><a href="#[10b]">&gt;&gt;</a>&nbsp;&nbsp;&nbsp;HAL_UART_MspInit
<LI><a href="#[e8]">&gt;&gt;</a>&nbsp;&nbsp;&nbsp;HAL_TIM_Base_MspInit
<LI><a href="#[12f]">&gt;&gt;</a>&nbsp;&nbsp;&nbsp;MX_GPIO_Init
<LI><a href="#[129]">&gt;&gt;</a>&nbsp;&nbsp;&nbsp;MX_DMA_Init
</UL>

<P><STRONG><a name="[d5]"></a>HAL_NVIC_SetPriority</STRONG> (Thumb, 124 bytes, Stack size 40 bytes, stm32f3xx_hal_cortex.o(i.HAL_NVIC_SetPriority))
<BR><BR>[Stack]<UL><LI>Max Depth = 48<LI>Call Chain = HAL_NVIC_SetPriority &rArr; NVIC_SetPriority
</UL>
<BR>[Calls]<UL><LI><a href="#[d7]">&gt;&gt;</a>&nbsp;&nbsp;&nbsp;NVIC_SetPriority
<LI><a href="#[d6]">&gt;&gt;</a>&nbsp;&nbsp;&nbsp;NVIC_GetPriorityGrouping
</UL>
<BR>[Called By]<UL><LI><a href="#[10b]">&gt;&gt;</a>&nbsp;&nbsp;&nbsp;HAL_UART_MspInit
<LI><a href="#[e8]">&gt;&gt;</a>&nbsp;&nbsp;&nbsp;HAL_TIM_Base_MspInit
<LI><a href="#[12f]">&gt;&gt;</a>&nbsp;&nbsp;&nbsp;MX_GPIO_Init
<LI><a href="#[129]">&gt;&gt;</a>&nbsp;&nbsp;&nbsp;MX_DMA_Init
<LI><a href="#[161]">&gt;&gt;</a>&nbsp;&nbsp;&nbsp;SystemClock_Config
<LI><a href="#[d3]">&gt;&gt;</a>&nbsp;&nbsp;&nbsp;HAL_MspInit
<LI><a href="#[d2]">&gt;&gt;</a>&nbsp;&nbsp;&nbsp;HAL_InitTick
</UL>

<P><STRONG><a name="[d1]"></a>HAL_NVIC_SetPriorityGrouping</STRONG> (Thumb, 32 bytes, Stack size 0 bytes, stm32f3xx_hal_cortex.o(i.HAL_NVIC_SetPriorityGrouping))
<BR><BR>[Called By]<UL><LI><a href="#[d0]">&gt;&gt;</a>&nbsp;&nbsp;&nbsp;HAL_Init
<LI><a href="#[d3]">&gt;&gt;</a>&nbsp;&nbsp;&nbsp;HAL_MspInit
</UL>

[...]
<BR><BR>[Called By]<UL><LI><a href="#[66]">&gt;&gt;</a>&nbsp;&nbsp;&nbsp;UART_DMAError
</UL>

<P><STRONG><a name="[c5]"></a>DMA_CalcBaseAndBitshift</STRONG> (Thumb, 56 bytes, Stack size 0 bytes, stm32f3xx_hal_dma.o(i.DMA_CalcBaseAndBitshift))
<BR><BR>[Called By]<UL><LI><a href="#[c4]">&gt;&gt;</a>&nbsp;&nbsp;&nbsp;HAL_DMA_Init
</UL>

<P><STRONG><a name="[c7]"></a>DMA_SetConfig</STRONG> (Thumb, 44 bytes, Stack size 12 bytes, stm32f3xx_hal_dma.o(i.DMA_SetConfig))
<BR><BR>[Stack]<UL><LI>Max Depth = 12<LI>Call Chain = DMA_SetConfig
</UL>
<BR>[Called By]<UL><LI><a href="#[c6]">&gt;&gt;</a>&nbsp;&nbsp;&nbsp;HAL_DMA_Start_IT
</UL>

<P><STRONG><a name="[d6]"></a>NVIC_GetPriorityGrouping</STRONG> (Thumb, 10 bytes, Stack size 0 bytes, stm32f3xx_hal_cortex.o(i.NVIC_GetPriorityGrouping))
<BR><BR>[Called By]<UL><LI><a href="#[d5]">&gt;&gt;</a>&nbsp;&nbsp;&nbsp;HAL_NVIC_SetPriority
</UL>

<P><STRONG><a name="[d7]"></a>NVIC_SetPriority</STRONG> (Thumb, 32 bytes, Stack size 8 bytes, stm32f3xx_hal_cortex.o(i.NVIC_SetPriority))
<BR><BR>[Stack]<UL><LI>Max Depth = 8<LI>Call Chain = NVIC_SetPriority
</UL>
<BR>[Called By]<UL><LI><a href="#[d4]">&gt;&gt;</a>&nbsp;&nbsp;&nbsp;HAL_SYSTICK_Config
<LI><a href="#[d5]">&gt;&gt;</a>&nbsp;&nbsp;&nbsp;HAL_NVIC_SetPriority
</UL>

<P><STRONG><a name="[cd]"></a>FLASH_Program_HalfWord</STRONG> (Thumb, 22 bytes, Stack size 0 bytes, stm32f3xx_hal_flash.o(i.FLASH_Program_HalfWord))
<BR><BR>[Called By]<UL><LI><a href="#[cc]">&gt;&gt;</a>&nbsp;&nbsp;&nbsp;HAL_FLASH_Program
</UL>

<P><STRONG><a name="[b9]"></a>FLASH_SetErrorCode</STRONG> (Thumb, 64 bytes, Stack size 0 bytes, stm32f3xx_hal_flash.o(i.FLASH_SetErrorCode))
<BR><BR>[Called By]<UL><LI><a href="#[b6]">&gt;&gt;</a>&nbsp;&nbsp;&nbsp;FLASH_WaitForLastOperation
</UL>

<P><STRONG><a name="[ca]"></a>FLASH_MassErase</STRONG> (Thumb, 30 bytes, Stack size 0 bytes, stm32f3xx_hal_flash_ex.o(i.FLASH_MassErase))
<BR><BR>[Called By]<UL><LI><a href="#[c9]">&gt;&gt;</a>&nbsp;&nbsp;&nbsp;HAL_FLASHEx_Erase
</UL>

<P><STRONG><a name="[198]"></a>prvHeapInit</STRONG> (Thumb, 98 bytes, Stack size 12 bytes, heap_4.o(i.prvHeapInit))
<BR><BR>[Stack]<UL><LI>Max Depth = 12<LI>Call Chain = prvHeapInit
</UL>
<BR>[Called By]<UL><LI><a href="#[a6]">&gt;&gt;</a>&nbsp;&nbsp;&nbsp;pvPortMalloc
</UL>

<P><STRONG><a name="[199]"></a>prvInsertBlockIntoFreeList</STRONG> (Thumb, 96 bytes, Stack size 8 bytes, heap_4.o(i.prvInsertBlockIntoFreeList))
<BR><BR>[Stack]<UL><LI>Max Depth = 8<LI>Call Chain = prvInsertBlockIntoFreeList
</UL>
<BR>[Called By]<UL><LI><a href="#[184]">&gt;&gt;</a>&nbsp;&nbsp;&nbsp;vPortFree
<LI><a href="#[a6]">&gt;&gt;</a>&nbsp;&nbsp;&nbsp;pvPortMalloc
</UL>

<P><STRONG><a name="[6c]"></a>prvTaskExitError</STRONG> (Thumb, 60 bytes, Stack size 0 bytes, port.o(i.prvTaskExitError))
<BR>[Address Reference Count : 1]<UL><LI> port.o(i.pxPortInitialiseStack)
</UL>
<P><STRONG><a name="[180]"></a>prvCopyDataFromQueue</STRONG> (Thumb, 42 bytes, Stack size 16 bytes, queue.o(i.prvCopyDataFromQueue))
<BR><BR>[Stack]<UL><LI>Max Depth = 16<LI>Call Chain = prvCopyDataFromQueue
</UL>
<BR>[Calls]<UL><LI><a href="#[181]">&gt;&gt;</a>&nbsp;&nbsp;&nbsp;__aeabi_memcpy
</UL>
<BR>[Called By]<UL><LI><a href="#[13e]">&gt;&gt;</a>&nbsp;&nbsp;&nbsp;xQueueGenericReceive
</UL>

<P><STRONG><a name="[182]"></a>prvCopyDataToQueue</STRONG> (Thumb, 124 bytes, Stack size 24 bytes, queue.o(i.prvCopyDataToQueue))
<BR><BR>[Stack]<UL><LI>Max Depth = 40<LI>Call Chain = prvCopyDataToQueue &rArr; xTaskPriorityDisinherit
</UL>
<BR>[Calls]<UL><LI><a href="#[183]">&gt;&gt;</a>&nbsp;&nbsp;&nbsp;xTaskPriorityDisinherit
<LI><a href="#[181]">&gt;&gt;</a>&nbsp;&nbsp;&nbsp;__aeabi_memcpy
</UL>
<BR>[Called By]<UL><LI><a href="#[100]">&gt;&gt;</a>&nbsp;&nbsp;&nbsp;xQueueGenericSendFromISR
<LI><a href="#[128]">&gt;&gt;</a>&nbsp;&nbsp;&nbsp;xQueueGenericSend
</UL>

<P><STRONG><a name="[185]"></a>prvInitialiseNewQueue</STRONG> (Thumb, 42 bytes, Stack size 24 bytes, queue.o(i.prvInitialiseNewQueue))
<BR><BR>[Stack]<UL><LI>Max Depth = 56<LI>Call Chain = prvInitialiseNewQueue &rArr; xQueueGenericReset &rArr; xTaskRemoveFromEventList
</UL>
<BR>[Calls]<UL><LI><a href="#[186]">&gt;&gt;</a>&nbsp;&nbsp;&nbsp;xQueueGenericReset
</UL>
<BR>[Called By]<UL><LI><a href="#[13a]">&gt;&gt;</a>&nbsp;&nbsp;&nbsp;xQueueGenericCreate
</UL>

<P><STRONG><a name="[18c]"></a>prvIsQueueEmpty</STRONG> (Thumb, 26 bytes, Stack size 16 bytes, queue.o(i.prvIsQueueEmpty))
<BR><BR>[Stack]<UL><LI>Max Depth = 16<LI>Call Chain = prvIsQueueEmpty
</UL>
<BR>[Calls]<UL><LI><a href="#[148]">&gt;&gt;</a>&nbsp;&nbsp;&nbsp;vPortExitCritical
<LI><a href="#[146]">&gt;&gt;</a>&nbsp;&nbsp;&nbsp;vPortEnterCritical
</UL>
<BR>[Called By]<UL><LI><a href="#[13e]">&gt;&gt;</a>&nbsp;&nbsp;&nbsp;xQueueGenericReceive
</UL>

<P><STRONG><a name="[18d]"></a>prvIsQueueFull</STRONG> (Thumb, 30 bytes, Stack size 16 bytes, queue.o(i.prvIsQueueFull))
<BR><BR>[Stack]<UL><LI>Max Depth = 16<LI>Call Chain = prvIsQueueFull
</UL>
<BR>[Calls]<UL><LI><a href="#[148]">&gt;&gt;</a>&nbsp;&nbsp;&nbsp;vPortExitCritical
<LI><a href="#[146]">&gt;&gt;</a>&nbsp;&nbsp;&nbsp;vPortEnterCritical
</UL>
<BR>[Called By]<UL><LI><a href="#[128]">&gt;&gt;</a>&nbsp;&nbsp;&nbsp;xQueueGenericSend
</UL>

<P><STRONG><a name="[195]"></a>prvUnlockQueue</STRONG> (Thumb, 126 bytes, Stack size 16 bytes, queue.o(i.prvUnlockQueue))
<BR><BR>[Stack]<UL><LI>Max Depth = 32<LI>Call Chain = prvUnlockQueue &rArr; xTaskRemoveFromEventList
</UL>
<BR>[Calls]<UL><LI><a href="#[196]">&gt;&gt;</a>&nbsp;&nbsp;&nbsp;xTaskRemoveFromEventList
<LI><a href="#[197]">&gt;&gt;</a>&nbsp;&nbsp;&nbsp;vTaskMissedYield
<LI><a href="#[148]">&gt;&gt;</a>&nbsp;&nbsp;&nbsp;vPortExitCritical
<LI><a href="#[146]">&gt;&gt;</a>&nbsp;&nbsp;&nbsp;vPortEnterCritical
</UL>
<BR>[Called By]<UL><LI><a href="#[128]">&gt;&gt;</a>&nbsp;&nbsp;&nbsp;xQueueGenericSend
<LI><a href="#[13e]">&gt;&gt;</a>&nbsp;&nbsp;&nbsp;xQueueGenericReceive
<LI><a href="#[192]">&gt;&gt;</a>&nbsp;&nbsp;&nbsp;vQueueWaitForMessageRestricted
</UL>

<P><STRONG><a name="[173]"></a>prvAddCurrentTaskToDelayedList</STRONG> (Thumb, 124 bytes, Stack size 24 bytes, tasks.o(i.prvAddCurrentTaskToDelayedList))
<BR><BR>[Stack]<UL><LI>Max Depth = 32<LI>Call Chain = prvAddCurrentTaskToDelayedList &rArr; vListInsert
</UL>
<BR>[Calls]<UL><LI><a href="#[175]">&gt;&gt;</a>&nbsp;&nbsp;&nbsp;vListInsertEnd
<LI><a href="#[176]">&gt;&gt;</a>&nbsp;&nbsp;&nbsp;vListInsert
<LI><a href="#[174]">&gt;&gt;</a>&nbsp;&nbsp;&nbsp;uxListRemove
</UL>
<BR>[Called By]<UL><LI><a href="#[b8]">&gt;&gt;</a>&nbsp;&nbsp;&nbsp;vTaskDelay
<LI><a href="#[114]">&gt;&gt;</a>&nbsp;&nbsp;&nbsp;ulTaskNotifyTake
<LI><a href="#[19c]">&gt;&gt;</a>&nbsp;&nbsp;&nbsp;vTaskPlaceOnEventListRestricted
<LI><a href="#[19d]">&gt;&gt;</a>&nbsp;&nbsp;&nbsp;vTaskPlaceOnEventList
</UL>

<P><STRONG><a name="[177]"></a>prvAddNewTaskToReadyList</STRONG> (Thumb, 156 bytes, Stack size 8 bytes, tasks.o(i.prvAddNewTaskToReadyList))
<BR><BR>[Stack]<UL><LI>Max Depth = 16<LI>Call Chain = prvAddNewTaskToReadyList &rArr; prvInitialiseTaskLists
</UL>
<BR>[Calls]<UL><LI><a href="#[178]">&gt;&gt;</a>&nbsp;&nbsp;&nbsp;prvInitialiseTaskLists
<LI><a href="#[175]">&gt;&gt;</a>&nbsp;&nbsp;&nbsp;vListInsertEnd
<LI><a href="#[148]">&gt;&gt;</a>&nbsp;&nbsp;&nbsp;vPortExitCritical
<LI><a href="#[146]">&gt;&gt;</a>&nbsp;&nbsp;&nbsp;vPortEnterCritical
</UL>
<BR>[Called By]<UL><LI><a href="#[163]">&gt;&gt;</a>&nbsp;&nbsp;&nbsp;xTaskCreate
</UL>

<P><STRONG><a name="[17c]"></a>prvCheckTasksWaitingTermination</STRONG> (Thumb, 86 bytes, Stack size 16 bytes, tasks.o(i.prvCheckTasksWaitingTermination))
<BR><BR>[Stack]<UL><LI>Max Depth = 80<LI>Call Chain = prvCheckTasksWaitingTermination &rArr; prvDeleteTCB &rArr; vPortFree &rArr; xTaskResumeAll &rArr; xTaskIncrementTick
</UL>
<BR>[Calls]<UL><LI><a href="#[17e]">&gt;&gt;</a>&nbsp;&nbsp;&nbsp;xTaskResumeAll
<LI><a href="#[17d]">&gt;&gt;</a>&nbsp;&nbsp;&nbsp;vTaskSuspendAll
<LI><a href="#[17f]">&gt;&gt;</a>&nbsp;&nbsp;&nbsp;prvDeleteTCB
<LI><a href="#[174]">&gt;&gt;</a>&nbsp;&nbsp;&nbsp;uxListRemove
<LI><a href="#[148]">&gt;&gt;</a>&nbsp;&nbsp;&nbsp;vPortExitCritical
<LI><a href="#[146]">&gt;&gt;</a>&nbsp;&nbsp;&nbsp;vPortEnterCritical
</UL>
<BR>[Called By]<UL><LI><a href="#[6d]">&gt;&gt;</a>&nbsp;&nbsp;&nbsp;prvIdleTask
</UL>

<P><STRONG><a name="[17f]"></a>prvDeleteTCB</STRONG> (Thumb, 18 bytes, Stack size 8 bytes, tasks.o(i.prvDeleteTCB))
<BR><BR>[Stack]<UL><LI>Max Depth = 64<LI>Call Chain = prvDeleteTCB &rArr; vPortFree &rArr; xTaskResumeAll &rArr; xTaskIncrementTick
</UL>
<BR>[Calls]<UL><LI><a href="#[184]">&gt;&gt;</a>&nbsp;&nbsp;&nbsp;vPortFree
</UL>
<BR>[Called By]<UL><LI><a href="#[17c]">&gt;&gt;</a>&nbsp;&nbsp;&nbsp;prvCheckTasksWaitingTermination
</UL>

<P><STRONG><a name="[6d]"></a>prvIdleTask</STRONG> (Thumb, 32 bytes, Stack size 0 bytes, tasks.o(i.prvIdleTask))
<BR><BR>[Stack]<UL><LI>Max Depth = 80<LI>Call Chain = prvIdleTask &rArr; prvCheckTasksWaitingTermination &rArr; prvDeleteTCB &rArr; vPortFree &rArr; xTaskResumeAll &rArr; xTaskIncrementTick
</UL>
<BR>[Calls]<UL><LI><a href="#[17c]">&gt;&gt;</a>&nbsp;&nbsp;&nbsp;prvCheckTasksWaitingTermination
</UL>
<BR>[Address Reference Count : 1]<UL><LI> tasks.o(i.vTaskStartScheduler)
</UL>
<P><STRONG><a name="[187]"></a>prvInitialiseNewTask</STRONG> (Thumb, 182 bytes, Stack size 40 bytes, tasks.o(i.prvInitialiseNewTask))
<BR><BR>[Stack]<UL><LI>Max Depth = 40<LI>Call Chain = prvInitialiseNewTask
</UL>
<BR>[Calls]<UL><LI><a href="#[188]">&gt;&gt;</a>&nbsp;&nbsp;&nbsp;vListInitialiseItem
<LI><a href="#[189]">&gt;&gt;</a>&nbsp;&nbsp;&nbsp;pxPortInitialiseStack
<LI><a href="#[74]">&gt;&gt;</a>&nbsp;&nbsp;&nbsp;__aeabi_memset
</UL>
<BR>[Called By]<UL><LI><a href="#[163]">&gt;&gt;</a>&nbsp;&nbsp;&nbsp;xTaskCreate
</UL>

<P><STRONG><a name="[178]"></a>prvInitialiseTaskLists</STRONG> (Thumb, 70 bytes, Stack size 8 bytes, tasks.o(i.prvInitialiseTaskLists))
<BR><BR>[Stack]<UL><LI>Max Depth = 8<LI>Call Chain = prvInitialiseTaskLists
</UL>
<BR>[Calls]<UL><LI><a href="#[17a]">&gt;&gt;</a>&nbsp;&nbsp;&nbsp;vListInitialise
</UL>
<BR>[Called By]<UL><LI><a href="#[177]">&gt;&gt;</a>&nbsp;&nbsp;&nbsp;prvAddNewTaskToReadyList
</UL>

<P><STRONG><a name="[1aa]"></a>prvResetNextTaskUnblockTime</STRONG> (Thumb, 42 bytes, Stack size 0 bytes, tasks.o(i.prvResetNextTaskUnblockTime))
<BR><BR>[Called By]<UL><LI><a href="#[17e]">&gt;&gt;</a>&nbsp;&nbsp;&nbsp;xTaskResumeAll
<LI><a href="#[1a6]">&gt;&gt;</a>&nbsp;&nbsp;&nbsp;xTaskIncrementTick
</UL>

<P><STRONG><a name="[179]"></a>prvCheckForValidListAndQueue</STRONG> (Thumb, 72 bytes, Stack size 8 bytes, timers.o(i.prvCheckForValidListAndQueue))
<BR><BR>[Stack]<UL><LI>Max Depth = 104<LI>Call Chain = prvCheckForValidListAndQueue &rArr; xQueueGenericCreate &rArr; pvPortMalloc &rArr; xTaskResumeAll &rArr; xTaskIncrementTick
</UL>
<BR>[Calls]<UL><LI><a href="#[13a]">&gt;&gt;</a>&nbsp;&nbsp;&nbsp;xQueueGenericCreate
<LI><a href="#[17b]">&gt;&gt;</a>&nbsp;&nbsp;&nbsp;vQueueAddToRegistry
<LI><a href="#[17a]">&gt;&gt;</a>&nbsp;&nbsp;&nbsp;vListInitialise
<LI><a href="#[148]">&gt;&gt;</a>&nbsp;&nbsp;&nbsp;vPortExitCritical
<LI><a href="#[146]">&gt;&gt;</a>&nbsp;&nbsp;&nbsp;vPortEnterCritical
</UL>
<BR>[Called By]<UL><LI><a href="#[19f]">&gt;&gt;</a>&nbsp;&nbsp;&nbsp;xTimerCreateTimerTask
<LI><a href="#[18a]">&gt;&gt;</a>&nbsp;&nbsp;&nbsp;prvInitialiseNewTimer
</UL>

<P><STRONG><a name="[194]"></a>prvGetNextExpireTime</STRONG> (Thumb, 36 bytes, Stack size 0 bytes, timers.o(i.prvGetNextExpireTime))
<BR><BR>[Called By]<UL><LI><a href="#[6e]">&gt;&gt;</a>&nbsp;&nbsp;&nbsp;prvTimerTask
</UL>

<P><STRONG><a name="[18a]"></a>prvInitialiseNewTimer</STRONG> (Thumb, 78 bytes, Stack size 32 bytes, timers.o(i.prvInitialiseNewTimer))
<BR><BR>[Stack]<UL><LI>Max Depth = 136<LI>Call Chain = prvInitialiseNewTimer &rArr; prvCheckForValidListAndQueue &rArr; xQueueGenericCreate &rArr; pvPortMalloc &rArr; xTaskResumeAll &rArr; xTaskIncrementTick
</UL>
<BR>[Calls]<UL><LI><a href="#[188]">&gt;&gt;</a>&nbsp;&nbsp;&nbsp;vListInitialiseItem
<LI><a href="#[179]">&gt;&gt;</a>&nbsp;&nbsp;&nbsp;prvCheckForValidListAndQueue
</UL>
<BR>[Called By]<UL><LI><a href="#[12c]">&gt;&gt;</a>&nbsp;&nbsp;&nbsp;xTimerCreate
</UL>

<P><STRONG><a name="[18b]"></a>prvInsertTimerInActiveList</STRONG> (Thumb, 80 bytes, Stack size 24 bytes, timers.o(i.prvInsertTimerInActiveList))
<BR><BR>[Stack]<UL><LI>Max Depth = 32<LI>Call Chain = prvInsertTimerInActiveList &rArr; vListInsert
</UL>
<BR>[Calls]<UL><LI><a href="#[176]">&gt;&gt;</a>&nbsp;&nbsp;&nbsp;vListInsert
</UL>
<BR>[Called By]<UL><LI><a href="#[18f]">&gt;&gt;</a>&nbsp;&nbsp;&nbsp;prvProcessReceivedCommands
<LI><a href="#[18e]">&gt;&gt;</a>&nbsp;&nbsp;&nbsp;prvProcessExpiredTimer
</UL>

<P><STRONG><a name="[18e]"></a>prvProcessExpiredTimer</STRONG> (Thumb, 94 bytes, Stack size 24 bytes, timers.o(i.prvProcessExpiredTimer))
<BR><BR>[Stack]<UL><LI>Max Depth = 168<LI>Call Chain = prvProcessExpiredTimer &rArr; xTimerGenericCommand &rArr; xQueueGenericSend &rArr; vTaskPlaceOnEventList &rArr; prvAddCurrentTaskToDelayedList &rArr; vListInsert
</UL>
<BR>[Calls]<UL><LI><a href="#[174]">&gt;&gt;</a>&nbsp;&nbsp;&nbsp;uxListRemove
<LI><a href="#[117]">&gt;&gt;</a>&nbsp;&nbsp;&nbsp;xTimerGenericCommand
<LI><a href="#[18b]">&gt;&gt;</a>&nbsp;&nbsp;&nbsp;prvInsertTimerInActiveList
</UL>
<BR>[Called By]<UL><LI><a href="#[191]">&gt;&gt;</a>&nbsp;&nbsp;&nbsp;prvProcessTimerOrBlockTask
</UL>

<P><STRONG><a name="[18f]"></a>prvProcessReceivedCommands</STRONG> (Thumb, 242 bytes, Stack size 40 bytes, timers.o(i.prvProcessReceivedCommands))
<BR><BR>[Stack]<UL><LI>Max Depth = 232<LI>Call Chain = prvProcessReceivedCommands &rArr; prvSampleTimeNow &rArr; prvSwitchTimerLists &rArr; xTimerGenericCommand &rArr; xQueueGenericSend &rArr; vTaskPlaceOnEventList &rArr; prvAddCurrentTaskToDelayedList &rArr; vListInsert
</UL>
<BR>[Calls]<UL><LI><a href="#[184]">&gt;&gt;</a>&nbsp;&nbsp;&nbsp;vPortFree
<LI><a href="#[13e]">&gt;&gt;</a>&nbsp;&nbsp;&nbsp;xQueueGenericReceive
<LI><a href="#[174]">&gt;&gt;</a>&nbsp;&nbsp;&nbsp;uxListRemove
<LI><a href="#[117]">&gt;&gt;</a>&nbsp;&nbsp;&nbsp;xTimerGenericCommand
<LI><a href="#[190]">&gt;&gt;</a>&nbsp;&nbsp;&nbsp;prvSampleTimeNow
<LI><a href="#[18b]">&gt;&gt;</a>&nbsp;&nbsp;&nbsp;prvInsertTimerInActiveList
</UL>
<BR>[Called By]<UL><LI><a href="#[6e]">&gt;&gt;</a>&nbsp;&nbsp;&nbsp;prvTimerTask
</UL>

<P><STRONG><a name="[191]"></a>prvProcessTimerOrBlockTask</STRONG> (Thumb, 102 bytes, Stack size 24 bytes, timers.o(i.prvProcessTimerOrBlockTask))
<BR><BR>[Stack]<UL><LI>Max Depth = 216<LI>Call Chain = prvProcessTimerOrBlockTask &rArr; prvSampleTimeNow &rArr; prvSwitchTimerLists &rArr; xTimerGenericCommand &rArr; xQueueGenericSend &rArr; vTaskPlaceOnEventList &rArr; prvAddCurrentTaskToDelayedList &rArr; vListInsert
</UL>
<BR>[Calls]<UL><LI><a href="#[17e]">&gt;&gt;</a>&nbsp;&nbsp;&nbsp;xTaskResumeAll
<LI><a href="#[17d]">&gt;&gt;</a>&nbsp;&nbsp;&nbsp;vTaskSuspendAll
<LI><a href="#[192]">&gt;&gt;</a>&nbsp;&nbsp;&nbsp;vQueueWaitForMessageRestricted
<LI><a href="#[190]">&gt;&gt;</a>&nbsp;&nbsp;&nbsp;prvSampleTimeNow
<LI><a href="#[18e]">&gt;&gt;</a>&nbsp;&nbsp;&nbsp;prvProcessExpiredTimer
</UL>
<BR>[Called By]<UL><LI><a href="#[6e]">&gt;&gt;</a>&nbsp;&nbsp;&nbsp;prvTimerTask
</UL>

<P><STRONG><a name="[190]"></a>prvSampleTimeNow</STRONG> (Thumb, 40 bytes, Stack size 16 bytes, timers.o(i.prvSampleTimeNow))
<BR><BR>[Stack]<UL><LI>Max Depth = 192<LI>Call Chain = prvSampleTimeNow &rArr; prvSwitchTimerLists &rArr; xTimerGenericCommand &rArr; xQueueGenericSend &rArr; vTaskPlaceOnEventList &rArr; prvAddCurrentTaskToDelayedList &rArr; vListInsert
</UL>
<BR>[Calls]<UL><LI><a href="#[116]">&gt;&gt;</a>&nbsp;&nbsp;&nbsp;xTaskGetTickCount
<LI><a href="#[193]">&gt;&gt;</a>&nbsp;&nbsp;&nbsp;prvSwitchTimerLists
</UL>
<BR>[Called By]<UL><LI><a href="#[191]">&gt;&gt;</a>&nbsp;&nbsp;&nbsp;prvProcessTimerOrBlockTask
<LI><a href="#[18f]">&gt;&gt;</a>&nbsp;&nbsp;&nbsp;prvProcessReceivedCommands
</UL>

<P><STRONG><a name="[193]"></a>prvSwitchTimerLists</STRONG> (Thumb, 150 bytes, Stack size 32 bytes, timers.o(i.prvSwitchTimerLists))
<BR><BR>[Stack]<UL><LI>Max Depth = 176<LI>Call Chain = prvSwitchTimerLists &rArr; xTimerGenericCommand &rArr; xQueueGenericSend &rArr; vTaskPlaceOnEventList &rArr; prvAddCurrentTaskToDelayedList &rArr; vListInsert
</UL>
<BR>[Calls]<UL><LI><a href="#[176]">&gt;&gt;</a>&nbsp;&nbsp;&nbsp;vListInsert
<LI><a href="#[174]">&gt;&gt;</a>&nbsp;&nbsp;&nbsp;uxListRemove
<LI><a href="#[117]">&gt;&gt;</a>&nbsp;&nbsp;&nbsp;xTimerGenericCommand
</UL>
<BR>[Called By]<UL><LI><a href="#[190]">&gt;&gt;</a>&nbsp;&nbsp;&nbsp;prvSampleTimeNow
</UL>

<P><STRONG><a name="[6e]"></a>prvTimerTask</STRONG> (Thumb, 26 bytes, Stack size 8 bytes, timers.o(i.prvTimerTask))
<BR><BR>[Stack]<UL><LI>Max Depth = 240<LI>Call Chain = prvTimerTask &rArr; prvProcessReceivedCommands &rArr; prvSampleTimeNow &rArr; prvSwitchTimerLists &rArr; xTimerGenericCommand &rArr; xQueueGenericSend &rArr; vTaskPlaceOnEventList &rArr; prvAddCurrentTaskToDelayedList &rArr; vListInsert
</UL>
<BR>[Calls]<UL><LI><a href="#[191]">&gt;&gt;</a>&nbsp;&nbsp;&nbsp;prvProcessTimerOrBlockTask
<LI><a href="#[18f]">&gt;&gt;</a>&nbsp;&nbsp;&nbsp;prvProcessReceivedCommands
<LI><a href="#[194]">&gt;&gt;</a>&nbsp;&nbsp;&nbsp;prvGetNextExpireTime
</UL>
<BR>[Address Reference Count : 1]<UL><LI> timers.o(i.xTimerCreateTimerTask)
</UL>
<P><STRONG><a name="[172]"></a>makeFreeRtosPriority</STRONG> (Thumb, 14 bytes, Stack size 0 bytes, cmsis_os.o(i.makeFreeRtosPriority))
<BR><BR>[Called By]<UL><LI><a href="#[12e]">&gt;&gt;</a>&nbsp;&nbsp;&nbsp;osThreadCreate
</UL>

<P><STRONG><a name="[be]"></a>ForceCalibration</STRONG> (Thumb, 40 bytes, Stack size 8 bytes, ad7147_spi.o(i.ForceCalibration))
<BR><BR>[Stack]<UL><LI>Max Depth = 200<LI>Call Chain = ForceCalibration &rArr; ReadFromAD7147 &rArr; ReadFromAD7147ViaSpi &rArr; HAL_SPI_Receive &rArr; HAL_SPI_TransmitReceive &rArr; SPI_EndRxTxTransaction &rArr; SPI_WaitFifoStateUntilTimeout
</UL>
<BR>[Calls]<UL><LI><a href="#[9b]">&gt;&gt;</a>&nbsp;&nbsp;&nbsp;WriteToAD7147
<LI><a href="#[9c]">&gt;&gt;</a>&nbsp;&nbsp;&nbsp;ReadFromAD7147
</UL>
<BR>[Called By]<UL><LI><a href="#[115]">&gt;&gt;</a>&nbsp;&nbsp;&nbsp;ServiceAD7147Isr
</UL>

<P><STRONG><a name="[152]"></a>MD_SaveREGRead</STRONG> (Thumb, 38 bytes, Stack size 12 bytes, modbus_req.o(i.MD_SaveREGRead))
<BR><BR>[Stack]<UL><LI>Max Depth = 12<LI>Call Chain = MD_SaveREGRead
</UL>
<BR>[Called By]<UL><LI><a href="#[6]">&gt;&gt;</a>&nbsp;&nbsp;&nbsp;REQ_SaveRead
</UL>

<P><STRONG><a name="[151]"></a>MD_SaveRead</STRONG> (Thumb, 28 bytes, Stack size 8 bytes, modbus_req.o(i.MD_SaveRead))
<BR><BR>[Stack]<UL><LI>Max Depth = 8<LI>Call Chain = MD_SaveRead
</UL>
<BR>[Called By]<UL><LI><a href="#[6]">&gt;&gt;</a>&nbsp;&nbsp;&nbsp;REQ_SaveRead
</UL>

<P><STRONG><a name="[14f]"></a>REQEnumAddrFun</STRONG> (Thumb, 48 bytes, Stack size 16 bytes, modbus_req.o(i.REQEnumAddrFun))
<BR><BR>[Stack]<UL><LI>Max Depth = 16<LI>Call Chain = REQEnumAddrFun
</UL>
<BR>[Called By]<UL><LI><a href="#[14b]">&gt;&gt;</a>&nbsp;&nbsp;&nbsp;REQ_CallBack
</UL>

<P><STRONG><a name="[14e]"></a>REQEnumErroFun</STRONG> (Thumb, 48 bytes, Stack size 16 bytes, modbus_req.o(i.REQEnumErroFun))
<BR><BR>[Stack]<UL><LI>Max Depth = 16<LI>Call Chain = REQEnumErroFun
</UL>
<BR>[Called By]<UL><LI><a href="#[14b]">&gt;&gt;</a>&nbsp;&nbsp;&nbsp;REQ_CallBack
</UL>

<P><STRONG><a name="[8]"></a>REQ_WriteDatasReceive</STRONG> (Thumb, 92 bytes, Stack size 0 bytes, modbus_req.o(i.REQ_WriteDatasReceive))
<BR>[Address Reference Count : 1]<UL><LI> modbus_req.o(.data)
</UL>
<P><STRONG><a name="[16d]"></a>_printf_core</STRONG> (Thumb, 658 bytes, Stack size 104 bytes, printf5.o(i._printf_core), UNUSED)
<BR><BR>[Calls]<UL><LI><a href="#[7c]">&gt;&gt;</a>&nbsp;&nbsp;&nbsp;__aeabi_uldivmod
</UL>
<BR>[Called By]<UL><LI><a href="#[16c]">&gt;&gt;</a>&nbsp;&nbsp;&nbsp;__0printf$5
</UL>
<P>
<H3>
Undefined Global Symbols
</H3><HR></body></html>
